     VMA      LMA     Size Align Out     In      Symbol
       0        0        0     1 RAM_START = 0x220ea000
       0        0        0     1 RAM_LENGTH = 0x000ea000
       0        0        0     1 FLASH_START = 0x02080000
       0        0        0     1 FLASH_LENGTH = 0x00080000
       0        0        0     1 DATA_FLASH_START = 0x27000000
       0        0        0     1 DATA_FLASH_LENGTH = 0x00000000
       0        0        0     1 SDRAM_START = 0x6c000000
       0        0        0     1 SDRAM_LENGTH = 0x04000000
       0        0        0     1 OSPI0_CS0_START = 0x88000000
       0        0        0     1 OSPI0_CS0_LENGTH = 0x08000000
       0        0        0     1 OSPI0_CS1_START = 0x98000000
       0        0        0     1 OSPI0_CS1_LENGTH = 0x08000000
       0        0        0     1 OSPI1_CS0_START = 0x74000000
       0        0        0     1 OSPI1_CS0_LENGTH = 0x04000000
       0        0        0     1 OSPI1_CS1_START = 0x7c000000
       0        0        0     1 OSPI1_CS1_LENGTH = 0x04000000
       0        0        0     1 OPTION_SETTING_OFS0_START = 0x02c9f040
       0        0        0     1 OPTION_SETTING_OFS0_LENGTH = 0x00000000
       0        0        0     1 OPTION_SETTING_OFS2_START = 0x02c9f044
       0        0        0     1 OPTION_SETTING_OFS2_LENGTH = 0x00000000
       0        0        0     1 OPTION_SETTING_SAS_START = 0x02c9f074
       0        0        0     1 OPTION_SETTING_SAS_LENGTH = 0x00000000
       0        0        0     1 OPTION_SETTING_OFS1_START = 0x12c9f4c0
       0        0        0     1 OPTION_SETTING_OFS1_LENGTH = 0x00000000
       0        0        0     1 OPTION_SETTING_OFS1_SEC_START = 0x02c9f0c0
       0        0        0     1 OPTION_SETTING_OFS1_SEC_LENGTH = 0x00000000
       0        0        0     1 OPTION_SETTING_OFS1_SEL_START = 0x02c9f120
       0        0        0     1 OPTION_SETTING_OFS1_SEL_LENGTH = 0x00000000
       0        0        0     1 OPTION_SETTING_OFS3_START = 0x12c9f4c4
       0        0        0     1 OPTION_SETTING_OFS3_LENGTH = 0x00000000
       0        0        0     1 OPTION_SETTING_OFS3_SEC_START = 0x02c9f0c4
       0        0        0     1 OPTION_SETTING_OFS3_SEC_LENGTH = 0x00000000
       0        0        0     1 OPTION_SETTING_OFS3_SEL_START = 0x02c9f124
       0        0        0     1 OPTION_SETTING_OFS3_SEL_LENGTH = 0x00000000
       0        0        0     1 OPTION_SETTING_BPS_START = 0x12c9f600
       0        0        0     1 OPTION_SETTING_BPS_LENGTH = 0x00000000
       0        0        0     1 OPTION_SETTING_BPS_SEC_START = 0x02c9f200
       0        0        0     1 OPTION_SETTING_BPS_SEC_LENGTH = 0x00000000
       0        0        0     1 OPTION_SETTING_OTP_FSBLCTRL0_START = 0x02e07600
       0        0        0     1 OPTION_SETTING_OTP_FSBLCTRL0_LENGTH = 0x00000000
       0        0        0     1 OPTION_SETTING_OTP_FSBLCTRL1_START = 0x02e07604
       0        0        0     1 OPTION_SETTING_OTP_FSBLCTRL1_LENGTH = 0x00000000
       0        0        0     1 OPTION_SETTING_OTP_FSBLCTRL2_START = 0x02e07608
       0        0        0     1 OPTION_SETTING_OTP_FSBLCTRL2_LENGTH = 0x00000000
       0        0        0     1 OPTION_SETTING_OTP_SAMR_START = 0x02e07614
       0        0        0     1 OPTION_SETTING_OTP_SAMR_LENGTH = 0x00000000
       0        0        0     1 OPTION_SETTING_OTP_SACC00_START = 0x02e07620
       0        0        0     1 OPTION_SETTING_OTP_SACC00_LENGTH = 0x00000000
       0        0        0     1 OPTION_SETTING_OTP_SACC10_START = 0x02e07630
       0        0        0     1 OPTION_SETTING_OTP_SACC10_LENGTH = 0x00000000
       0        0        0     1 OPTION_SETTING_OTP_SACC01_START = 0x02e07640
       0        0        0     1 OPTION_SETTING_OTP_SACC01_LENGTH = 0x00000000
       0        0        0     1 OPTION_SETTING_OTP_SACC11_START = 0x02e07650
       0        0        0     1 OPTION_SETTING_OTP_SACC11_LENGTH = 0x00000000
       0        0        0     1 OPTION_SETTING_OTP_SACC02_START = 0x02e07660
       0        0        0     1 OPTION_SETTING_OTP_SACC02_LENGTH = 0x00000000
       0        0        0     1 OPTION_SETTING_OTP_SACC12_START = 0x02e07670
       0        0        0     1 OPTION_SETTING_OTP_SACC12_LENGTH = 0x00000000
       0        0        0     1 OPTION_SETTING_OTP_SACC03_START = 0x02e07680
       0        0        0     1 OPTION_SETTING_OTP_SACC03_LENGTH = 0x00000000
       0        0        0     1 OPTION_SETTING_OTP_SACC13_START = 0x02e07690
       0        0        0     1 OPTION_SETTING_OTP_SACC13_LENGTH = 0x00000000
       0        0        0     1 OPTION_SETTING_OTP_PBPS_SEC_START = 0x02e17700
       0        0        0     1 OPTION_SETTING_OTP_PBPS_SEC_LENGTH = 0x00000000
       0        0        0     1 OPTION_SETTING_OTP_PBPS_START = 0x12e17780
       0        0        0     1 OPTION_SETTING_OTP_PBPS_LENGTH = 0x00000000
       0        0        0     1 OPTION_SETTING_OTP_ZHUK_START = 0x02e17920
       0        0        0     1 OPTION_SETTING_OTP_ZHUK_LENGTH = 0x00000000
       0        0        0     1 CTCM_START = 0x00000000
       0        0        0     1 CTCM_LENGTH = 0x00010000
       0        0        0     1 STCM_START = 0x20000000
       0        0        0     1 STCM_LENGTH = 0x00010000
98000000 98000000        0     1 .ospi0_cs1.startof
98000000 98000000        0     1         __ddsc_OSPI0_CS1_START = .
6c000000 6c000000        0     1 .sdram.startof
6c000000 6c000000        0     1         __ddsc_SDRAM_START = .
6c000000 6c000000        0     1 __sdram_from_ospi0_cs1$$
6c000000 6c000000        0     1         __sdram_from_ospi0_cs1$$Base = .
6c000000 6c000000        0     1         __sdram_from_ospi0_cs1$$Load = LOADADDR(__sdram_from_ospi0_cs1$$)
6c000000 6c000000        0     1         __sdram_from_ospi0_cs1$$Limit = .
88000000 88000000        0     1 .ospi0_cs0.startof
88000000 88000000        0     1         __ddsc_OSPI0_CS0_START = .
88000000 88000000        0     1 __ospi0_cs0_from_ospi0_cs1$$
88000000 88000000        0     1         __ospi0_cs0_from_ospi0_cs1$$Base = .
88000000 88000000        0     1         __ospi0_cs0_from_ospi0_cs1$$Load = LOADADDR(__ospi0_cs0_from_ospi0_cs1$$)
88000000 88000000        0     1         __ospi0_cs0_from_ospi0_cs1$$Limit = .
74000000 74000000        0     1 .ospi1_cs0.startof
74000000 74000000        0     1         __ddsc_OSPI1_CS0_START = .
74000000 74000000        0     1 __ospi1_cs0_from_ospi0_cs1$$
74000000 74000000        0     1         __ospi1_cs0_from_ospi0_cs1$$Base = .
74000000 74000000        0     1         __ospi1_cs0_from_ospi0_cs1$$Load = LOADADDR(__ospi1_cs0_from_ospi0_cs1$$)
74000000 74000000        0     1         __ospi1_cs0_from_ospi0_cs1$$Limit = .
       0        0        0     1 .ctcm.startof
       0        0        0     1         __ddsc_CTCM_START = .
       0        0        0     1 __ctcm_from_ospi0_cs1$$
       0        0        0     1         __ctcm_from_ospi0_cs1$$Base = .
       0        0        0     1         __ctcm_from_ospi0_cs1$$Load = LOADADDR(__ctcm_from_ospi0_cs1$$)
       0        0        0     1         __ctcm_from_ospi0_cs1$$Limit = .
20000000 20000000        0     1 .stcm.startof
20000000 20000000        0     1         __ddsc_STCM_START = .
20000000 20000000        0     1 __stcm_from_ospi0_cs1$$
20000000 20000000        0     1         __stcm_from_ospi0_cs1$$Base = .
20000000 20000000        0     1         __stcm_from_ospi0_cs1$$Load = LOADADDR(__stcm_from_ospi0_cs1$$)
20000000 20000000        0     1         __stcm_from_ospi0_cs1$$Limit = .
220ea000 220ea000        0     1 .ram.startof
220ea000 220ea000        0     1         __ddsc_RAM_START = .
220ea000 220ea000        0     1 __ram_dtc_vector$$
220ea000 220ea000        0     1         __ram_dtc_vector$$Base = .
220ea000 220ea000        0     1         __ram_dtc_vector$$Limit = .
220ea000 220ea000        0     1 __ram_from_ospi0_cs1$$
220ea000 220ea000        0     1         __ram_from_ospi0_cs1$$Base = .
220ea000 220ea000        0     1         __ram_from_ospi0_cs1$$Load = LOADADDR(__ram_from_ospi0_cs1$$)
220ea000 220ea000        0     1         __ram_from_ospi0_cs1$$Limit = .
98000000 98000000        0     1 __ospi0_cs1_readonly$$
98000000 98000000        0     1         __ospi0_cs1_readonly$$Base = .
98000000 98000000        0     1         __ospi0_cs1_readonly$$Limit = .
98000000 98000000        0     1 __ospi0_cs1_noinit$$
98000000 98000000        0     1         __ospi0_cs1_noinit$$Base = .
98000000 98000000        0     1         __ospi0_cs1_noinit$$Limit = .
98000000 98000000        0     1 .ospi0_cs1.endof
98000000 98000000        0     1         __ddsc_OSPI0_CS1_END = .
7c000000 7c000000        0     1 .ospi1_cs1.startof
7c000000 7c000000        0     1         __ddsc_OSPI1_CS1_START = .
6c000000 6c000000        0     1 __sdram_from_ospi1_cs1$$
6c000000 6c000000        0     1         __sdram_from_ospi1_cs1$$Base = .
6c000000 6c000000        0     1         __sdram_from_ospi1_cs1$$Load = LOADADDR(__sdram_from_ospi1_cs1$$)
6c000000 6c000000        0     1         __sdram_from_ospi1_cs1$$Limit = .
88000000 88000000        0     1 __ospi0_cs0_from_ospi1_cs1$$
88000000 88000000        0     1         __ospi0_cs0_from_ospi1_cs1$$Base = .
88000000 88000000        0     1         __ospi0_cs0_from_ospi1_cs1$$Load = LOADADDR(__ospi0_cs0_from_ospi1_cs1$$)
88000000 88000000        0     1         __ospi0_cs0_from_ospi1_cs1$$Limit = .
74000000 74000000        0     1 __ospi1_cs0_from_ospi1_cs1$$
74000000 74000000        0     1         __ospi1_cs0_from_ospi1_cs1$$Base = .
74000000 74000000        0     1         __ospi1_cs0_from_ospi1_cs1$$Load = LOADADDR(__ospi1_cs0_from_ospi1_cs1$$)
74000000 74000000        0     1         __ospi1_cs0_from_ospi1_cs1$$Limit = .
       0        0        0     1 __ctcm_from_ospi1_cs1$$
       0        0        0     1         __ctcm_from_ospi1_cs1$$Base = .
       0        0        0     1         __ctcm_from_ospi1_cs1$$Load = LOADADDR(__ctcm_from_ospi1_cs1$$)
       0        0        0     1         __ctcm_from_ospi1_cs1$$Limit = .
20000000 20000000        0     1 __stcm_from_ospi1_cs1$$
20000000 20000000        0     1         __stcm_from_ospi1_cs1$$Base = .
20000000 20000000        0     1         __stcm_from_ospi1_cs1$$Load = LOADADDR(__stcm_from_ospi1_cs1$$)
20000000 20000000        0     1         __stcm_from_ospi1_cs1$$Limit = .
220ea000 220ea000        0     1 __ram_from_ospi1_cs1$$
220ea000 220ea000        0     1         __ram_from_ospi1_cs1$$Base = .
220ea000 220ea000        0     1         __ram_from_ospi1_cs1$$Load = LOADADDR(__ram_from_ospi1_cs1$$)
220ea000 220ea000        0     1         __ram_from_ospi1_cs1$$Limit = .
7c000000 7c000000        0     1 __ospi1_cs1_readonly$$
7c000000 7c000000        0     1         __ospi1_cs1_readonly$$Base = .
7c000000 7c000000        0     1         __ospi1_cs1_readonly$$Limit = .
7c000000 7c000000        0     1 __ospi1_cs1_noinit$$
7c000000 7c000000        0     1         __ospi1_cs1_noinit$$Base = .
7c000000 7c000000        0     1         __ospi1_cs1_noinit$$Limit = .
7c000000 7c000000        0     1 .ospi1_cs1.endof
7c000000 7c000000        0     1         __ddsc_OSPI1_CS1_END = .
27000000 27000000        0     1 .data_flash.startof
27000000 27000000        0     1         __ddsc_DATA_FLASH_START = .
6c000000 6c000000        0     1 __sdram_from_data_flash$$
6c000000 6c000000        0     1         __sdram_from_data_flash$$Base = .
6c000000 6c000000        0     1         __sdram_from_data_flash$$Load = LOADADDR(__sdram_from_data_flash$$)
6c000000 6c000000        0     1         __sdram_from_data_flash$$Limit = .
88000000 88000000        0     1 __ospi0_cs0_from_data_flash$$
88000000 88000000        0     1         __ospi0_cs0_from_data_flash$$Base = .
88000000 88000000        0     1         __ospi0_cs0_from_data_flash$$Load = LOADADDR(__ospi0_cs0_from_data_flash$$)
88000000 88000000        0     1         __ospi0_cs0_from_data_flash$$Limit = .
74000000 74000000        0     1 __ospi1_cs0_from_data_flash$$
74000000 74000000        0     1         __ospi1_cs0_from_data_flash$$Base = .
74000000 74000000        0     1         __ospi1_cs0_from_data_flash$$Load = LOADADDR(__ospi1_cs0_from_data_flash$$)
74000000 74000000        0     1         __ospi1_cs0_from_data_flash$$Limit = .
       0        0        0     1 __ctcm_from_data_flash$$
       0        0        0     1         __ctcm_from_data_flash$$Base = .
       0        0        0     1         __ctcm_from_data_flash$$Load = LOADADDR(__ctcm_from_data_flash$$)
       0        0        0     1         __ctcm_from_data_flash$$Limit = .
20000000 20000000        0     1 __stcm_from_data_flash$$
20000000 20000000        0     1         __stcm_from_data_flash$$Base = .
20000000 20000000        0     1         __stcm_from_data_flash$$Load = LOADADDR(__stcm_from_data_flash$$)
20000000 20000000        0     1         __stcm_from_data_flash$$Limit = .
220ea000 220ea000        0     1 __ram_from_data_flash$$
220ea000 220ea000        0     1         __ram_from_data_flash$$Base = .
220ea000 220ea000        0     1         __ram_from_data_flash$$Load = LOADADDR(__ram_from_data_flash$$)
220ea000 220ea000        0     1         __ram_from_data_flash$$Limit = .
27000000 27000000        0     1 __data_flash_readonly$$
27000000 27000000        0     1         __data_flash_readonly$$Base = .
27000000 27000000        0     1         __data_flash_readonly$$Limit = .
27000000 27000000        0     1 __data_flash_noinit$$
27000000 27000000        0     1         __data_flash_noinit$$Base = .
27000000 27000000        0     1         __data_flash_noinit$$Limit = .
27000000 27000000        0     1 .data_flash.endof
27000000 27000000        0     1         __ddsc_DATA_FLASH_END = .
 2080000  2080000        0     1 .flash.startof
 2080000  2080000        0     1         __ddsc_FLASH_START = .
 2080000  2080000       58     4 __flash_vectors$$
 2080000  2080000        0     1         __flash_vectors$$Base = .
 2080000  2080000        0     1         _VECTORS = .
 2080000  2080000       40     4         ./ra/fsp/src/bsp/cmsis/Device/RENESAS/Source/startup.o:(.fixed_vectors)
 2080000  2080000       40     1                 __Vectors
 2080040  2080040       18     4         ./ra_gen/vector_data.o:(.application_vectors)
 2080040  2080040       18     1                 g_vector_table
 2080058  2080058        0     1         __flash_vectors$$Limit = .
 2080058  2080058        0     1 __flash_noinit$$
 2080058  2080058        0     1         __flash_noinit$$Base = .
 2080058  2080058        0     1         __flash_noinit$$Limit = .
6c000000 6c000000        0     1 __sdram_from_flash$$
6c000000 6c000000        0     1         __sdram_from_flash$$Base = .
6c000000 6c000000        0     1         __sdram_from_flash$$Load = LOADADDR(__sdram_from_flash$$)
6c000000 6c000000        0     1         __sdram_from_flash$$Limit = .
6c000000 6c000000        0     1 __sdram_noinit_nocache$$
6c000000 6c000000        0     1         __sdram_noinit_nocache$$Base = .
6c000000 6c000000        0     1         __sdram_noinit_nocache$$Limit = .
6c000000 6c000000        0     1 __sdram_zero_nocache$$
6c000000 6c000000        0     1         __sdram_zero_nocache$$Base = .
6c000000 6c000000        0     1         . = ALIGN(32)
6c000000 6c000000        0     1         __sdram_zero_nocache$$Limit = .
6c000000 6c000000        0     1 __sdram_noinit$$
6c000000 6c000000        0     1         __sdram_noinit$$Base = .
6c000000 6c000000        0     1         __sdram_noinit$$Limit = .
6c000000 6c000000        0     1 __sdram_zero$$
6c000000 6c000000        0     1         __sdram_zero$$Base = .
6c000000 6c000000        0     1         __sdram_zero$$Limit = .
6c000000 6c000000        0     1 .sdram.endof
6c000000 6c000000        0     1         __ddsc_SDRAM_END = .
88000000 88000000        0     1 __ospi0_cs0_from_flash$$
88000000 88000000        0     1         __ospi0_cs0_from_flash$$Base = .
88000000 88000000        0     1         __ospi0_cs0_from_flash$$Load = LOADADDR(__ospi0_cs0_from_flash$$)
88000000 88000000        0     1         __ospi0_cs0_from_flash$$Limit = .
88000000 88000000        0     1 __ospi0_cs0_noinit_nocache$$
88000000 88000000        0     1         __ospi0_cs0_noinit_nocache$$Base = .
88000000 88000000        0     1         __ospi0_cs0_noinit_nocache$$Limit = .
88000000 88000000        0     1 __ospi0_cs0_zero_nocache$$
88000000 88000000        0     1         __ospi0_cs0_zero_nocache$$Base = .
88000000 88000000        0     1         . = ALIGN(32)
88000000 88000000        0     1         __ospi0_cs0_zero_nocache$$Limit = .
88000000 88000000        0     1 __ospi0_cs0_noinit$$
88000000 88000000        0     1         __ospi0_cs0_noinit$$Base = .
88000000 88000000        0     1         __ospi0_cs0_noinit$$Limit = .
88000000 88000000        0     1 __ospi0_cs0_zero$$
88000000 88000000        0     1         __ospi0_cs0_zero$$Base = .
88000000 88000000        0     1         __ospi0_cs0_zero$$Limit = .
88000000 88000000        0     1 .ospi0_cs0.endof
88000000 88000000        0     1         __ddsc_OSPI0_CS0_END = .
74000000 74000000        0     1 __ospi1_cs0_from_flash$$
74000000 74000000        0     1         __ospi1_cs0_from_flash$$Base = .
74000000 74000000        0     1         __ospi1_cs0_from_flash$$Load = LOADADDR(__ospi1_cs0_from_flash$$)
74000000 74000000        0     1         __ospi1_cs0_from_flash$$Limit = .
74000000 74000000        0     1 __ospi1_cs0_noinit_nocache$$
74000000 74000000        0     1         __ospi1_cs0_noinit_nocache$$Base = .
74000000 74000000        0     1         __ospi1_cs0_noinit_nocache$$Limit = .
74000000 74000000        0     1 __ospi1_cs0_zero_nocache$$
74000000 74000000        0     1         __ospi1_cs0_zero_nocache$$Base = .
74000000 74000000        0     1         . = ALIGN(32)
74000000 74000000        0     1         __ospi1_cs0_zero_nocache$$Limit = .
74000000 74000000        0     1 __ospi1_cs0_noinit$$
74000000 74000000        0     1         __ospi1_cs0_noinit$$Base = .
74000000 74000000        0     1         __ospi1_cs0_noinit$$Limit = .
74000000 74000000        0     1 __ospi1_cs0_zero$$
74000000 74000000        0     1         __ospi1_cs0_zero$$Base = .
74000000 74000000        0     1         __ospi1_cs0_zero$$Limit = .
74000000 74000000        0     1 .ospi1_cs0.endof
74000000 74000000        0     1         __ddsc_OSPI1_CS0_END = .
       0        0        0     1 __ctcm_from_flash$$
       0        0        0     1         __ctcm_from_flash$$Base = .
       0        0        0     1         __ctcm_from_flash$$Load = LOADADDR(__ctcm_from_flash$$)
       0        0        0     1         __ctcm_from_flash$$Limit = .
       0        0        0     1 __ctcm_noinit$$
       0        0        0     1         __ctcm_noinit$$Base = .
       0        0        0     1         __ctcm_noinit$$Limit = .
       0        0        0     1 __ctcm_zero$$
       0        0        0     1         __ctcm_zero$$Base = .
       0        0        0     1         __ctcm_zero$$Limit = .
       0        0        0     1 .ctcm.endof
       0        0        0     1         __ddsc_CTCM_END = .
20000000 20000000        0     1 __stcm_from_flash$$
20000000 20000000        0     1         __stcm_from_flash$$Base = .
20000000 20000000        0     1         __stcm_from_flash$$Load = LOADADDR(__stcm_from_flash$$)
20000000 20000000        0     1         __stcm_from_flash$$Limit = .
20000000 20000000        0     1 __stcm_noinit$$
20000000 20000000        0     1         __stcm_noinit$$Base = .
20000000 20000000        0     1         __stcm_noinit$$Limit = .
20000000 20000000        0     1 __stcm_zero$$
20000000 20000000        0     1         __stcm_zero$$Base = .
20000000 20000000        0     1         __stcm_zero$$Limit = .
20000000 20000000        0     1 .stcm.endof
20000000 20000000        0     1         __ddsc_STCM_END = .
220ea000  2080058      120     8 __ram_from_flash$$
220ea000  2080058        0     1         __ram_from_flash$$Base = .
220ea000  2080058        0     1         __ram_from_flash$$Load = LOADADDR(__ram_from_flash$$)
220ea000  2080058       70     4         ./src/hardware/fruit_ui.o:(.data.g_targets)
220ea000  2080058       70     1                 g_targets
220ea070  20800c8       10     4         ./ra_gen/hal_data.o:(.data.g_canfd0_bit_timing_cfg)
220ea070  20800c8       10     1                 g_canfd0_bit_timing_cfg
220ea080  20800d8       10     4         ./ra_gen/hal_data.o:(.data.g_canfd0_data_timing_cfg)
220ea080  20800d8       10     1                 g_canfd0_data_timing_cfg
220ea090  20800e8       1c     4         ./ra_gen/hal_data.o:(.data.g_canfd0_global_cfg)
220ea090  20800e8       1c     1                 g_canfd0_global_cfg
220ea0b0  2080108       20     8         ./ra_gen/hal_data.o:(.data.g_canfd0_extended_cfg)
220ea0b0  2080108       20     1                 g_canfd0_extended_cfg
220ea0d0  2080128       28     4         ./ra/lvgl/lvgl/src/widgets/keyboard/lv_keyboard.o:(.data.kb_map)
220ea0d0  2080128       28     1                 kb_map
220ea0f8  2080150       28     4         ./ra/lvgl/lvgl/src/widgets/keyboard/lv_keyboard.o:(.data.kb_ctrl)
220ea0f8  2080150       28     1                 kb_ctrl
220ea120  2080178        0     1         __ram_from_flash$$Limit = .
220ea120 220ea120        0     1 __ram_noinit_nocache$$
220ea120 220ea120        0     1         __ram_noinit_nocache$$Base = .
220ea120 220ea120        0     1         __ram_noinit_nocache$$Limit = .
220ea120 220ea120        0     1 __ram_zero_nocache$$
220ea120 220ea120        0     1         __ram_zero_nocache$$Base = .
220ea120 220ea120        0     1         . = ALIGN(32)
220ea120 220ea120        0     1         __ram_zero_nocache$$Limit = .
220ea120 220ea120     402c     8 __ram_noinit$$
220ea120 220ea120        0     1         __ram_noinit$$Base = .
220ea120 220ea120     4000     8         ./ra/fsp/src/bsp/cmsis/Device/RENESAS/Source/startup.o:(.bss.g_main_stack)
220ea120 220ea120     4000     1                 g_main_stack
220ee120 220ee120       2c     4         ./ra/fsp/src/bsp/mcu/all/bsp_clocks.o:(.ram_noinit)
220ee120 220ee120       2c     1                 g_clock_freq
220ee14c 220ee14c        0     1         __ram_noinit$$Limit = .
220ee14c 220ee14c    1d85c     4 __ram_zero$$
220ee14c 220ee14c        0     1         __ram_zero$$Base = .
220ee14c 220ee14c        1     1         ./src/hardware/canfd0.o:(.bss.canfd0_rx_cnt)
220ee14c 220ee14c        1     1                 canfd0_rx_cnt
220ee14d 220ee14d        1     1         ./src/hardware/canfd0.o:(.bss.canfd0_rx_complete_flag)
220ee14d 220ee14d        1     1                 canfd0_rx_complete_flag
220ee14e 220ee14e        1     1         ./src/hardware/canfd0.o:(.bss.canfd0_tx_complete_flag)
220ee14e 220ee14e        1     1                 canfd0_tx_complete_flag
220ee14f 220ee14f        1     1         ./src/hardware/canfd0.o:(.bss.canfd0_err_status_flag)
220ee14f 220ee14f        1     1                 canfd0_err_status_flag
220ee150 220ee150        2     2         ./src/hardware/canfd0.o:(.bss.canfd0_error_status)
220ee150 220ee150        2     1                 canfd0_error_status
220ee154 220ee154      17c     4         ./src/hardware/canfd0.o:(.bss.canfd0_rx_frames)
220ee154 220ee154      17c     1                 canfd0_rx_frames
220ee2d0 220ee2d0       4c     4         ./src/hardware/canfd0.o:(.bss.canfd0_tx_frame)
220ee2d0 220ee2d0       4c     1                 canfd0_tx_frame
220ee31c 220ee31c        1     1         ./src/hardware/fruit_ui.o:(.bss.g_style_ready)
220ee31c 220ee31c        1     1                 g_style_ready
220ee320 220ee320        c     4         ./src/hardware/fruit_ui.o:(.bss.g_style_screen)
220ee320 220ee320        c     1                 g_style_screen
220ee32c 220ee32c        c     4         ./src/hardware/fruit_ui.o:(.bss.g_style_card)
220ee32c 220ee32c        c     1                 g_style_card
220ee338 220ee338        c     4         ./src/hardware/fruit_ui.o:(.bss.g_style_button)
220ee338 220ee338        c     1                 g_style_button
220ee344 220ee344        c     4         ./src/hardware/fruit_ui.o:(.bss.g_style_button_alt)
220ee344 220ee344        c     1                 g_style_button_alt
220ee350 220ee350        c     4         ./src/hardware/fruit_ui.o:(.bss.g_style_chip)
220ee350 220ee350        c     1                 g_style_chip
220ee35c 220ee35c        1     1         ./src/hardware/fruit_ui.o:(.bss.g_selected)
220ee35c 220ee35c        1     1                 g_selected
220ee35d 220ee35d        1     1         ./src/hardware/ft6336.o:(.bss.g_ft6336_last_read_ok)
220ee35d 220ee35d        1     1                 g_ft6336_last_read_ok
220ee35e 220ee35e        1     1         ./src/hardware/ft6336.o:(.bss.g_ft6336_last_touches)
220ee35e 220ee35e        1     1                 g_ft6336_last_touches
220ee35f 220ee35f       10     1         ./src/hardware/ft6336.o:(.bss.g_ft6336_last_frame)
220ee35f 220ee35f       10     1                 g_ft6336_last_frame
220ee36f 220ee36f        1     1         ./src/hardware/ft6336.o:(.bss.g_ft6336_last_chip_id)
220ee36f 220ee36f        1     1                 g_ft6336_last_chip_id
220ee370 220ee370        1     1         ./src/hardware/ft6336.o:(.bss.g_ft6336_last_vendor_id)
220ee370 220ee370        1     1                 g_ft6336_last_vendor_id
220ee371 220ee371        1     1         ./src/hardware/ft6336.o:(.bss.g_ft6336_last_focaltech_id)
220ee371 220ee371        1     1                 g_ft6336_last_focaltech_id
220ee372 220ee372     4b00     1         ./src/hardware/lv_port_disp.o:(.bss.buf_1)
220ee372 220ee372     4b00     1                 buf_1
220f2e74 220f2e74        4     4         ./src/hardware/lv_port_indev.o:(.bss.g_last_x)
220f2e74 220f2e74        4     1                 g_last_x
220f2e78 220f2e78        4     4         ./src/hardware/lv_port_indev.o:(.bss.g_last_y)
220f2e78 220f2e78        4     1                 g_last_y
220f2e7c 220f2e7c        1     1         ./src/hardware/lv_port_indev.o:(.bss.g_last_pressed)
220f2e7c 220f2e7c        1     1                 g_last_pressed
220f2e7d 220f2e7d        1     1         ./src/hardware/lv_port_indev.o:(.bss.g_release_streak)
220f2e7d 220f2e7d        1     1                 g_release_streak
220f2e80 220f2e80        4     4         ./src/hardware/lv_port_indev.o:(.bss.g_touch_indev)
220f2e80 220f2e80        4     1                 g_touch_indev
220f2e84 220f2e84        1     1         ./src/Can_Thread_entry.o:(.bss.ipc0_callback.receive_state)
220f2e84 220f2e84        1     1                 ipc0_callback.receive_state
220f2e88 220f2e88        4     4         ./src/Can_Thread_entry.o:(.bss.ipc0_callback.x_bits)
220f2e88 220f2e88        4     1                 ipc0_callback.x_bits
220f2e8c 220f2e8c        4     4         ./src/Can_Thread_entry.o:(.bss.g_ipc_pos_x)
220f2e8c 220f2e8c        4     1                 g_ipc_pos_x
220f2e90 220f2e90        4     4         ./src/Can_Thread_entry.o:(.bss.g_ipc_pos_y)
220f2e90 220f2e90        4     1                 g_ipc_pos_y
220f2e94 220f2e94        1     1         ./src/Can_Thread_entry.o:(.bss.g_ipc_coordinate_ready)
220f2e94 220f2e94        1     1                 g_ipc_coordinate_ready
220f2e98 220f2e98       60     4         ./ra_gen/Can_Thread.o:(.bss.Can_Thread_memory)
220f2e98 220f2e98       60     1                 Can_Thread_memory
220f2ef8 220f2ef8        4     4         ./ra_gen/Can_Thread.o:(.bss.Can_Thread)
220f2ef8 220f2ef8        4     1                 Can_Thread
220f2efc 220f2efc       60     4         ./ra_gen/Screen_Thread.o:(.bss.Screen_Thread_memory)
220f2efc 220f2efc       60     1                 Screen_Thread_memory
220f2f5c 220f2f5c        4     4         ./ra_gen/Screen_Thread.o:(.bss.Screen_Thread)
220f2f5c 220f2f5c        4     1                 Screen_Thread
220f2f60 220f2f60        8     4         ./ra_gen/common_data.o:(.bss.g_ioport_ctrl)
220f2f60 220f2f60        8     1                 g_ioport_ctrl
220f2f68 220f2f68       1c     4         ./ra_gen/hal_data.o:(.bss.g_ipc0_ctrl)
220f2f68 220f2f68       1c     1                 g_ipc0_ctrl
220f2f84 220f2f84       1c     4         ./ra_gen/hal_data.o:(.bss.g_canfd0_ctrl)
220f2f84 220f2f84       1c     1                 g_canfd0_ctrl
220f2fa0 220f2fa0        4     4         ./ra_gen/main.o:(.bss.g_fsp_common_initialized_semaphore)
220f2fa0 220f2fa0        4     1                 g_fsp_common_initialized_semaphore
220f2fa4 220f2fa4        1     1         ./ra_gen/main.o:(.bss.g_fsp_common_initialized)
220f2fa4 220f2fa4        1     1                 g_fsp_common_initialized
220f2fa8 220f2fa8        4     4         ./ra_gen/main.o:(.bss.g_fsp_common_thread_count)
220f2fa8 220f2fa8        4     1                 g_fsp_common_thread_count
220f2fac 220f2fac       48     4         ./ra_gen/main.o:(.bss.g_fsp_common_initialized_semaphore_memory)
220f2fac 220f2fac       48     1                 g_fsp_common_initialized_semaphore_memory
220f2ff4 220f2ff4       60     4         ./ra_gen/main.o:(.bss.vApplicationGetIdleTaskMemory.xIdleTaskTCB)
220f2ff4 220f2ff4       60     1                 vApplicationGetIdleTaskMemory.xIdleTaskTCB
220f3054 220f3054      200     4         ./ra_gen/main.o:(.bss.vApplicationGetIdleTaskMemory.uxIdleTaskStack)
220f3054 220f3054      200     1                 vApplicationGetIdleTaskMemory.uxIdleTaskStack
220f3254 220f3254       60     4         ./ra_gen/main.o:(.bss.vApplicationGetTimerTaskMemory.xTimerTaskTCB)
220f3254 220f3254       60     1                 vApplicationGetTimerTaskMemory.xTimerTaskTCB
220f32b4 220f32b4      200     4         ./ra_gen/main.o:(.bss.vApplicationGetTimerTaskMemory.uxTimerTaskStack)
220f32b4 220f32b4      200     1                 vApplicationGetTimerTaskMemory.uxTimerTaskStack
220f34b4 220f34b4        4     4         ./ra/lvgl/lvgl/src/widgets/textarea/lv_textarea.o:(.bss.ta_insert_replace)
220f34b4 220f34b4        4     1                 ta_insert_replace
220f34b8 220f34b8    10000     4         ./ra/lvgl/lvgl/src/stdlib/builtin/lv_mem_core_builtin.o:(.bss.lv_mem_init.work_mem_int)
220f34b8 220f34b8    10000     1                 lv_mem_init.work_mem_int
221034b8 221034b8      1f8     4         ./ra/lvgl/lvgl/src/lv_init.o:(.bss.lv_global)
221034b8 221034b8      1f8     1                 lv_global
221036b0 221036b0        4     4         ./ra/fsp/src/rm_freertos_port/port.o:(.bss.uxCriticalNesting)
221036b0 221036b0        4     1                 uxCriticalNesting
221036b4 221036b4        4     4         ./ra/fsp/src/rm_freertos_port/port.o:(.bss.g_mask_level_before_disable)
221036b4 221036b4        4     1                 g_mask_level_before_disable
221036b8 221036b8        8     4         ./ra/fsp/src/r_canfd/r_canfd.o:(.bss.gp_ctrl)
221036b8 221036b8        8     1                 gp_ctrl
221036c0 221036c0       54     4         ./ra/fsp/src/bsp/mcu/all/bsp_group_irq.o:(.bss.g_bsp_group_irq_sources)
221036c0 221036c0       54     1                 g_bsp_group_irq_sources
22103714 22103714        4     4         ./ra/fsp/src/bsp/mcu/all/bsp_io.o:(.bss.g_protect_pfswe_counter)
22103714 22103714        4     1                 g_protect_pfswe_counter
22103718 22103718       18     4         ./ra/fsp/src/bsp/mcu/all/bsp_irq.o:(.bss.gp_renesas_isr_context)
22103718 22103718       18     1                 gp_renesas_isr_context
22103730 22103730        a     2         ./ra/fsp/src/bsp/mcu/all/bsp_register_protection.o:(.bss.g_protect_counters)
22103730 22103730        a     1                 g_protect_counters
2210373c 2210373c        4     4         ./ra/fsp/src/bsp/cmsis/Device/RENESAS/Source/system.o:(.bss.SystemCoreClock)
2210373c 2210373c        4     1                 SystemCoreClock
22103740 22103740        4     4         ./ra/aws/FreeRTOS/FreeRTOS/Source/portable/MemMang/heap_4.o:(.bss.pxEnd)
22103740 22103740        4     1                 pxEnd
22103744 22103744        4     4         ./ra/aws/FreeRTOS/FreeRTOS/Source/portable/MemMang/heap_4.o:(.bss.xFreeBytesRemaining)
22103744 22103744        4     1                 xFreeBytesRemaining
22103748 22103748        8     4         ./ra/aws/FreeRTOS/FreeRTOS/Source/portable/MemMang/heap_4.o:(.bss.xStart)
22103748 22103748        8     1                 xStart
22103750 22103750     8000     1         ./ra/aws/FreeRTOS/FreeRTOS/Source/portable/MemMang/heap_4.o:(.bss.ucHeap)
22103750 22103750     8000     1                 ucHeap
2210b750 2210b750        4     4         ./ra/aws/FreeRTOS/FreeRTOS/Source/portable/MemMang/heap_4.o:(.bss.xNumberOfSuccessfulFrees)
2210b750 2210b750        4     1                 xNumberOfSuccessfulFrees
2210b754 2210b754       50     4         ./ra/aws/FreeRTOS/FreeRTOS/Source/queue.o:(.bss.xQueueRegistry)
2210b754 2210b754       50     1                 xQueueRegistry
2210b7a4 2210b7a4        4     4         ./ra/aws/FreeRTOS/FreeRTOS/Source/tasks.o:(.bss.pxCurrentTCB)
2210b7a4 2210b7a4        4     1                 pxCurrentTCB
2210b7a8 2210b7a8        4     4         ./ra/aws/FreeRTOS/FreeRTOS/Source/tasks.o:(.bss.uxTaskNumber)
2210b7a8 2210b7a8        4     1                 uxTaskNumber
2210b7ac 2210b7ac        4     4         ./ra/aws/FreeRTOS/FreeRTOS/Source/tasks.o:(.bss.xSchedulerRunning)
2210b7ac 2210b7ac        4     1                 xSchedulerRunning
2210b7b0 2210b7b0       14     4         ./ra/aws/FreeRTOS/FreeRTOS/Source/tasks.o:(.bss.xTasksWaitingTermination)
2210b7b0 2210b7b0       14     1                 xTasksWaitingTermination
2210b7c4 2210b7c4        4     4         ./ra/aws/FreeRTOS/FreeRTOS/Source/tasks.o:(.bss.uxDeletedTasksWaitingCleanUp)
2210b7c4 2210b7c4        4     1                 uxDeletedTasksWaitingCleanUp
2210b7c8 2210b7c8        4     4         ./ra/aws/FreeRTOS/FreeRTOS/Source/tasks.o:(.bss.uxCurrentNumberOfTasks)
2210b7c8 2210b7c8        4     1                 uxCurrentNumberOfTasks
2210b7cc 2210b7cc        4     4         ./ra/aws/FreeRTOS/FreeRTOS/Source/tasks.o:(.bss.uxSchedulerSuspended)
2210b7cc 2210b7cc        4     1                 uxSchedulerSuspended
2210b7d0 2210b7d0        4     4         ./ra/aws/FreeRTOS/FreeRTOS/Source/tasks.o:(.bss.xTickCount)
2210b7d0 2210b7d0        4     1                 xTickCount
2210b7d4 2210b7d4       64     4         ./ra/aws/FreeRTOS/FreeRTOS/Source/tasks.o:(.bss.pxReadyTasksLists)
2210b7d4 2210b7d4       64     1                 pxReadyTasksLists
2210b838 2210b838        4     4         ./ra/aws/FreeRTOS/FreeRTOS/Source/tasks.o:(.bss.uxTopReadyPriority)
2210b838 2210b838        4     1                 uxTopReadyPriority
2210b83c 2210b83c       14     4         ./ra/aws/FreeRTOS/FreeRTOS/Source/tasks.o:(.bss.xSuspendedTaskList)
2210b83c 2210b83c       14     1                 xSuspendedTaskList
2210b850 2210b850        4     4         ./ra/aws/FreeRTOS/FreeRTOS/Source/tasks.o:(.bss.xYieldPendings)
2210b850 2210b850        4     1                 xYieldPendings
2210b854 2210b854       14     4         ./ra/aws/FreeRTOS/FreeRTOS/Source/tasks.o:(.bss.xPendingReadyList)
2210b854 2210b854       14     1                 xPendingReadyList
2210b868 2210b868        4     4         ./ra/aws/FreeRTOS/FreeRTOS/Source/tasks.o:(.bss.xNextTaskUnblockTime)
2210b868 2210b868        4     1                 xNextTaskUnblockTime
2210b86c 2210b86c        4     4         ./ra/aws/FreeRTOS/FreeRTOS/Source/tasks.o:(.bss.xIdleTaskHandles.0)
2210b86c 2210b86c        4     1                 xIdleTaskHandles.0
2210b870 2210b870        4     4         ./ra/aws/FreeRTOS/FreeRTOS/Source/tasks.o:(.bss.xPendedTicks)
2210b870 2210b870        4     1                 xPendedTicks
2210b874 2210b874        4     4         ./ra/aws/FreeRTOS/FreeRTOS/Source/tasks.o:(.bss.pxDelayedTaskList)
2210b874 2210b874        4     1                 pxDelayedTaskList
2210b878 2210b878        4     4         ./ra/aws/FreeRTOS/FreeRTOS/Source/tasks.o:(.bss.pxOverflowDelayedTaskList)
2210b878 2210b878        4     1                 pxOverflowDelayedTaskList
2210b87c 2210b87c        4     4         ./ra/aws/FreeRTOS/FreeRTOS/Source/tasks.o:(.bss.xNumOfOverflows)
2210b87c 2210b87c        4     1                 xNumOfOverflows
2210b880 2210b880       14     4         ./ra/aws/FreeRTOS/FreeRTOS/Source/tasks.o:(.bss.xDelayedTaskList1)
2210b880 2210b880       14     1                 xDelayedTaskList1
2210b894 2210b894       14     4         ./ra/aws/FreeRTOS/FreeRTOS/Source/tasks.o:(.bss.xDelayedTaskList2)
2210b894 2210b894       14     1                 xDelayedTaskList2
2210b8a8 2210b8a8        4     4         ./ra/aws/FreeRTOS/FreeRTOS/Source/timers.o:(.bss.xTimerQueue)
2210b8a8 2210b8a8        4     1                 xTimerQueue
2210b8ac 2210b8ac        4     4         ./ra/aws/FreeRTOS/FreeRTOS/Source/timers.o:(.bss.xTimerTaskHandle)
2210b8ac 2210b8ac        4     1                 xTimerTaskHandle
2210b8b0 2210b8b0        4     4         ./ra/aws/FreeRTOS/FreeRTOS/Source/timers.o:(.bss.pxCurrentTimerList)
2210b8b0 2210b8b0        4     1                 pxCurrentTimerList
2210b8b4 2210b8b4        4     4         ./ra/aws/FreeRTOS/FreeRTOS/Source/timers.o:(.bss.pxOverflowTimerList)
2210b8b4 2210b8b4        4     1                 pxOverflowTimerList
2210b8b8 2210b8b8        4     4         ./ra/aws/FreeRTOS/FreeRTOS/Source/timers.o:(.bss.prvSampleTimeNow.xLastTime)
2210b8b8 2210b8b8        4     1                 prvSampleTimeNow.xLastTime
2210b8bc 2210b8bc       14     4         ./ra/aws/FreeRTOS/FreeRTOS/Source/timers.o:(.bss.xActiveTimerList1)
2210b8bc 2210b8bc       14     1                 xActiveTimerList1
2210b8d0 2210b8d0       14     4         ./ra/aws/FreeRTOS/FreeRTOS/Source/timers.o:(.bss.xActiveTimerList2)
2210b8d0 2210b8d0       14     1                 xActiveTimerList2
2210b8e4 2210b8e4       48     4         ./ra/aws/FreeRTOS/FreeRTOS/Source/timers.o:(.bss.prvCheckForValidListAndQueue.xStaticTimerQueue)
2210b8e4 2210b8e4       48     1                 prvCheckForValidListAndQueue.xStaticTimerQueue
2210b92c 2210b92c       78     1         ./ra/aws/FreeRTOS/FreeRTOS/Source/timers.o:(.bss.prvCheckForValidListAndQueue.ucStaticTimerQueueStorage)
2210b92c 2210b92c       78     1                 prvCheckForValidListAndQueue.ucStaticTimerQueueStorage
2210b9a4 2210b9a4        4     4         D:\\FSP\\toolchains\\llvm_arm\\ATfE-21.1.1-Windows-x86_64\\bin\\..\\lib\\clang-runtimes/arm-none-eabi/armv8m.main_hard_fp_exn_rtti_unaligned_size\\lib\libc.a(libc_picolib_machine_arm_tls.c.o):(.bss.__tls)
2210b9a4 2210b9a4        4     1                 __tls
2210b9a8 2210b9a8        0     1         __ram_zero$$Limit = .
2210b9a8 2210b9a8        0     1 __ram_tdata$$
2210b9a8 2210b9a8        0     1         __ram_tdata$$Base = .
2210b9a8 2210b9a8        0     1         __ram_tdata$$Load = LOADADDR(__ram_tdata$$)
2210b9a8 2210b9a8        0     1         __ram_tdata$$Limit = .
2210b9a8 2210b9a8        0     1 __ram_tbss$$
2210b9a8 2210b9a8        0     1         __ram_tbss$$Base = .
2210b9a8 2210b9a8        0     1         __ram_tbss$$Limit = .
2210b9a8 2210b9a8     3000     8 __ram_thread_stack$$
2210b9a8 2210b9a8        0     1         __ram_thread_stack$$Base = .
2210b9a8 2210b9a8     1000     8         ./ra_gen/Can_Thread.o:(.stack.Can_Thread)
2210b9a8 2210b9a8     1000     1                 Can_Thread_stack
2210c9a8 2210c9a8     2000     8         ./ra_gen/Screen_Thread.o:(.stack.Screen_Thread)
2210c9a8 2210c9a8     2000     1                 Screen_Thread_stack
2210e9a8 2210e9a8        0     1         __ram_thread_stack$$Limit = .
2210ea00 2210ea00        0     1 .ram.endof
2210ea00 2210ea00        0     1         __ddsc_RAM_END = .
2210ea00 2210ea00        0     1 .ram.flat_nsc
2210ea00 2210ea00        0     1         __ddsc_RAM_NSC = .
 2080178  2080178    4b656     8 __flash_readonly$$
 2080178  2080178        0     1         __flash_readonly$$Base = .
 2080178  2080178       38     2         ./src/hardware/canfd0.o:(.text.CANFD0_Init)
 2080178  2080178        0     1                 $t
 2080179  2080179       38     1                 CANFD0_Init
 20801b0  20801b0       c6     2         ./src/hardware/canfd0.o:(.text.canfd0_callback)
 20801b0  20801b0        0     1                 $t
 20801b1  20801b1       c6     1                 canfd0_callback
 2080278  2080278      148     8         ./src/hardware/canfd0.o:(.text.CANFD0_Operation_1)
 2080278  2080278        0     1                 $t
 2080279  2080279      148     1                 CANFD0_Operation_1
 20803b0  20803b0        0     1                 $d
 20803c0  20803c0      148     8         ./src/hardware/canfd0.o:(.text.CANFD0_Operation_2)
 20803c0  20803c0        0     1                 $t
 20803c1  20803c1      148     1                 CANFD0_Operation_2
 20804f8  20804f8        0     1                 $d
 2080508  2080508      148     8         ./src/hardware/canfd0.o:(.text.CANFD0_Operation_3)
 2080508  2080508        0     1                 $t
 2080509  2080509      148     1                 CANFD0_Operation_3
 2080640  2080640        0     1                 $d
 2080650  2080650      148     8         ./src/hardware/canfd0.o:(.text.CANFD0_Operation_5)
 2080650  2080650        0     1                 $t
 2080651  2080651      148     1                 CANFD0_Operation_5
 2080788  2080788        0     1                 $d
 2080798  2080798       6c     2         ./src/hardware/canfd0.o:(.text.run)
 2080798  2080798        0     1                 $t
 2080799  2080799       6c     1                 run
 2080804  2080804        e     2         ./src/hardware/fruit_ui.o:(.text.fruit_ui_create)
 2080804  2080804        0     1                 $t
 2080805  2080805        e     1                 fruit_ui_create
 2080812  2080812      1f2     2         ./src/hardware/fruit_ui.o:(.text.init_styles)
 2080812  2080812        0     1                 $t
 2080813  2080813      1f2     1                 init_styles
 2080a04  2080a04      234     4         ./src/hardware/fruit_ui.o:(.text.show_home)
 2080a04  2080a04        0     1                 $t
 2080a05  2080a05      234     1                 show_home
 2080c38  2080c38       2e     2         ./src/hardware/fruit_ui.o:(.text.prepare_screen)
 2080c38  2080c38        0     1                 $t
 2080c39  2080c39       2e     1                 prepare_screen
 2080c66  2080c66       44     2         ./src/hardware/fruit_ui.o:(.text.add_label)
 2080c66  2080c66        0     1                 $t
 2080c67  2080c67       44     1                 add_label
 2080caa  2080caa       4a     2         ./src/hardware/fruit_ui.o:(.text.add_card)
 2080caa  2080caa        0     1                 $t
 2080cab  2080cab       4a     1                 add_card
 2080cf4  2080cf4       68     2         ./src/hardware/fruit_ui.o:(.text.add_button)
 2080cf4  2080cf4        0     1                 $t
 2080cf5  2080cf5       68     1                 add_button
 2080d5c  2080d5c       14     2         ./src/hardware/fruit_ui.o:(.text.on_home_start)
 2080d5c  2080d5c        0     1                 $t
 2080d5d  2080d5d       14     1                 on_home_start
 2080d70  2080d70       e2     2         ./src/hardware/fruit_ui.o:(.text.show_select)
 2080d70  2080d70        0     1                 $t
 2080d71  2080d71       e2     1                 show_select
 2080e52  2080e52       58     2         ./src/hardware/fruit_ui.o:(.text.add_small_button)
 2080e52  2080e52        0     1                 $t
 2080e53  2080e53       58     1                 add_small_button
 2080eaa  2080eaa       14     2         ./src/hardware/fruit_ui.o:(.text.on_back_home)
 2080eaa  2080eaa        0     1                 $t
 2080eab  2080eab       14     1                 on_back_home
 2080ec0  2080ec0      1ee     4         ./src/hardware/fruit_ui.o:(.text.add_fruit_column)
 2080ec0  2080ec0        0     1                 $t
 2080ec1  2080ec1      1ee     1                 add_fruit_column
 20810b0  20810b0      222     4         ./src/hardware/fruit_ui.o:(.text.on_pick)
 20810b0  20810b0        0     1                 $t
 20810b1  20810b1      222     1                 on_pick
 20812d2  20812d2       60     2         ./src/hardware/fruit_ui.o:(.text.add_circle_center)
 20812d2  20812d2        0     1                 $t
 20812d3  20812d3       60     1                 add_circle_center
 2081332  2081332       14     2         ./src/hardware/fruit_ui.o:(.text.on_back_select)
 2081332  2081332        0     1                 $t
 2081333  2081333       14     1                 on_back_select
 2081348  2081348      12c     4         ./src/hardware/ft6336.o:(.text.ft6336_init)
 2081348  2081348        0     1                 $t
 2081349  2081349      12c     1                 ft6336_init
 2081474  2081474       be     4         ./src/hardware/ft6336.o:(.text.ft6336_read_point)
 2081474  2081474        0     1                 $t
 2081475  2081475       be     1                 ft6336_read_point
 2081534  2081534      118     4         ./src/hardware/ft6336.o:(.text.ft6336_read_block)
 2081534  2081534        0     1                 $t
 2081535  2081535      118     1                 ft6336_read_block
 208164c  208164c       5a     2         ./src/hardware/ft6336.o:(.text.i2c_start)
 208164c  208164c        0     1                 $t
 208164d  208164d       5a     1                 i2c_start
 20816a8  20816a8       78     4         ./src/hardware/ft6336.o:(.text.i2c_send_byte)
 20816a8  20816a8        0     1                 $t
 20816a9  20816a9       78     1                 i2c_send_byte
 2081720  2081720      116     4         ./src/hardware/ft6336.o:(.text.i2c_wait_ack)
 2081720  2081720        0     1                 $t
 2081721  2081721      116     1                 i2c_wait_ack
 2081836  2081836       56     2         ./src/hardware/ft6336.o:(.text.i2c_stop)
 2081836  2081836        0     1                 $t
 2081837  2081837       56     1                 i2c_stop
 2081890  2081890      398     8         ./src/hardware/jiesuan.o:(.text.inverse_kinematics_5dof)
 2081890  2081890        0     1                 $t
 2081891  2081891      398     1                 inverse_kinematics_5dof
 2081ba8  2081ba8        0     1                 $d
 2081c28  2081c28       3e     4         ./src/hardware/lcd_spi.o:(.text.spi_write_byte)
 2081c28  2081c28        0     1                 $t
 2081c29  2081c29       3e     1                 spi_write_byte
 2081c66  2081c66       3a     2         ./src/hardware/lcd_spi.o:(.text.lcd_cmd)
 2081c66  2081c66        0     1                 $t
 2081c67  2081c67       3a     1                 lcd_cmd
 2081ca0  2081ca0       3a     2         ./src/hardware/lcd_spi.o:(.text.lcd_data)
 2081ca0  2081ca0        0     1                 $t
 2081ca1  2081ca1       3a     1                 lcd_data
 2081cda  2081cda       54     2         ./src/hardware/lcd_spi.o:(.text.lcd_set_window)
 2081cda  2081cda        0     1                 $t
 2081cdb  2081cdb       54     1                 lcd_set_window
 2081d30  2081d30      2cc     4         ./src/hardware/lcd_spi.o:(.text.lcd_init)
 2081d30  2081d30        0     1                 $t
 2081d31  2081d31      2cc     1                 lcd_init
 2081ffc  2081ffc       46     2         ./src/hardware/lv_port_disp.o:(.text.lv_port_disp_init)
 2081ffc  2081ffc        0     1                 $t
 2081ffd  2081ffd       46     1                 lv_port_disp_init
 2082044  2082044       d2     4         ./src/hardware/lv_port_disp.o:(.text.disp_flush)
 2082044  2082044        0     1                 $t
 2082045  2082045       d2     1                 disp_flush
 2082116  2082116       56     2         ./src/hardware/lv_port_indev.o:(.text.lv_port_indev_init)
 2082116  2082116        0     1                 $t
 2082117  2082117       56     1                 lv_port_indev_init
 208216c  208216c       92     2         ./src/hardware/lv_port_indev.o:(.text.touch_read_cb)
 208216c  208216c        0     1                 $t
 208216d  208216d       92     1                 touch_read_cb
 20821fe  20821fe       6e     2         ./src/Can_Thread_entry.o:(.text.ipc0_callback)
 20821fe  20821fe        0     1                 $t
 20821ff  20821ff       6e     1                 ipc0_callback
 2082270  2082270       f0     8         ./src/Can_Thread_entry.o:(.text.Can_Thread_entry)
 2082270  2082270        0     1                 $t
 2082271  2082271       f0     1                 Can_Thread_entry
 2082358  2082358        0     1                 $d
 2082360  2082360       34     4         ./src/Screen_Thread_entry.o:(.text.Screen_Thread_entry)
 2082360  2082360        0     1                 $t
 2082361  2082361       34     1                 Screen_Thread_entry
 2082394  2082394       1a     2         ./src/hal_warmstart.o:(.text.R_BSP_WarmStart)
 2082394  2082394        0     1                 $t
 2082395  2082395       1a     1                 R_BSP_WarmStart
 20823ae  20823ae       6a     2         ./ra_gen/Can_Thread.o:(.text.Can_Thread_create)
 20823ae  20823ae        0     1                 $t
 20823af  20823af       6a     1                 Can_Thread_create
 2082418  2082418       12     2         ./ra_gen/Can_Thread.o:(.text.Can_Thread_func)
 2082418  2082418        0     1                 $t
 2082419  2082419       12     1                 Can_Thread_func
 208242a  208242a       6a     2         ./ra_gen/Screen_Thread.o:(.text.Screen_Thread_create)
 208242a  208242a        0     1                 $t
 208242b  208242b       6a     1                 Screen_Thread_create
 2082494  2082494       12     2         ./ra_gen/Screen_Thread.o:(.text.Screen_Thread_func)
 2082494  2082494        0     1                 $t
 2082495  2082495       12     1                 Screen_Thread_func
 20824a6  20824a6        2     2         ./ra_gen/common_data.o:(.text.g_common_init)
 20824a6  20824a6        0     1                 $t
 20824a7  20824a7        2     1                 g_common_init
 20824a8  20824a8        4     2         ./ra_gen/hal_data.o:(.text.g_hal_init)
 20824a8  20824a8        0     1                 $t
 20824a9  20824a9        4     1                 g_hal_init
 20824ac  20824ac        4     2         ./ra_gen/main.o:(.text.rtos_startup_err_callback_internal)
 20824ac  20824ac        0     1                 $t
 20824ad  20824ad        4     1                 rtos_startup_err_callback_internal
 20824ad  20824ad        4     1                 rtos_startup_err_callback
 20824b0  20824b0       62     4         ./ra_gen/main.o:(.text.rtos_startup_common_init)
 20824b0  20824b0        0     1                 $t
 20824b1  20824b1       62     1                 rtos_startup_common_init
 2082512  2082512       4e     2         ./ra_gen/main.o:(.text.main)
 2082512  2082512        0     1                 $t
 2082513  2082513       4e     1                 main
 2082560  2082560       1a     2         ./ra_gen/main.o:(.text.vApplicationGetIdleTaskMemory)
 2082560  2082560        0     1                 $t
 2082561  2082561       1a     1                 vApplicationGetIdleTaskMemory
 208257a  208257a       1a     2         ./ra_gen/main.o:(.text.vApplicationGetTimerTaskMemory)
 208257a  208257a        0     1                 $t
 208257b  208257b       1a     1                 vApplicationGetTimerTaskMemory
 2082594  2082594       7e     2         ./ra/lvgl/lvgl/src/widgets/win/lv_win.o:(.text.lv_win_constructor)
 2082594  2082594        0     1                 $t
 2082595  2082595       7e     1                 lv_win_constructor
 2082612  2082612       40     2         ./ra/lvgl/lvgl/src/widgets/tileview/lv_tileview.o:(.text.lv_tileview_constructor)
 2082612  2082612        0     1                 $t
 2082613  2082613       40     1                 lv_tileview_constructor
 2082652  2082652       1c     2         ./ra/lvgl/lvgl/src/widgets/tileview/lv_tileview.o:(.text.lv_tileview_tile_constructor)
 2082652  2082652        0     1                 $t
 2082653  2082653       1c     1                 lv_tileview_tile_constructor
 2082670  2082670       b8     4         ./ra/lvgl/lvgl/src/widgets/tileview/lv_tileview.o:(.text.tileview_event_cb)
 2082670  2082670        0     1                 $t
 2082671  2082671       b8     1                 tileview_event_cb
 2082728  2082728       a2     2         ./ra/lvgl/lvgl/src/widgets/textarea/lv_textarea.o:(.text.lv_textarea_constructor)
 2082728  2082728        0     1                 $t
 2082729  2082729       a2     1                 lv_textarea_constructor
 20827ca  20827ca       2a     2         ./ra/lvgl/lvgl/src/widgets/textarea/lv_textarea.o:(.text.lv_textarea_destructor)
 20827ca  20827ca        0     1                 $t
 20827cb  20827cb       2a     1                 lv_textarea_destructor
 20827f4  20827f4      482     4         ./ra/lvgl/lvgl/src/widgets/textarea/lv_textarea.o:(.text.lv_textarea_event)
 20827f4  20827f4        0     1                 $t
 20827f5  20827f5      482     1                 lv_textarea_event
 2082a2e  2082a2e        0     1                 $d
 2082a42  2082a42        0     1                 $t
 2082c78  2082c78      102     4         ./ra/lvgl/lvgl/src/widgets/textarea/lv_textarea.o:(.text.lv_textarea_add_char)
 2082c78  2082c78        0     1                 $t
 2082c79  2082c79      102     1                 lv_textarea_add_char
 2082d7a  2082d7a       3c     2         ./ra/lvgl/lvgl/src/widgets/textarea/lv_textarea.o:(.text.insert_handler)
 2082d7a  2082d7a        0     1                 $t
 2082d7b  2082d7b       3c     1                 insert_handler
 2082db8  2082db8       8e     4         ./ra/lvgl/lvgl/src/widgets/textarea/lv_textarea.o:(.text.pwd_char_hider)
 2082db8  2082db8        0     1                 $t
 2082db9  2082db9       8e     1                 pwd_char_hider
 2082e46  2082e46       36     2         ./ra/lvgl/lvgl/src/widgets/textarea/lv_textarea.o:(.text.lv_textarea_clear_selection)
 2082e46  2082e46        0     1                 $t
 2082e47  2082e47       36     1                 lv_textarea_clear_selection
 2082e7c  2082e7c       6c     2         ./ra/lvgl/lvgl/src/widgets/textarea/lv_textarea.o:(.text.auto_hide_characters)
 2082e7c  2082e7c        0     1                 $t
 2082e7d  2082e7d       6c     1                 auto_hide_characters
 2082ee8  2082ee8       ec     2         ./ra/lvgl/lvgl/src/widgets/textarea/lv_textarea.o:(.text.lv_textarea_set_cursor_pos)
 2082ee8  2082ee8        0     1                 $t
 2082ee9  2082ee9       ec     1                 lv_textarea_set_cursor_pos
 2082fd4  2082fd4        4     2         ./ra/lvgl/lvgl/src/widgets/textarea/lv_textarea.o:(.text.lv_textarea_get_cursor_pos)
 2082fd4  2082fd4        0     1                 $t
 2082fd5  2082fd5        4     1                 lv_textarea_get_cursor_pos
 2082fd8  2082fd8      100     4         ./ra/lvgl/lvgl/src/widgets/textarea/lv_textarea.o:(.text.lv_textarea_add_text)
 2082fd8  2082fd8        0     1                 $t
 2082fd9  2082fd9      100     1                 lv_textarea_add_text
 20830d8  20830d8       92     2         ./ra/lvgl/lvgl/src/widgets/textarea/lv_textarea.o:(.text.lv_textarea_delete_char)
 20830d8  20830d8        0     1                 $t
 20830d9  20830d9       92     1                 lv_textarea_delete_char
 208316a  208316a       1e     2         ./ra/lvgl/lvgl/src/widgets/textarea/lv_textarea.o:(.text.lv_textarea_delete_char_forward)
 208316a  208316a        0     1                 $t
 208316b  208316b       1e     1                 lv_textarea_delete_char_forward
 2083188  2083188       dc     4         ./ra/lvgl/lvgl/src/widgets/textarea/lv_textarea.o:(.text.lv_textarea_set_text)
 2083188  2083188        0     1                 $t
 2083189  2083189       dc     1                 lv_textarea_set_text
 2083264  2083264       8a     2         ./ra/lvgl/lvgl/src/widgets/textarea/lv_textarea.o:(.text.start_cursor_blink)
 2083264  2083264        0     1                 $t
 2083265  2083265       8a     1                 start_cursor_blink
 20832ee  20832ee      1d0     2         ./ra/lvgl/lvgl/src/widgets/textarea/lv_textarea.o:(.text.refr_cursor_area)
 20832ee  20832ee        0     1                 $t
 20832ef  20832ef      1d0     1                 refr_cursor_area
 20834be  20834be       12     2         ./ra/lvgl/lvgl/src/widgets/textarea/lv_textarea.o:(.text.lv_textarea_set_cursor_click_pos)
 20834be  20834be        0     1                 $t
 20834bf  20834bf       12     1                 lv_textarea_set_cursor_click_pos
 20834d0  20834d0       80     2         ./ra/lvgl/lvgl/src/widgets/textarea/lv_textarea.o:(.text.lv_textarea_set_one_line)
 20834d0  20834d0        0     1                 $t
 20834d1  20834d1       80     1                 lv_textarea_set_one_line
 2083550  2083550       12     2         ./ra/lvgl/lvgl/src/widgets/textarea/lv_textarea.o:(.text.lv_textarea_get_text)
 2083550  2083550        0     1                 $t
 2083551  2083551       12     1                 lv_textarea_get_text
 2083562  2083562       42     2         ./ra/lvgl/lvgl/src/widgets/textarea/lv_textarea.o:(.text.lv_textarea_get_password_bullet)
 2083562  2083562        0     1                 $t
 2083563  2083563       42     1                 lv_textarea_get_password_bullet
 20835a4  20835a4        a     2         ./ra/lvgl/lvgl/src/widgets/textarea/lv_textarea.o:(.text.lv_textarea_get_one_line)
 20835a4  20835a4        0     1                 $t
 20835a5  20835a5        a     1                 lv_textarea_get_one_line
 20835ae  20835ae        8     2         ./ra/lvgl/lvgl/src/widgets/textarea/lv_textarea.o:(.text.lv_textarea_cursor_right)
 20835ae  20835ae        0     1                 $t
 20835af  20835af        8     1                 lv_textarea_cursor_right
 20835b6  20835b6        e     2         ./ra/lvgl/lvgl/src/widgets/textarea/lv_textarea.o:(.text.lv_textarea_cursor_left)
 20835b6  20835b6        0     1                 $t
 20835b7  20835b7        e     1                 lv_textarea_cursor_left
 20835c4  20835c4       5c     2         ./ra/lvgl/lvgl/src/widgets/textarea/lv_textarea.o:(.text.lv_textarea_cursor_down)
 20835c4  20835c4        0     1                 $t
 20835c5  20835c5       5c     1                 lv_textarea_cursor_down
 2083620  2083620       54     2         ./ra/lvgl/lvgl/src/widgets/textarea/lv_textarea.o:(.text.lv_textarea_cursor_up)
 2083620  2083620        0     1                 $t
 2083621  2083621       54     1                 lv_textarea_cursor_up
 2083674  2083674       3a     2         ./ra/lvgl/lvgl/src/widgets/textarea/lv_textarea.o:(.text.label_event_cb)
 2083674  2083674        0     1                 $t
 2083675  2083675       3a     1                 label_event_cb
 20836ae  20836ae        2     2         ./ra/lvgl/lvgl/src/widgets/textarea/lv_textarea.o:(.text.pwd_char_hider_anim)
 20836ae  20836ae        0     1                 $t
 20836af  20836af        2     1                 pwd_char_hider_anim
 20836b0  20836b0       52     2         ./ra/lvgl/lvgl/src/widgets/textarea/lv_textarea.o:(.text.cursor_blink_anim_cb)
 20836b0  20836b0        0     1                 $t
 20836b1  20836b1       52     1                 cursor_blink_anim_cb
 2083702  2083702        6     2         ./ra/lvgl/lvgl/src/widgets/textarea/lv_textarea.o:(.text.pwd_char_hider_anim_completed)
 2083702  2083702        0     1                 $t
 2083703  2083703        6     1                 pwd_char_hider_anim_completed
 2083708  2083708       72     2         ./ra/lvgl/lvgl/src/widgets/tabview/lv_tabview.o:(.text.lv_tabview_constructor)
 2083708  2083708        0     1                 $t
 2083709  2083709       72     1                 lv_tabview_constructor
 208377a  208377a       36     2         ./ra/lvgl/lvgl/src/widgets/tabview/lv_tabview.o:(.text.lv_tabview_event)
 208377a  208377a        0     1                 $t
 208377b  208377b       36     1                 lv_tabview_event
 20837b0  20837b0       e6     4         ./ra/lvgl/lvgl/src/widgets/tabview/lv_tabview.o:(.text.lv_tabview_set_active)
 20837b0  20837b0        0     1                 $t
 20837b1  20837b1       e6     1                 lv_tabview_set_active
 2083898  2083898      124     4         ./ra/lvgl/lvgl/src/widgets/tabview/lv_tabview.o:(.text.lv_tabview_set_tab_bar_position)
 2083898  2083898        0     1                 $t
 2083899  2083899      124     1                 lv_tabview_set_tab_bar_position
 20838b0  20838b0        0     1                 $d
 20838b8  20838b8        0     1                 $t
 20839bc  20839bc       bc     2         ./ra/lvgl/lvgl/src/widgets/tabview/lv_tabview.o:(.text.cont_scroll_end_event_cb)
 20839bc  20839bc        0     1                 $t
 20839bd  20839bd       bc     1                 cont_scroll_end_event_cb
 2083a78  2083a78       46     2         ./ra/lvgl/lvgl/src/widgets/table/lv_table.o:(.text.lv_table_constructor)
 2083a78  2083a78        0     1                 $t
 2083a79  2083a79       46     1                 lv_table_constructor
 2083ac0  2083ac0       6a     4         ./ra/lvgl/lvgl/src/widgets/table/lv_table.o:(.text.lv_table_destructor)
 2083ac0  2083ac0        0     1                 $t
 2083ac1  2083ac1       6a     1                 lv_table_destructor
 2083b2c  2083b2c      2c0     4         ./ra/lvgl/lvgl/src/widgets/table/lv_table.o:(.text.lv_table_event)
 2083b2c  2083b2c        0     1                 $t
 2083b2d  2083b2d      2c0     1                 lv_table_event
 2083be2  2083be2        0     1                 $d
 2083bec  2083bec        0     1                 $t
 2083cd0  2083cd0        0     1                 $d
 2083cd4  2083cd4        0     1                 $t
 2083dec  2083dec       d8     4         ./ra/lvgl/lvgl/src/widgets/table/lv_table.o:(.text.refr_size_form_row)
 2083dec  2083dec        0     1                 $t
 2083ded  2083ded       d8     1                 refr_size_form_row
 2083ec4  2083ec4       6e     2         ./ra/lvgl/lvgl/src/widgets/table/lv_table.o:(.text.scroll_to_selected_cell)
 2083ec4  2083ec4        0     1                 $t
 2083ec5  2083ec5       6e     1                 scroll_to_selected_cell
 2083f34  2083f34      4c6     4         ./ra/lvgl/lvgl/src/widgets/table/lv_table.o:(.text.draw_main)
 2083f34  2083f34        0     1                 $t
 2083f35  2083f35      4c6     1                 draw_main
 20843fc  20843fc      11a     4         ./ra/lvgl/lvgl/src/widgets/table/lv_table.o:(.text.get_row_height)
 20843fc  20843fc        0     1                 $t
 20843fd  20843fd      11a     1                 get_row_height
 2084518  2084518      110     4         ./ra/lvgl/lvgl/src/widgets/table/lv_table.o:(.text.get_cell_area)
 2084518  2084518        0     1                 $t
 2084519  2084519      110     1                 get_cell_area
 2084628  2084628       34     2         ./ra/lvgl/lvgl/src/widgets/switch/lv_switch.o:(.text.lv_switch_constructor)
 2084628  2084628        0     1                 $t
 2084629  2084629       34     1                 lv_switch_constructor
 208465c  208465c        8     2         ./ra/lvgl/lvgl/src/widgets/switch/lv_switch.o:(.text.lv_switch_destructor)
 208465c  208465c        0     1                 $t
 208465d  208465d        8     1                 lv_switch_destructor
 2084664  2084664      2f2     2         ./ra/lvgl/lvgl/src/widgets/switch/lv_switch.o:(.text.lv_switch_event)
 2084664  2084664        0     1                 $t
 2084665  2084665      2f2     1                 lv_switch_event
 2084956  2084956        6     2         ./ra/lvgl/lvgl/src/widgets/switch/lv_switch.o:(.text.lv_switch_anim_exec_cb)
 2084956  2084956        0     1                 $t
 2084957  2084957        6     1                 lv_switch_anim_exec_cb
 208495c  208495c        c     2         ./ra/lvgl/lvgl/src/widgets/switch/lv_switch.o:(.text.lv_switch_anim_completed)
 208495c  208495c        0     1                 $t
 208495d  208495d        c     1                 lv_switch_anim_completed
 2084968  2084968       1c     2         ./ra/lvgl/lvgl/src/widgets/spinner/lv_spinner.o:(.text.lv_spinner_constructor)
 2084968  2084968        0     1                 $t
 2084969  2084969       1c     1                 lv_spinner_constructor
 2084984  2084984       b0     2         ./ra/lvgl/lvgl/src/widgets/spinner/lv_spinner.o:(.text.lv_spinner_set_anim_params)
 2084984  2084984        0     1                 $t
 2084985  2084985       b0     1                 lv_spinner_set_anim_params
 2084a34  2084a34        4     2         ./ra/lvgl/lvgl/src/widgets/spinner/lv_spinner.o:(.text.arc_anim_end_angle)
 2084a34  2084a34        0     1                 $t
 2084a35  2084a35        4     1                 arc_anim_end_angle
 2084a38  2084a38        4     2         ./ra/lvgl/lvgl/src/widgets/spinner/lv_spinner.o:(.text.arc_anim_start_angle)
 2084a38  2084a38        0     1                 $t
 2084a39  2084a39        4     1                 arc_anim_start_angle
 2084a3c  2084a3c       4c     2         ./ra/lvgl/lvgl/src/widgets/spinbox/lv_spinbox.o:(.text.lv_spinbox_constructor)
 2084a3c  2084a3c        0     1                 $t
 2084a3d  2084a3d       4c     1                 lv_spinbox_constructor
 2084a88  2084a88      1bc     4         ./ra/lvgl/lvgl/src/widgets/spinbox/lv_spinbox.o:(.text.lv_spinbox_event)
 2084a88  2084a88        0     1                 $t
 2084a89  2084a89      1bc     1                 lv_spinbox_event
 2084b2e  2084b2e        0     1                 $d
 2084b32  2084b32        0     1                 $t
 2084c44  2084c44      116     4         ./ra/lvgl/lvgl/src/widgets/spinbox/lv_spinbox.o:(.text.lv_spinbox_updatevalue)
 2084c44  2084c44        0     1                 $t
 2084c45  2084c45      116     1                 lv_spinbox_updatevalue
 2084d5a  2084d5a       26     2         ./ra/lvgl/lvgl/src/widgets/spinbox/lv_spinbox.o:(.text.lv_spinbox_step_prev)
 2084d5a  2084d5a        0     1                 $t
 2084d5b  2084d5b       26     1                 lv_spinbox_step_prev
 2084d80  2084d80       48     2         ./ra/lvgl/lvgl/src/widgets/spinbox/lv_spinbox.o:(.text.lv_spinbox_increment)
 2084d80  2084d80        0     1                 $t
 2084d81  2084d81       48     1                 lv_spinbox_increment
 2084dc8  2084dc8       3a     2         ./ra/lvgl/lvgl/src/widgets/spinbox/lv_spinbox.o:(.text.lv_spinbox_decrement)
 2084dc8  2084dc8        0     1                 $t
 2084dc9  2084dc9       3a     1                 lv_spinbox_decrement
 2084e02  2084e02       18     2         ./ra/lvgl/lvgl/src/widgets/span/lv_span.o:(.text.lv_span_stack_init)
 2084e02  2084e02        0     1                 $t
 2084e03  2084e03       18     1                 lv_span_stack_init
 2084e1a  2084e1a       68     2         ./ra/lvgl/lvgl/src/widgets/slider/lv_slider.o:(.text.lv_slider_constructor)
 2084e1a  2084e1a        0     1                 $t
 2084e1b  2084e1b       68     1                 lv_slider_constructor
 2084e82  2084e82      34a     2         ./ra/lvgl/lvgl/src/widgets/slider/lv_slider.o:(.text.lv_slider_event)
 2084e82  2084e82        0     1                 $t
 2084e83  2084e83      34a     1                 lv_slider_event
 20851cc  20851cc      2ae     2         ./ra/lvgl/lvgl/src/widgets/slider/lv_slider.o:(.text.update_knob_pos)
 20851cc  20851cc        0     1                 $t
 20851cd  20851cd      2ae     1                 update_knob_pos
 208547a  208547a       34     2         ./ra/lvgl/lvgl/src/widgets/slider/lv_slider.o:(.text.is_slider_horizontal)
 208547a  208547a        0     1                 $t
 208547b  208547b       34     1                 is_slider_horizontal
 20854ae  20854ae      158     2         ./ra/lvgl/lvgl/src/widgets/slider/lv_slider.o:(.text.draw_knob)
 20854ae  20854ae        0     1                 $t
 20854af  20854af      158     1                 draw_knob
 2085606  2085606       b8     2         ./ra/lvgl/lvgl/src/widgets/slider/lv_slider.o:(.text.position_knob)
 2085606  2085606        0     1                 $t
 2085607  2085607       b8     1                 position_knob
 20856be  20856be       50     2         ./ra/lvgl/lvgl/src/widgets/scale/lv_scale.o:(.text.lv_scale_constructor)
 20856be  20856be        0     1                 $t
 20856bf  20856bf       50     1                 lv_scale_constructor
 2085710  2085710       32     4         ./ra/lvgl/lvgl/src/widgets/scale/lv_scale.o:(.text.lv_scale_destructor)
 2085710  2085710        0     1                 $t
 2085711  2085711       32     1                 lv_scale_destructor
 2085742  2085742       8a     2         ./ra/lvgl/lvgl/src/widgets/scale/lv_scale.o:(.text.lv_scale_event)
 2085742  2085742        0     1                 $t
 2085743  2085743       8a     1                 lv_scale_event
 20857cc  20857cc       c4     4         ./ra/lvgl/lvgl/src/widgets/scale/lv_scale.o:(.text.scale_find_section_tick_idx)
 20857cc  20857cc        0     1                 $t
 20857cd  20857cd       c4     1                 scale_find_section_tick_idx
 2085890  2085890      23c     4         ./ra/lvgl/lvgl/src/widgets/scale/lv_scale.o:(.text.scale_calculate_main_compensation)
 2085890  2085890        0     1                 $t
 2085891  2085891      23c     1                 scale_calculate_main_compensation
 2085acc  2085acc      422     4         ./ra/lvgl/lvgl/src/widgets/scale/lv_scale.o:(.text.scale_draw_main)
 2085acc  2085acc        0     1                 $t
 2085acd  2085acd      422     1                 scale_draw_main
 2085b6a  2085b6a        0     1                 $d
 2085b74  2085b74        0     1                 $t
 2085ef0  2085ef0      57c     4         ./ra/lvgl/lvgl/src/widgets/scale/lv_scale.o:(.text.scale_draw_indicator)
 2085ef0  2085ef0        0     1                 $t
 2085ef1  2085ef1      57c     1                 scale_draw_indicator
 208646c  208646c       b2     2         ./ra/lvgl/lvgl/src/widgets/scale/lv_scale.o:(.text.scale_set_line_properties)
 208646c  208646c        0     1                 $t
 208646d  208646d       b2     1                 scale_set_line_properties
 208651e  208651e      318     2         ./ra/lvgl/lvgl/src/widgets/scale/lv_scale.o:(.text.scale_get_tick_points)
 208651e  208651e        0     1                 $t
 208651f  208651f      318     1                 scale_get_tick_points
 2086836  2086836       8c     2         ./ra/lvgl/lvgl/src/widgets/scale/lv_scale.o:(.text.scale_get_center)
 2086836  2086836        0     1                 $t
 2086837  2086837       8c     1                 scale_get_center
 20868c4  20868c4      144     4         ./ra/lvgl/lvgl/src/widgets/scale/lv_scale.o:(.text.scale_get_label_coords)
 20868c4  20868c4        0     1                 $t
 20868c5  20868c5      144     1                 scale_get_label_coords
 20868f8  20868f8        0     1                 $d
 2086902  2086902        0     1                 $t
 2086a08  2086a08       50     2         ./ra/lvgl/lvgl/src/widgets/roller/lv_roller.o:(.text.lv_roller_constructor)
 2086a08  2086a08        0     1                 $t
 2086a09  2086a09       50     1                 lv_roller_constructor
 2086a58  2086a58      202     4         ./ra/lvgl/lvgl/src/widgets/roller/lv_roller.o:(.text.lv_roller_event)
 2086a58  2086a58        0     1                 $t
 2086a59  2086a59      202     1                 lv_roller_event
 2086b7e  2086b7e        0     1                 $d
 2086b8e  2086b8e        0     1                 $t
 2086c5a  2086c5a      184     2         ./ra/lvgl/lvgl/src/widgets/roller/lv_roller.o:(.text.lv_roller_label_event)
 2086c5a  2086c5a        0     1                 $t
 2086c5b  2086c5b      184     1                 lv_roller_label_event
 2086de0  2086de0      12a     4         ./ra/lvgl/lvgl/src/widgets/roller/lv_roller.o:(.text.lv_roller_set_options)
 2086de0  2086de0        0     1                 $t
 2086de1  2086de1      12a     1                 lv_roller_set_options
 2086f0a  2086f0a       8e     2         ./ra/lvgl/lvgl/src/widgets/roller/lv_roller.o:(.text.inf_normalize)
 2086f0a  2086f0a        0     1                 $t
 2086f0b  2086f0b       8e     1                 inf_normalize
 2086f98  2086f98       5a     2         ./ra/lvgl/lvgl/src/widgets/roller/lv_roller.o:(.text.lv_roller_set_selected)
 2086f98  2086f98        0     1                 $t
 2086f99  2086f99       5a     1                 lv_roller_set_selected
 2086ff2  2086ff2      13a     2         ./ra/lvgl/lvgl/src/widgets/roller/lv_roller.o:(.text.refr_position)
 2086ff2  2086ff2        0     1                 $t
 2086ff3  2086ff3      13a     1                 refr_position
 208712c  208712c       52     2         ./ra/lvgl/lvgl/src/widgets/roller/lv_roller.o:(.text.get_selected_label_width)
 208712c  208712c        0     1                 $t
 208712d  208712d       52     1                 get_selected_label_width
 208717e  208717e        4     2         ./ra/lvgl/lvgl/src/widgets/roller/lv_roller.o:(.text.set_y_anim)
 208717e  208717e        0     1                 $t
 208717f  208717f        4     1                 set_y_anim
 2087184  2087184       b0     4         ./ra/lvgl/lvgl/src/widgets/roller/lv_roller.o:(.text.transform_vect_recursive)
 2087184  2087184        0     1                 $t
 2087185  2087185       b0     1                 transform_vect_recursive
 2087234  2087234      190     4         ./ra/lvgl/lvgl/src/widgets/roller/lv_roller.o:(.text.release_handler)
 2087234  2087234        0     1                 $t
 2087235  2087235      190     1                 release_handler
 20873c4  20873c4      1bc     2         ./ra/lvgl/lvgl/src/widgets/roller/lv_roller.o:(.text.draw_main)
 20873c4  20873c4        0     1                 $t
 20873c5  20873c5      1bc     1                 draw_main
 2087580  2087580       76     2         ./ra/lvgl/lvgl/src/widgets/roller/lv_roller.o:(.text.get_sel_area)
 2087580  2087580        0     1                 $t
 2087581  2087581       76     1                 get_sel_area
 20875f6  20875f6       10     2         ./ra/lvgl/lvgl/src/widgets/roller/lv_roller.o:(.text.scroll_anim_completed_cb)
 20875f6  20875f6        0     1                 $t
 20875f7  20875f7       10     1                 scroll_anim_completed_cb
 2087606  2087606      142     2         ./ra/lvgl/lvgl/src/widgets/menu/lv_menu.o:(.text.lv_menu_constructor)
 2087606  2087606        0     1                 $t
 2087607  2087607      142     1                 lv_menu_constructor
 2087748  2087748        8     2         ./ra/lvgl/lvgl/src/widgets/menu/lv_menu.o:(.text.lv_menu_destructor)
 2087748  2087748        0     1                 $t
 2087749  2087749        8     1                 lv_menu_destructor
 2087750  2087750       34     2         ./ra/lvgl/lvgl/src/widgets/menu/lv_menu.o:(.text.lv_menu_page_constructor)
 2087750  2087750        0     1                 $t
 2087751  2087751       34     1                 lv_menu_page_constructor
 2087784  2087784       1c     2         ./ra/lvgl/lvgl/src/widgets/menu/lv_menu.o:(.text.lv_menu_page_destructor)
 2087784  2087784        0     1                 $t
 2087785  2087785       1c     1                 lv_menu_page_destructor
 20877a0  20877a0       24     2         ./ra/lvgl/lvgl/src/widgets/menu/lv_menu.o:(.text.lv_menu_cont_constructor)
 20877a0  20877a0        0     1                 $t
 20877a1  20877a1       24     1                 lv_menu_cont_constructor
 20877c4  20877c4       18     2         ./ra/lvgl/lvgl/src/widgets/menu/lv_menu.o:(.text.lv_menu_section_constructor)
 20877c4  20877c4        0     1                 $t
 20877c5  20877c5       18     1                 lv_menu_section_constructor
 20877dc  20877dc       d6     2         ./ra/lvgl/lvgl/src/widgets/menu/lv_menu.o:(.text.lv_menu_set_page)
 20877dc  20877dc        0     1                 $t
 20877dd  20877dd       d6     1                 lv_menu_set_page
 20878b2  20878b2       6e     2         ./ra/lvgl/lvgl/src/widgets/menu/lv_menu.o:(.text.lv_menu_refr_main_header_mode)
 20878b2  20878b2        0     1                 $t
 20878b3  20878b3       6e     1                 lv_menu_refr_main_header_mode
 2087920  2087920       a0     2         ./ra/lvgl/lvgl/src/widgets/menu/lv_menu.o:(.text.lv_menu_back_event_cb)
 2087920  2087920        0     1                 $t
 2087921  2087921       a0     1                 lv_menu_back_event_cb
 20879c0  20879c0       50     2         ./ra/lvgl/lvgl/src/widgets/menu/lv_menu.o:(.text.lv_menu_value_changed_event_cb)
 20879c0  20879c0        0     1                 $t
 20879c1  20879c1       50     1                 lv_menu_value_changed_event_cb
 2087a10  2087a10       1a     2         ./ra/lvgl/lvgl/src/widgets/line/lv_line.o:(.text.lv_line_constructor)
 2087a10  2087a10        0     1                 $t
 2087a11  2087a11       1a     1                 lv_line_constructor
 2087a2c  2087a2c      288     4         ./ra/lvgl/lvgl/src/widgets/line/lv_line.o:(.text.lv_line_event)
 2087a2c  2087a2c        0     1                 $t
 2087a2d  2087a2d      288     1                 lv_line_event
 2087cb4  2087cb4       1a     2         ./ra/lvgl/lvgl/src/widgets/led/lv_led.o:(.text.lv_led_constructor)
 2087cb4  2087cb4        0     1                 $t
 2087cb5  2087cb5       1a     1                 lv_led_constructor
 2087cce  2087cce      2ac     2         ./ra/lvgl/lvgl/src/widgets/led/lv_led.o:(.text.lv_led_event)
 2087cce  2087cce        0     1                 $t
 2087ccf  2087ccf      2ac     1                 lv_led_event
 2087f7a  2087f7a       56     2         ./ra/lvgl/lvgl/src/widgets/label/lv_label.o:(.text.lv_label_constructor)
 2087f7a  2087f7a        0     1                 $t
 2087f7b  2087f7b       56     1                 lv_label_constructor
 2087fd0  2087fd0       18     2         ./ra/lvgl/lvgl/src/widgets/label/lv_label.o:(.text.lv_label_destructor)
 2087fd0  2087fd0        0     1                 $t
 2087fd1  2087fd1       18     1                 lv_label_destructor
 2087fe8  2087fe8      3bc     4         ./ra/lvgl/lvgl/src/widgets/label/lv_label.o:(.text.lv_label_event)
 2087fe8  2087fe8        0     1                 $t
 2087fe9  2087fe9      3bc     1                 lv_label_event
 20883a4  20883a4       1a     2         ./ra/lvgl/lvgl/src/widgets/label/lv_label.o:(.text.lv_label_create)
 20883a4  20883a4        0     1                 $t
 20883a5  20883a5       1a     1                 lv_label_create
 20883c0  20883c0       90     4         ./ra/lvgl/lvgl/src/widgets/label/lv_label.o:(.text.lv_label_set_text)
 20883c0  20883c0        0     1                 $t
 20883c1  20883c1       90     1                 lv_label_set_text
 2088450  2088450      5d2     4         ./ra/lvgl/lvgl/src/widgets/label/lv_label.o:(.text.lv_label_refr_text)
 2088450  2088450        0     1                 $t
 2088451  2088451      5d2     1                 lv_label_refr_text
 2088a22  2088a22       5e     2         ./ra/lvgl/lvgl/src/widgets/label/lv_label.o:(.text.lv_label_set_text_fmt)
 2088a22  2088a22        0     1                 $t
 2088a23  2088a23       5e     1                 lv_label_set_text_fmt
 2088a80  2088a80       34     2         ./ra/lvgl/lvgl/src/widgets/label/lv_label.o:(.text.lv_label_set_text_static)
 2088a80  2088a80        0     1                 $t
 2088a81  2088a81       34     1                 lv_label_set_text_static
 2088ab4  2088ab4       50     2         ./ra/lvgl/lvgl/src/widgets/label/lv_label.o:(.text.lv_label_set_long_mode)
 2088ab4  2088ab4        0     1                 $t
 2088ab5  2088ab5       50     1                 lv_label_set_long_mode
[...]
__Vectors                                         ./ra/fsp/src/bsp/cmsis/Device/RENESAS/Source/startup.o
                                                  ./ra/fsp/src/bsp/cmsis/Device/RENESAS/Source/system.o
HardFault_Handler                                 ./ra/fsp/src/bsp/cmsis/Device/RENESAS/Source/startup.o
MemManage_Handler                                 ./ra/fsp/src/bsp/cmsis/Device/RENESAS/Source/startup.o
BusFault_Handler                                  ./ra/fsp/src/bsp/cmsis/Device/RENESAS/Source/startup.o
UsageFault_Handler                                ./ra/fsp/src/bsp/cmsis/Device/RENESAS/Source/startup.o
SecureFault_Handler                               ./ra/fsp/src/bsp/cmsis/Device/RENESAS/Source/startup.o
DebugMon_Handler                                  ./ra/fsp/src/bsp/cmsis/Device/RENESAS/Source/startup.o
_init_tls                                         D:\\FSP\\toolchains\\llvm_arm\\ATfE-21.1.1-Windows-x86_64\\bin\\..\\lib\\clang-runtimes/arm-none-eabi/armv8m.main_hard_fp_exn_rtti_unaligned_size\\lib\libc.a(libc_picolib_inittls.c.o)
                                                  ./ra/fsp/src/bsp/cmsis/Device/RENESAS/Source/system.o
__init_array_start                                fsp_gen.lld:750
                                                  ./ra/fsp/src/bsp/cmsis/Device/RENESAS/Source/system.o
__init_array_end                                  fsp_gen.lld:753
                                                  ./ra/fsp/src/bsp/cmsis/Device/RENESAS/Source/system.o
vPortFree                                         ./ra/aws/FreeRTOS/FreeRTOS/Source/portable/MemMang/heap_4.o
                                                  ./ra/aws/FreeRTOS/FreeRTOS/Source/event_groups.o
                                                  ./ra/aws/FreeRTOS/FreeRTOS/Source/queue.o
                                                  ./ra/aws/FreeRTOS/FreeRTOS/Source/stream_buffer.o
                                                  ./ra/aws/FreeRTOS/FreeRTOS/Source/tasks.o
                                                  ./ra/aws/FreeRTOS/FreeRTOS/Source/timers.o
vListInitialise                                   ./ra/aws/FreeRTOS/FreeRTOS/Source/list.o
                                                  ./ra/aws/FreeRTOS/FreeRTOS/Source/event_groups.o
                                                  ./ra/aws/FreeRTOS/FreeRTOS/Source/queue.o
                                                  ./ra/aws/FreeRTOS/FreeRTOS/Source/tasks.o
                                                  ./ra/aws/FreeRTOS/FreeRTOS/Source/timers.o
xTaskGetSchedulerState                            ./ra/aws/FreeRTOS/FreeRTOS/Source/tasks.o
                                                  ./ra/aws/FreeRTOS/FreeRTOS/Source/event_groups.o
                                                  ./ra/aws/FreeRTOS/FreeRTOS/Source/queue.o
                                                  ./ra/aws/FreeRTOS/FreeRTOS/Source/timers.o
vListInitialiseItem                               ./ra/aws/FreeRTOS/FreeRTOS/Source/list.o
                                                  ./ra/aws/FreeRTOS/FreeRTOS/Source/tasks.o
                                                  ./ra/aws/FreeRTOS/FreeRTOS/Source/timers.o
vListInsertEnd                                    ./ra/aws/FreeRTOS/FreeRTOS/Source/list.o
                                                  ./ra/aws/FreeRTOS/FreeRTOS/Source/tasks.o
vListInsert                                       ./ra/aws/FreeRTOS/FreeRTOS/Source/list.o
                                                  ./ra/aws/FreeRTOS/FreeRTOS/Source/tasks.o
                                                  ./ra/aws/FreeRTOS/FreeRTOS/Source/timers.o
uxListRemove                                      ./ra/aws/FreeRTOS/FreeRTOS/Source/list.o
                                                  ./ra/aws/FreeRTOS/FreeRTOS/Source/tasks.o
                                                  ./ra/aws/FreeRTOS/FreeRTOS/Source/timers.o
xQueueGenericReset                                ./ra/aws/FreeRTOS/FreeRTOS/Source/queue.o
xTaskRemoveFromEventList                          ./ra/aws/FreeRTOS/FreeRTOS/Source/tasks.o
                                                  ./ra/aws/FreeRTOS/FreeRTOS/Source/queue.o
xQueueGenericCreateStatic                         ./ra/aws/FreeRTOS/FreeRTOS/Source/queue.o
                                                  ./ra/aws/FreeRTOS/FreeRTOS/Source/timers.o
vTaskInternalSetTimeOutState                      ./ra/aws/FreeRTOS/FreeRTOS/Source/tasks.o
                                                  ./ra/aws/FreeRTOS/FreeRTOS/Source/queue.o
xTaskCheckForTimeOut                              ./ra/aws/FreeRTOS/FreeRTOS/Source/tasks.o
                                                  ./ra/aws/FreeRTOS/FreeRTOS/Source/queue.o
                                                  ./ra/aws/FreeRTOS/FreeRTOS/Source/stream_buffer.o
vTaskPlaceOnEventList                             ./ra/aws/FreeRTOS/FreeRTOS/Source/tasks.o
                                                  ./ra/aws/FreeRTOS/FreeRTOS/Source/queue.o
__aeabi_memcpy                                    D:\\FSP\\toolchains\\llvm_arm\\ATfE-21.1.1-Windows-x86_64\\bin\\..\\lib\\clang-runtimes/arm-none-eabi/armv8m.main_hard_fp_exn_rtti_unaligned_size\\lib\libc.a(memcpy.c.o)
                                                  ./ra/aws/FreeRTOS/FreeRTOS/Source/queue.o
                                                  ./ra/aws/FreeRTOS/FreeRTOS/Source/stream_buffer.o
                                                  D:\\FSP\\toolchains\\llvm_arm\\ATfE-21.1.1-Windows-x86_64\\bin\\..\\lib\\clang-runtimes/arm-none-eabi/armv8m.main_hard_fp_exn_rtti_unaligned_size\\lib\libc.a(libc_picolib_inittls.c.o)
vTaskMissedYield                                  ./ra/aws/FreeRTOS/FreeRTOS/Source/tasks.o
                                                  ./ra/aws/FreeRTOS/FreeRTOS/Source/queue.o
xQueueReceive                                     ./ra/aws/FreeRTOS/FreeRTOS/Source/queue.o
                                                  ./ra/aws/FreeRTOS/FreeRTOS/Source/timers.o
xQueueRegistry                                    ./ra/aws/FreeRTOS/FreeRTOS/Source/queue.o
vQueueAddToRegistry                               ./ra/aws/FreeRTOS/FreeRTOS/Source/queue.o
                                                  ./ra/aws/FreeRTOS/FreeRTOS/Source/timers.o
vQueueWaitForMessageRestricted                    ./ra/aws/FreeRTOS/FreeRTOS/Source/queue.o
                                                  ./ra/aws/FreeRTOS/FreeRTOS/Source/timers.o
vTaskPlaceOnEventListRestricted                   ./ra/aws/FreeRTOS/FreeRTOS/Source/tasks.o
                                                  ./ra/aws/FreeRTOS/FreeRTOS/Source/queue.o
xTimerCreateTimerTask                             ./ra/aws/FreeRTOS/FreeRTOS/Source/timers.o
                                                  ./ra/aws/FreeRTOS/FreeRTOS/Source/tasks.o
__aeabi_memset8                                   D:\\FSP\\toolchains\\llvm_arm\\ATfE-21.1.1-Windows-x86_64\\bin\\..\\lib\\clang-runtimes/arm-none-eabi/armv8m.main_hard_fp_exn_rtti_unaligned_size\\lib\libc.a(aeabi_memset.c.o)
bzero                                             D:\\FSP\\toolchains\\llvm_arm\\ATfE-21.1.1-Windows-x86_64\\bin\\..\\lib\\clang-runtimes/arm-none-eabi/armv8m.main_hard_fp_exn_rtti_unaligned_size\\lib\libc.a(bzero.c.o)
__aeabi_memcpy8                                   D:\\FSP\\toolchains\\llvm_arm\\ATfE-21.1.1-Windows-x86_64\\bin\\..\\lib\\clang-runtimes/arm-none-eabi/armv8m.main_hard_fp_exn_rtti_unaligned_size\\lib\libc.a(memcpy.c.o)
__tdata_source                                    fsp_gen.lld:1286
                                                  D:\\FSP\\toolchains\\llvm_arm\\ATfE-21.1.1-Windows-x86_64\\bin\\..\\lib\\clang-runtimes/arm-none-eabi/armv8m.main_hard_fp_exn_rtti_unaligned_size\\lib\libc.a(libc_picolib_inittls.c.o)
__tdata_size                                      fsp_gen.lld:1287
                                                  D:\\FSP\\toolchains\\llvm_arm\\ATfE-21.1.1-Windows-x86_64\\bin\\..\\lib\\clang-runtimes/arm-none-eabi/armv8m.main_hard_fp_exn_rtti_unaligned_size\\lib\libc.a(libc_picolib_inittls.c.o)
__tbss_offset                                     fsp_gen.lld:1288
                                                  D:\\FSP\\toolchains\\llvm_arm\\ATfE-21.1.1-Windows-x86_64\\bin\\..\\lib\\clang-runtimes/arm-none-eabi/armv8m.main_hard_fp_exn_rtti_unaligned_size\\lib\libc.a(libc_picolib_inittls.c.o)
__tbss_size                                       fsp_gen.lld:1289
                                                  D:\\FSP\\toolchains\\llvm_arm\\ATfE-21.1.1-Windows-x86_64\\bin\\..\\lib\\clang-runtimes/arm-none-eabi/armv8m.main_hard_fp_exn_rtti_unaligned_size\\lib\libc.a(libc_picolib_inittls.c.o)
__arm32_tls_tcb_offset                            fsp_gen.lld:1290
                                                  D:\\FSP\\toolchains\\llvm_arm\\ATfE-21.1.1-Windows-x86_64\\bin\\..\\lib\\clang-runtimes/arm-none-eabi/armv8m.main_hard_fp_exn_rtti_unaligned_size\\lib\libc.a(libc_picolib_machine_arm_set_tls.c.o)
__tls                                             D:\\FSP\\toolchains\\llvm_arm\\ATfE-21.1.1-Windows-x86_64\\bin\\..\\lib\\clang-runtimes/arm-none-eabi/armv8m.main_hard_fp_exn_rtti_unaligned_size\\lib\libc.a(libc_picolib_machine_arm_tls.c.o)
                                                  D:\\FSP\\toolchains\\llvm_arm\\ATfE-21.1.1-Windows-x86_64\\bin\\..\\lib\\clang-runtimes/arm-none-eabi/armv8m.main_hard_fp_exn_rtti_unaligned_size\\lib\libc.a(libc_picolib_machine_arm_set_tls.c.o)
                                                  D:\\FSP\\toolchains\\llvm_arm\\ATfE-21.1.1-Windows-x86_64\\bin\\..\\lib\\clang-runtimes/arm-none-eabi/armv8m.main_hard_fp_exn_rtti_unaligned_size\\lib\libc.a(libc_picolib_machine_arm_read_tp.S.o)
vfprintf                                          D:\\FSP\\toolchains\\llvm_arm\\ATfE-21.1.1-Windows-x86_64\\bin\\..\\lib\\clang-runtimes/arm-none-eabi/armv8m.main_hard_fp_exn_rtti_unaligned_size\\lib\libc.a(libc_tinystdio_vfprintf.c.o)
                                                  D:\\FSP\\toolchains\\llvm_arm\\ATfE-21.1.1-Windows-x86_64\\bin\\..\\lib\\clang-runtimes/arm-none-eabi/armv8m.main_hard_fp_exn_rtti_unaligned_size\\lib\libc.a(libc_tinystdio_snprintf.c.o)
__file_str_put                                    D:\\FSP\\toolchains\\llvm_arm\\ATfE-21.1.1-Windows-x86_64\\bin\\..\\lib\\clang-runtimes/arm-none-eabi/armv8m.main_hard_fp_exn_rtti_unaligned_size\\lib\libc.a(libc_tinystdio_filestrput.c.o)
                                                  D:\\FSP\\toolchains\\llvm_arm\\ATfE-21.1.1-Windows-x86_64\\bin\\..\\lib\\clang-runtimes/arm-none-eabi/armv8m.main_hard_fp_exn_rtti_unaligned_size\\lib\libc.a(libc_tinystdio_snprintf.c.o)
__dtox_engine                                     D:\\FSP\\toolchains\\llvm_arm\\ATfE-21.1.1-Windows-x86_64\\bin\\..\\lib\\clang-runtimes/arm-none-eabi/armv8m.main_hard_fp_exn_rtti_unaligned_size\\lib\libc.a(libc_tinystdio_dtox_engine.c.o)
                                                  D:\\FSP\\toolchains\\llvm_arm\\ATfE-21.1.1-Windows-x86_64\\bin\\..\\lib\\clang-runtimes/arm-none-eabi/armv8m.main_hard_fp_exn_rtti_unaligned_size\\lib\libc.a(libc_tinystdio_vfprintf.c.o)
__dtoa_engine                                     D:\\FSP\\toolchains\\llvm_arm\\ATfE-21.1.1-Windows-x86_64\\bin\\..\\lib\\clang-runtimes/arm-none-eabi/armv8m.main_hard_fp_exn_rtti_unaligned_size\\lib\libc.a(libc_tinystdio_dtoa_ryu.c.o)
                                                  D:\\FSP\\toolchains\\llvm_arm\\ATfE-21.1.1-Windows-x86_64\\bin\\..\\lib\\clang-runtimes/arm-none-eabi/armv8m.main_hard_fp_exn_rtti_unaligned_size\\lib\libc.a(libc_tinystdio_vfprintf.c.o)
strnlen                                           D:\\FSP\\toolchains\\llvm_arm\\ATfE-21.1.1-Windows-x86_64\\bin\\..\\lib\\clang-runtimes/arm-none-eabi/armv8m.main_hard_fp_exn_rtti_unaligned_size\\lib\libc.a(libc_string_strnlen.c.o)
                                                  D:\\FSP\\toolchains\\llvm_arm\\ATfE-21.1.1-Windows-x86_64\\bin\\..\\lib\\clang-runtimes/arm-none-eabi/armv8m.main_hard_fp_exn_rtti_unaligned_size\\lib\libc.a(libc_tinystdio_vfprintf.c.o)
__d_vfprintf                                      D:\\FSP\\toolchains\\llvm_arm\\ATfE-21.1.1-Windows-x86_64\\bin\\..\\lib\\clang-runtimes/arm-none-eabi/armv8m.main_hard_fp_exn_rtti_unaligned_size\\lib\libc.a(libc_tinystdio_vfprintf.c.o)
__log10Pow2                                       D:\\FSP\\toolchains\\llvm_arm\\ATfE-21.1.1-Windows-x86_64\\bin\\..\\lib\\clang-runtimes/arm-none-eabi/armv8m.main_hard_fp_exn_rtti_unaligned_size\\lib\libc.a(libc_tinystdio_ryu_log10.c.o)
                                                  D:\\FSP\\toolchains\\llvm_arm\\ATfE-21.1.1-Windows-x86_64\\bin\\..\\lib\\clang-runtimes/arm-none-eabi/armv8m.main_hard_fp_exn_rtti_unaligned_size\\lib\libc.a(libc_tinystdio_dtoa_ryu.c.o)
__pow5bits                                        D:\\FSP\\toolchains\\llvm_arm\\ATfE-21.1.1-Windows-x86_64\\bin\\..\\lib\\clang-runtimes/arm-none-eabi/armv8m.main_hard_fp_exn_rtti_unaligned_size\\lib\libc.a(libc_tinystdio_ryu_pow5bits.c.o)
                                                  D:\\FSP\\toolchains\\llvm_arm\\ATfE-21.1.1-Windows-x86_64\\bin\\..\\lib\\clang-runtimes/arm-none-eabi/armv8m.main_hard_fp_exn_rtti_unaligned_size\\lib\libc.a(libc_tinystdio_dtoa_ryu.c.o)
                                                  D:\\FSP\\toolchains\\llvm_arm\\ATfE-21.1.1-Windows-x86_64\\bin\\..\\lib\\clang-runtimes/arm-none-eabi/armv8m.main_hard_fp_exn_rtti_unaligned_size\\lib\libc.a(libc_tinystdio_ryu_table.c.o)
__double_computeInvPow5                           D:\\FSP\\toolchains\\llvm_arm\\ATfE-21.1.1-Windows-x86_64\\bin\\..\\lib\\clang-runtimes/arm-none-eabi/armv8m.main_hard_fp_exn_rtti_unaligned_size\\lib\libc.a(libc_tinystdio_ryu_table.c.o)
                                                  D:\\FSP\\toolchains\\llvm_arm\\ATfE-21.1.1-Windows-x86_64\\bin\\..\\lib\\clang-runtimes/arm-none-eabi/armv8m.main_hard_fp_exn_rtti_unaligned_size\\lib\libc.a(libc_tinystdio_dtoa_ryu.c.o)
__pow5Factor                                      D:\\FSP\\toolchains\\llvm_arm\\ATfE-21.1.1-Windows-x86_64\\bin\\..\\lib\\clang-runtimes/arm-none-eabi/armv8m.main_hard_fp_exn_rtti_unaligned_size\\lib\libc.a(libc_tinystdio_ryu_table.c.o)
                                                  D:\\FSP\\toolchains\\llvm_arm\\ATfE-21.1.1-Windows-x86_64\\bin\\..\\lib\\clang-runtimes/arm-none-eabi/armv8m.main_hard_fp_exn_rtti_unaligned_size\\lib\libc.a(libc_tinystdio_dtoa_ryu.c.o)
__log10Pow5                                       D:\\FSP\\toolchains\\llvm_arm\\ATfE-21.1.1-Windows-x86_64\\bin\\..\\lib\\clang-runtimes/arm-none-eabi/armv8m.main_hard_fp_exn_rtti_unaligned_size\\lib\libc.a(libc_tinystdio_ryu_log10.c.o)
                                                  D:\\FSP\\toolchains\\llvm_arm\\ATfE-21.1.1-Windows-x86_64\\bin\\..\\lib\\clang-runtimes/arm-none-eabi/armv8m.main_hard_fp_exn_rtti_unaligned_size\\lib\libc.a(libc_tinystdio_dtoa_ryu.c.o)
__double_computePow5                              D:\\FSP\\toolchains\\llvm_arm\\ATfE-21.1.1-Windows-x86_64\\bin\\..\\lib\\clang-runtimes/arm-none-eabi/armv8m.main_hard_fp_exn_rtti_unaligned_size\\lib\libc.a(libc_tinystdio_ryu_table.c.o)
                                                  D:\\FSP\\toolchains\\llvm_arm\\ATfE-21.1.1-Windows-x86_64\\bin\\..\\lib\\clang-runtimes/arm-none-eabi/armv8m.main_hard_fp_exn_rtti_unaligned_size\\lib\libc.a(libc_tinystdio_dtoa_ryu.c.o)
__umul128                                         D:\\FSP\\toolchains\\llvm_arm\\ATfE-21.1.1-Windows-x86_64\\bin\\..\\lib\\clang-runtimes/arm-none-eabi/armv8m.main_hard_fp_exn_rtti_unaligned_size\\lib\libc.a(libc_tinystdio_ryu_umul128.c.o)
                                                  D:\\FSP\\toolchains\\llvm_arm\\ATfE-21.1.1-Windows-x86_64\\bin\\..\\lib\\clang-runtimes/arm-none-eabi/armv8m.main_hard_fp_exn_rtti_unaligned_size\\lib\libc.a(libc_tinystdio_dtoa_ryu.c.o)
                                                  D:\\FSP\\toolchains\\llvm_arm\\ATfE-21.1.1-Windows-x86_64\\bin\\..\\lib\\clang-runtimes/arm-none-eabi/armv8m.main_hard_fp_exn_rtti_unaligned_size\\lib\libc.a(libc_tinystdio_ryu_table.c.o)
__shiftright128                                   D:\\FSP\\toolchains\\llvm_arm\\ATfE-21.1.1-Windows-x86_64\\bin\\..\\lib\\clang-runtimes/arm-none-eabi/armv8m.main_hard_fp_exn_rtti_unaligned_size\\lib\libc.a(libc_tinystdio_ryu_umul128.c.o)
                                                  D:\\FSP\\toolchains\\llvm_arm\\ATfE-21.1.1-Windows-x86_64\\bin\\..\\lib\\clang-runtimes/arm-none-eabi/armv8m.main_hard_fp_exn_rtti_unaligned_size\\lib\libc.a(libc_tinystdio_dtoa_ryu.c.o)
                                                  D:\\FSP\\toolchains\\llvm_arm\\ATfE-21.1.1-Windows-x86_64\\bin\\..\\lib\\clang-runtimes/arm-none-eabi/armv8m.main_hard_fp_exn_rtti_unaligned_size\\lib\libc.a(libc_tinystdio_ryu_table.c.o)
__isnand                                          D:\\FSP\\toolchains\\llvm_arm\\ATfE-21.1.1-Windows-x86_64\\bin\\..\\lib\\clang-runtimes/arm-none-eabi/armv8m.main_hard_fp_exn_rtti_unaligned_size\\lib\libc.a(libm_common_s_isnan.c.o)
                                                  D:\\FSP\\toolchains\\llvm_arm\\ATfE-21.1.1-Windows-x86_64\\bin\\..\\lib\\clang-runtimes/arm-none-eabi/armv8m.main_hard_fp_exn_rtti_unaligned_size\\lib\libc.a(libm_machine_arm_s_sqrt.c.o)
                                                  D:\\FSP\\toolchains\\llvm_arm\\ATfE-21.1.1-Windows-x86_64\\bin\\..\\lib\\clang-runtimes/arm-none-eabi/armv8m.main_hard_fp_exn_rtti_unaligned_size\\lib\libc.a(libm_common_math_err_invalid.c.o)
sqrtl                                             D:\\FSP\\toolchains\\llvm_arm\\ATfE-21.1.1-Windows-x86_64\\bin\\..\\lib\\clang-runtimes/arm-none-eabi/armv8m.main_hard_fp_exn_rtti_unaligned_size\\lib\libc.a(libm_machine_arm_s_sqrt.c.o)
roundl                                            D:\\FSP\\toolchains\\llvm_arm\\ATfE-21.1.1-Windows-x86_64\\bin\\..\\lib\\clang-runtimes/arm-none-eabi/armv8m.main_hard_fp_exn_rtti_unaligned_size\\lib\libc.a(libm_machine_arm_s_round.c.o)
acosl                                             D:\\FSP\\toolchains\\llvm_arm\\ATfE-21.1.1-Windows-x86_64\\bin\\..\\lib\\clang-runtimes/arm-none-eabi/armv8m.main_hard_fp_exn_rtti_unaligned_size\\lib\libc.a(libm_math_s_acos.c.o)
atan                                              D:\\FSP\\toolchains\\llvm_arm\\ATfE-21.1.1-Windows-x86_64\\bin\\..\\lib\\clang-runtimes/arm-none-eabi/armv8m.main_hard_fp_exn_rtti_unaligned_size\\lib\libc.a(libm_math_s_atan.c.o)
                                                  D:\\FSP\\toolchains\\llvm_arm\\ATfE-21.1.1-Windows-x86_64\\bin\\..\\lib\\clang-runtimes/arm-none-eabi/armv8m.main_hard_fp_exn_rtti_unaligned_size\\lib\libc.a(libm_math_s_atan2.c.o)
atan2l                                            D:\\FSP\\toolchains\\llvm_arm\\ATfE-21.1.1-Windows-x86_64\\bin\\..\\lib\\clang-runtimes/arm-none-eabi/armv8m.main_hard_fp_exn_rtti_unaligned_size\\lib\libc.a(libm_math_s_atan2.c.o)
atanl                                             D:\\FSP\\toolchains\\llvm_arm\\ATfE-21.1.1-Windows-x86_64\\bin\\..\\lib\\clang-runtimes/arm-none-eabi/armv8m.main_hard_fp_exn_rtti_unaligned_size\\lib\libc.a(libm_math_s_atan.c.o)
isnan                                             D:\\FSP\\toolchains\\llvm_arm\\ATfE-21.1.1-Windows-x86_64\\bin\\..\\lib\\clang-runtimes/arm-none-eabi/armv8m.main_hard_fp_exn_rtti_unaligned_size\\lib\libc.a(libm_common_s_isnan.c.o)
isnanl                                            D:\\FSP\\toolchains\\llvm_arm\\ATfE-21.1.1-Windows-x86_64\\bin\\..\\lib\\clang-runtimes/arm-none-eabi/armv8m.main_hard_fp_exn_rtti_unaligned_size\\lib\libc.a(libm_common_s_isnan.c.o)
__isnanl                                          D:\\FSP\\toolchains\\llvm_arm\\ATfE-21.1.1-Windows-x86_64\\bin\\..\\lib\\clang-runtimes/arm-none-eabi/armv8m.main_hard_fp_exn_rtti_unaligned_size\\lib\libc.a(libm_common_s_isnan.c.o)
