     VMA      LMA     Size Align Out     In      Symbol
       0        0        0     1 RAM_START = 0x22000000
       0        0        0     1 RAM_LENGTH = 0x000ea000
       0        0        0     1 FLASH_START = 0x02000000
       0        0        0     1 FLASH_LENGTH = 0x00080000
       0        0        0     1 DATA_FLASH_START = 0x27000000
       0        0        0     1 DATA_FLASH_LENGTH = 0x00000000
       0        0        0     1 SDRAM_START = 0x68000000
       0        0        0     1 SDRAM_LENGTH = 0x04000000
       0        0        0     1 OSPI0_CS0_START = 0x80000000
       0        0        0     1 OSPI0_CS0_LENGTH = 0x08000000
       0        0        0     1 OSPI0_CS1_START = 0x90000000
       0        0        0     1 OSPI0_CS1_LENGTH = 0x08000000
       0        0        0     1 OSPI1_CS0_START = 0x70000000
       0        0        0     1 OSPI1_CS0_LENGTH = 0x04000000
       0        0        0     1 OSPI1_CS1_START = 0x78000000
       0        0        0     1 OSPI1_CS1_LENGTH = 0x04000000
       0        0        0     1 OPTION_SETTING_OFS0_START = 0x02c9f040
       0        0        0     1 OPTION_SETTING_OFS0_LENGTH = 0x00000004
       0        0        0     1 OPTION_SETTING_OFS2_START = 0x02c9f044
       0        0        0     1 OPTION_SETTING_OFS2_LENGTH = 0x00000004
       0        0        0     1 OPTION_SETTING_SAS_START = 0x02c9f074
       0        0        0     1 OPTION_SETTING_SAS_LENGTH = 0x00000004
       0        0        0     1 OPTION_SETTING_OFS1_START = 0x12c9f4c0
       0        0        0     1 OPTION_SETTING_OFS1_LENGTH = 0x00000004
       0        0        0     1 OPTION_SETTING_OFS1_SEC_START = 0x02c9f0c0
       0        0        0     1 OPTION_SETTING_OFS1_SEC_LENGTH = 0x00000004
       0        0        0     1 OPTION_SETTING_OFS1_SEL_START = 0x02c9f120
       0        0        0     1 OPTION_SETTING_OFS1_SEL_LENGTH = 0x00000004
       0        0        0     1 OPTION_SETTING_OFS3_START = 0x12c9f4c4
       0        0        0     1 OPTION_SETTING_OFS3_LENGTH = 0x00000004
       0        0        0     1 OPTION_SETTING_OFS3_SEC_START = 0x02c9f0c4
       0        0        0     1 OPTION_SETTING_OFS3_SEC_LENGTH = 0x00000004
       0        0        0     1 OPTION_SETTING_OFS3_SEL_START = 0x02c9f124
       0        0        0     1 OPTION_SETTING_OFS3_SEL_LENGTH = 0x00000004
       0        0        0     1 OPTION_SETTING_BPS_START = 0x12c9f600
       0        0        0     1 OPTION_SETTING_BPS_LENGTH = 0x00000080
       0        0        0     1 OPTION_SETTING_BPS_SEC_START = 0x02c9f200
       0        0        0     1 OPTION_SETTING_BPS_SEC_LENGTH = 0x00000080
       0        0        0     1 OPTION_SETTING_OTP_FSBLCTRL0_START = 0x02e07600
       0        0        0     1 OPTION_SETTING_OTP_FSBLCTRL0_LENGTH = 0x00000004
       0        0        0     1 OPTION_SETTING_OTP_FSBLCTRL1_START = 0x02e07604
       0        0        0     1 OPTION_SETTING_OTP_FSBLCTRL1_LENGTH = 0x00000004
       0        0        0     1 OPTION_SETTING_OTP_FSBLCTRL2_START = 0x02e07608
       0        0        0     1 OPTION_SETTING_OTP_FSBLCTRL2_LENGTH = 0x00000004
       0        0        0     1 OPTION_SETTING_OTP_SAMR_START = 0x02e07614
       0        0        0     1 OPTION_SETTING_OTP_SAMR_LENGTH = 0x00000004
       0        0        0     1 OPTION_SETTING_OTP_SACC00_START = 0x02e07620
       0        0        0     1 OPTION_SETTING_OTP_SACC00_LENGTH = 0x00000004
       0        0        0     1 OPTION_SETTING_OTP_SACC10_START = 0x02e07630
       0        0        0     1 OPTION_SETTING_OTP_SACC10_LENGTH = 0x00000004
       0        0        0     1 OPTION_SETTING_OTP_SACC01_START = 0x02e07640
       0        0        0     1 OPTION_SETTING_OTP_SACC01_LENGTH = 0x00000004
       0        0        0     1 OPTION_SETTING_OTP_SACC11_START = 0x02e07650
       0        0        0     1 OPTION_SETTING_OTP_SACC11_LENGTH = 0x00000004
       0        0        0     1 OPTION_SETTING_OTP_SACC02_START = 0x02e07660
       0        0        0     1 OPTION_SETTING_OTP_SACC02_LENGTH = 0x00000004
       0        0        0     1 OPTION_SETTING_OTP_SACC12_START = 0x02e07670
       0        0        0     1 OPTION_SETTING_OTP_SACC12_LENGTH = 0x00000004
       0        0        0     1 OPTION_SETTING_OTP_SACC03_START = 0x02e07680
       0        0        0     1 OPTION_SETTING_OTP_SACC03_LENGTH = 0x00000004
       0        0        0     1 OPTION_SETTING_OTP_SACC13_START = 0x02e07690
       0        0        0     1 OPTION_SETTING_OTP_SACC13_LENGTH = 0x00000004
       0        0        0     1 OPTION_SETTING_OTP_PBPS_SEC_START = 0x02e17700
       0        0        0     1 OPTION_SETTING_OTP_PBPS_SEC_LENGTH = 0x00000080
       0        0        0     1 OPTION_SETTING_OTP_PBPS_START = 0x12e17780
       0        0        0     1 OPTION_SETTING_OTP_PBPS_LENGTH = 0x00000080
       0        0        0     1 OPTION_SETTING_OTP_ZHUK_START = 0x02e17920
       0        0        0     1 OPTION_SETTING_OTP_ZHUK_LENGTH = 0x00000004
       0        0        0     1 ITCM_START = 0x00000000
       0        0        0     1 ITCM_LENGTH = 0x00020000
       0        0        0     1 DTCM_START = 0x20000000
       0        0        0     1 DTCM_LENGTH = 0x00020000
90000000 90000000        0     1 .ospi0_cs1.startof
90000000 90000000        0     1         __ddsc_OSPI0_CS1_START = .
68000000 68000000        0     1 .sdram.startof
68000000 68000000        0     1         __ddsc_SDRAM_START = .
68000000 68000000        0     1 __sdram_from_ospi0_cs1$$
68000000 68000000        0     1         __sdram_from_ospi0_cs1$$Base = .
68000000 68000000        0     1         __sdram_from_ospi0_cs1$$Load = LOADADDR(__sdram_from_ospi0_cs1$$)
68000000 68000000        0     1         __sdram_from_ospi0_cs1$$Limit = .
80000000 80000000        0     1 .ospi0_cs0.startof
80000000 80000000        0     1         __ddsc_OSPI0_CS0_START = .
80000000 80000000        0     1 __ospi0_cs0_from_ospi0_cs1$$
80000000 80000000        0     1         __ospi0_cs0_from_ospi0_cs1$$Base = .
80000000 80000000        0     1         __ospi0_cs0_from_ospi0_cs1$$Load = LOADADDR(__ospi0_cs0_from_ospi0_cs1$$)
80000000 80000000        0     1         __ospi0_cs0_from_ospi0_cs1$$Limit = .
70000000 70000000        0     1 .ospi1_cs0.startof
70000000 70000000        0     1         __ddsc_OSPI1_CS0_START = .
70000000 70000000        0     1 __ospi1_cs0_from_ospi0_cs1$$
70000000 70000000        0     1         __ospi1_cs0_from_ospi0_cs1$$Base = .
70000000 70000000        0     1         __ospi1_cs0_from_ospi0_cs1$$Load = LOADADDR(__ospi1_cs0_from_ospi0_cs1$$)
70000000 70000000        0     1         __ospi1_cs0_from_ospi0_cs1$$Limit = .
       0        0        0     1 .itcm.startof
       0        0        0     1         __ddsc_ITCM_START = .
       0        0        0     1 __itcm_from_ospi0_cs1$$
       0        0        0     1         __itcm_from_ospi0_cs1$$Base = .
       0        0        0     1         __itcm_from_ospi0_cs1$$Load = LOADADDR(__itcm_from_ospi0_cs1$$)
       0        0        0     1         __itcm_from_ospi0_cs1$$Limit = .
20000000 20000000        0     1 .dtcm.startof
20000000 20000000        0     1         __ddsc_DTCM_START = .
20000000 20000000        0     1 __dtcm_from_ospi0_cs1$$
20000000 20000000        0     1         __dtcm_from_ospi0_cs1$$Base = .
20000000 20000000        0     1         __dtcm_from_ospi0_cs1$$Load = LOADADDR(__dtcm_from_ospi0_cs1$$)
20000000 20000000        0     1         __dtcm_from_ospi0_cs1$$Limit = .
22000000 22000000        0     1 .ram.startof
22000000 22000000        0     1         __ddsc_RAM_START = .
22000000 22000000        0     1 __ram_dtc_vector$$
22000000 22000000        0     1         __ram_dtc_vector$$Base = .
22000000 22000000        0     1         __ram_dtc_vector$$Limit = .
22000000 22000000        0     1 __ram_from_ospi0_cs1$$
22000000 22000000        0     1         __ram_from_ospi0_cs1$$Base = .
22000000 22000000        0     1         __ram_from_ospi0_cs1$$Load = LOADADDR(__ram_from_ospi0_cs1$$)
22000000 22000000        0     1         __ram_from_ospi0_cs1$$Limit = .
90000000 90000000        0     1 __ospi0_cs1_readonly$$
90000000 90000000        0     1         __ospi0_cs1_readonly$$Base = .
90000000 90000000        0     1         __ospi0_cs1_readonly$$Limit = .
90000000 90000000        0     1 __ospi0_cs1_noinit$$
90000000 90000000        0     1         __ospi0_cs1_noinit$$Base = .
90000000 90000000        0     1         __ospi0_cs1_noinit$$Limit = .
90000000 90000000        0     1 .ospi0_cs1.endof
90000000 90000000        0     1         __ddsc_OSPI0_CS1_END = .
78000000 78000000        0     1 .ospi1_cs1.startof
78000000 78000000        0     1         __ddsc_OSPI1_CS1_START = .
68000000 68000000        0     1 __sdram_from_ospi1_cs1$$
68000000 68000000        0     1         __sdram_from_ospi1_cs1$$Base = .
68000000 68000000        0     1         __sdram_from_ospi1_cs1$$Load = LOADADDR(__sdram_from_ospi1_cs1$$)
68000000 68000000        0     1         __sdram_from_ospi1_cs1$$Limit = .
80000000 80000000        0     1 __ospi0_cs0_from_ospi1_cs1$$
80000000 80000000        0     1         __ospi0_cs0_from_ospi1_cs1$$Base = .
80000000 80000000        0     1         __ospi0_cs0_from_ospi1_cs1$$Load = LOADADDR(__ospi0_cs0_from_ospi1_cs1$$)
80000000 80000000        0     1         __ospi0_cs0_from_ospi1_cs1$$Limit = .
70000000 70000000        0     1 __ospi1_cs0_from_ospi1_cs1$$
70000000 70000000        0     1         __ospi1_cs0_from_ospi1_cs1$$Base = .
70000000 70000000        0     1         __ospi1_cs0_from_ospi1_cs1$$Load = LOADADDR(__ospi1_cs0_from_ospi1_cs1$$)
70000000 70000000        0     1         __ospi1_cs0_from_ospi1_cs1$$Limit = .
       0        0        0     1 __itcm_from_ospi1_cs1$$
       0        0        0     1         __itcm_from_ospi1_cs1$$Base = .
       0        0        0     1         __itcm_from_ospi1_cs1$$Load = LOADADDR(__itcm_from_ospi1_cs1$$)
       0        0        0     1         __itcm_from_ospi1_cs1$$Limit = .
20000000 20000000        0     1 __dtcm_from_ospi1_cs1$$
20000000 20000000        0     1         __dtcm_from_ospi1_cs1$$Base = .
20000000 20000000        0     1         __dtcm_from_ospi1_cs1$$Load = LOADADDR(__dtcm_from_ospi1_cs1$$)
20000000 20000000        0     1         __dtcm_from_ospi1_cs1$$Limit = .
22000000 22000000        0     1 __ram_from_ospi1_cs1$$
22000000 22000000        0     1         __ram_from_ospi1_cs1$$Base = .
22000000 22000000        0     1         __ram_from_ospi1_cs1$$Load = LOADADDR(__ram_from_ospi1_cs1$$)
22000000 22000000        0     1         __ram_from_ospi1_cs1$$Limit = .
78000000 78000000        0     1 __ospi1_cs1_readonly$$
78000000 78000000        0     1         __ospi1_cs1_readonly$$Base = .
78000000 78000000        0     1         __ospi1_cs1_readonly$$Limit = .
78000000 78000000        0     1 __ospi1_cs1_noinit$$
78000000 78000000        0     1         __ospi1_cs1_noinit$$Base = .
78000000 78000000        0     1         __ospi1_cs1_noinit$$Limit = .
78000000 78000000        0     1 .ospi1_cs1.endof
78000000 78000000        0     1         __ddsc_OSPI1_CS1_END = .
27000000 27000000        0     1 .data_flash.startof
27000000 27000000        0     1         __ddsc_DATA_FLASH_START = .
68000000 68000000        0     1 __sdram_from_data_flash$$
68000000 68000000        0     1         __sdram_from_data_flash$$Base = .
68000000 68000000        0     1         __sdram_from_data_flash$$Load = LOADADDR(__sdram_from_data_flash$$)
68000000 68000000        0     1         __sdram_from_data_flash$$Limit = .
80000000 80000000        0     1 __ospi0_cs0_from_data_flash$$
80000000 80000000        0     1         __ospi0_cs0_from_data_flash$$Base = .
80000000 80000000        0     1         __ospi0_cs0_from_data_flash$$Load = LOADADDR(__ospi0_cs0_from_data_flash$$)
80000000 80000000        0     1         __ospi0_cs0_from_data_flash$$Limit = .
70000000 70000000        0     1 __ospi1_cs0_from_data_flash$$
70000000 70000000        0     1         __ospi1_cs0_from_data_flash$$Base = .
70000000 70000000        0     1         __ospi1_cs0_from_data_flash$$Load = LOADADDR(__ospi1_cs0_from_data_flash$$)
70000000 70000000        0     1         __ospi1_cs0_from_data_flash$$Limit = .
       0        0        0     1 __itcm_from_data_flash$$
       0        0        0     1         __itcm_from_data_flash$$Base = .
       0        0        0     1         __itcm_from_data_flash$$Load = LOADADDR(__itcm_from_data_flash$$)
       0        0        0     1         __itcm_from_data_flash$$Limit = .
20000000 20000000        0     1 __dtcm_from_data_flash$$
20000000 20000000        0     1         __dtcm_from_data_flash$$Base = .
20000000 20000000        0     1         __dtcm_from_data_flash$$Load = LOADADDR(__dtcm_from_data_flash$$)
20000000 20000000        0     1         __dtcm_from_data_flash$$Limit = .
22000000 22000000        0     1 __ram_from_data_flash$$
22000000 22000000        0     1         __ram_from_data_flash$$Base = .
22000000 22000000        0     1         __ram_from_data_flash$$Load = LOADADDR(__ram_from_data_flash$$)
22000000 22000000        0     1         __ram_from_data_flash$$Limit = .
27000000 27000000        0     1 __data_flash_readonly$$
27000000 27000000        0     1         __data_flash_readonly$$Base = .
27000000 27000000        0     1         __data_flash_readonly$$Limit = .
27000000 27000000        0     1 __data_flash_noinit$$
27000000 27000000        0     1         __data_flash_noinit$$Base = .
27000000 27000000        0     1         __data_flash_noinit$$Limit = .
27000000 27000000        0     1 .data_flash.endof
27000000 27000000        0     1         __ddsc_DATA_FLASH_END = .
 2000000  2000000        0     1 .flash.startof
 2000000  2000000        0     1         __ddsc_FLASH_START = .
 2000000  2000000       68     4 __flash_vectors$$
 2000000  2000000        0     1         __flash_vectors$$Base = .
 2000000  2000000        0     1         _VECTORS = .
 2000000  2000000       40     4         ./ra/fsp/src/bsp/cmsis/Device/RENESAS/Source/startup.o:(.fixed_vectors)
 2000000  2000000       40     1                 __Vectors
 2000040  2000040       28     4         ./ra_gen/vector_data.o:(.application_vectors)
 2000040  2000040       28     1                 g_vector_table
 2000068  2000068        0     1         __flash_vectors$$Limit = .
 2000068  2000068        0     1 __flash_noinit$$
 2000068  2000068        0     1         __flash_noinit$$Base = .
 2000068  2000068        0     1         __flash_noinit$$Limit = .
68000000 68000000        0     1 __sdram_from_flash$$
68000000 68000000        0     1         __sdram_from_flash$$Base = .
68000000 68000000        0     1         __sdram_from_flash$$Load = LOADADDR(__sdram_from_flash$$)
68000000 68000000        0     1         __sdram_from_flash$$Limit = .
68000000 68000000        0     1 __sdram_noinit_nocache$$
68000000 68000000        0     1         __sdram_noinit_nocache$$Base = .
68000000 68000000        0     1         __sdram_noinit_nocache$$Limit = .
68000000 68000000    9a380    32 __sdram_zero_nocache$$
68000000 68000000        0     1         __sdram_zero_nocache$$Base = .
68000000 68000000    6c000    32         ./src/models/sub_0001_invoke.o:(.sdram_nocache)
68000000 68000000    6c000     1                 sub_0001_arena
6806c000 6806c000     8b80    32         ./src/models/sub_0003_invoke.o:(.sdram_nocache)
6806c000 6806c000     8b80     1                 sub_0003_arena
68074b80 68074b80    25800    32         ./src/hardware/camera_stream.o:(.sdram_nocache)
68074b80 68074b80    25800     1                 g_camera_frame
6809a380 6809a380        0     1         . = ALIGN(32)
6809a380 6809a380        0     1         __sdram_zero_nocache$$Limit = .
6809a380 6809a380        0     1 __sdram_noinit$$
6809a380 6809a380        0     1         __sdram_noinit$$Base = .
6809a380 6809a380        0     1         __sdram_noinit$$Limit = .
6809a380 6809a380        0     1 __sdram_zero$$
6809a380 6809a380        0     1         __sdram_zero$$Base = .
6809a380 6809a380        0     1         __sdram_zero$$Limit = .
6809a400 6809a400        0     1 .sdram.endof
6809a400 6809a400        0     1         __ddsc_SDRAM_END = .
80000000 80000000        0     1 __ospi0_cs0_from_flash$$
80000000 80000000        0     1         __ospi0_cs0_from_flash$$Base = .
80000000 80000000        0     1         __ospi0_cs0_from_flash$$Load = LOADADDR(__ospi0_cs0_from_flash$$)
80000000 80000000        0     1         __ospi0_cs0_from_flash$$Limit = .
80000000 80000000        0     1 __ospi0_cs0_noinit_nocache$$
80000000 80000000        0     1         __ospi0_cs0_noinit_nocache$$Base = .
80000000 80000000        0     1         __ospi0_cs0_noinit_nocache$$Limit = .
80000000 80000000        0     1 __ospi0_cs0_zero_nocache$$
80000000 80000000        0     1         __ospi0_cs0_zero_nocache$$Base = .
80000000 80000000        0     1         . = ALIGN(32)
80000000 80000000        0     1         __ospi0_cs0_zero_nocache$$Limit = .
80000000 80000000        0     1 __ospi0_cs0_noinit$$
80000000 80000000        0     1         __ospi0_cs0_noinit$$Base = .
80000000 80000000        0     1         __ospi0_cs0_noinit$$Limit = .
80000000 80000000        0     1 __ospi0_cs0_zero$$
80000000 80000000        0     1         __ospi0_cs0_zero$$Base = .
80000000 80000000        0     1         __ospi0_cs0_zero$$Limit = .
80000000 80000000        0     1 .ospi0_cs0.endof
80000000 80000000        0     1         __ddsc_OSPI0_CS0_END = .
70000000 70000000        0     1 __ospi1_cs0_from_flash$$
70000000 70000000        0     1         __ospi1_cs0_from_flash$$Base = .
70000000 70000000        0     1         __ospi1_cs0_from_flash$$Load = LOADADDR(__ospi1_cs0_from_flash$$)
70000000 70000000        0     1         __ospi1_cs0_from_flash$$Limit = .
70000000 70000000        0     1 __ospi1_cs0_noinit_nocache$$
70000000 70000000        0     1         __ospi1_cs0_noinit_nocache$$Base = .
70000000 70000000        0     1         __ospi1_cs0_noinit_nocache$$Limit = .
70000000 70000000        0     1 __ospi1_cs0_zero_nocache$$
70000000 70000000        0     1         __ospi1_cs0_zero_nocache$$Base = .
70000000 70000000        0     1         . = ALIGN(32)
70000000 70000000        0     1         __ospi1_cs0_zero_nocache$$Limit = .
70000000 70000000        0     1 __ospi1_cs0_noinit$$
70000000 70000000        0     1         __ospi1_cs0_noinit$$Base = .
70000000 70000000        0     1         __ospi1_cs0_noinit$$Limit = .
70000000 70000000        0     1 __ospi1_cs0_zero$$
70000000 70000000        0     1         __ospi1_cs0_zero$$Base = .
70000000 70000000        0     1         __ospi1_cs0_zero$$Limit = .
70000000 70000000        0     1 .ospi1_cs0.endof
70000000 70000000        0     1         __ddsc_OSPI1_CS0_END = .
       0        0        0     1 __itcm_from_flash$$
       0        0        0     1         __itcm_from_flash$$Base = .
       0        0        0     1         __itcm_from_flash$$Load = LOADADDR(__itcm_from_flash$$)
       0        0        0     1         __itcm_from_flash$$Limit = .
       0        0        0     1 __itcm_noinit$$
       0        0        0     1         __itcm_noinit$$Base = .
       0        0        0     1         __itcm_noinit$$Limit = .
       0        0        0     1 __itcm_zero$$
       0        0        0     1         __itcm_zero$$Base = .
       0        0        0     1         __itcm_zero$$Limit = .
       0        0        0     1 .itcm.endof
       0        0        0     1         __ddsc_ITCM_END = .
20000000 20000000        0     1 __dtcm_from_flash$$
20000000 20000000        0     1         __dtcm_from_flash$$Base = .
20000000 20000000        0     1         __dtcm_from_flash$$Load = LOADADDR(__dtcm_from_flash$$)
20000000 20000000        0     1         __dtcm_from_flash$$Limit = .
20000000 20000000        0     1 __dtcm_noinit$$
20000000 20000000        0     1         __dtcm_noinit$$Base = .
20000000 20000000        0     1         __dtcm_noinit$$Limit = .
20000000 20000000        0     1 __dtcm_zero$$
20000000 20000000        0     1         __dtcm_zero$$Base = .
20000000 20000000        0     1         __dtcm_zero$$Limit = .
20000000 20000000        0     1 .dtcm.endof
20000000 20000000        0     1         __ddsc_DTCM_END = .
22000000  2000068       20     4 __ram_from_flash$$
22000000  2000068        0     1         __ram_from_flash$$Base = .
22000000  2000068        0     1         __ram_from_flash$$Load = LOADADDR(__ram_from_flash$$)
22000000  2000068        4     4         ./ra_gen/common_data.o:(.data.g_rm_ethosu0_ext_cfg)
22000000  2000068        4     1                 g_rm_ethosu0_ext_cfg
22000004  200006c       18     4         ./ra_gen/common_data.o:(.data.g_rm_ethosu0_ctrl)
22000004  200006c       18     1                 g_rm_ethosu0_ctrl
2200001c  2000084        4     4         ./ra_gen/hal_data.o:(.data.g_uart9_baud_setting)
2200001c  2000084        4     1                 g_uart9_baud_setting
22000020  2000088        0     1         __ram_from_flash$$Limit = .
22000020 22000020        0     1 __ram_noinit_nocache$$
22000020 22000020        0     1         __ram_noinit_nocache$$Base = .
22000020 22000020        0     1         __ram_noinit_nocache$$Limit = .
22000020 22000020        0     1 __ram_zero_nocache$$
22000020 22000020        0     1         __ram_zero_nocache$$Base = .
22000020 22000020        0     1         . = ALIGN(32)
22000020 22000020        0     1         __ram_zero_nocache$$Limit = .
22000020 22000020     402c     8 __ram_noinit$$
22000020 22000020        0     1         __ram_noinit$$Base = .
22000020 22000020     4000     8         ./ra/fsp/src/bsp/cmsis/Device/RENESAS/Source/startup.o:(.bss.g_main_stack)
22000020 22000020     4000     1                 g_main_stack
22004020 22004020       2c     4         ./ra/fsp/src/bsp/mcu/all/bsp_clocks.o:(.ram_noinit)
22004020 22004020       2c     1                 g_clock_freq
2200404c 2200404c        0     1         __ram_noinit$$Limit = .
22004050 22004050    98d2c     8 __ram_zero$$
22004050 22004050        0     1         __ram_zero$$Base = .
22004050 22004050    6c000     4         ./src/models/model.o:(.bss.buf_images)
22004050 22004050    6c000     1                 buf_images
22070050 22070050     3600     4         ./src/models/model.o:(.bss.buf_p4_12x12_70454)
22070050 22070050     3600     1                 buf_p4_12x12_70454
22073650 22073650      d80     4         ./src/models/model.o:(.bss.buf_p5_6x6_70436)
22073650 22073650      d80     1                 buf_p5_6x6_70436
220743d0 220743d0    1b005     1         ./src/models/model.o:(.bss.compute_arena_sub_0000)
220743d0 220743d0    1b005     1                 compute_arena_sub_0000
2208f3d5 2208f3d5      365     1         ./src/models/model.o:(.bss.compute_arena_sub_0002)
2208f3d5 2208f3d5      365     1                 compute_arena_sub_0002
2208f73c 2208f73c     3600     4         ./src/models/model.o:(.bss.buf__843_70441_11067)
2208f73c 2208f73c     3600     1                 buf__843_70441_11067
22092d3c 22092d3c      d85     1         ./src/models/model.o:(.bss.compute_arena_sub_0004)
22092d3c 22092d3c      d85     1                 compute_arena_sub_0004
22093ac1 22093ac1        1     1         ./src/hardware/app_detection.o:(.bss.g_detection_initialized)
22093ac1 22093ac1        1     1                 g_detection_initialized
22093ac4 22093ac4      180     4         ./src/hardware/app_detection.o:(.bss.g_outputs)
22093ac4 22093ac4      180     1                 g_outputs
22093c44 22093c44       60     1         ./src/hardware/app_detection.o:(.bss.g_det_line)
22093c44 22093c44       60     1                 g_det_line
22093ca4 22093ca4      600     4         ./src/hardware/app_detection.o:(.bss.g_candidates)
22093ca4 22093ca4      600     1                 g_candidates
220942a4 220942a4        1     1         ./src/hardware/camera_ov5640.o:(.bss.g_i2c_error)
220942a4 220942a4        1     1                 g_i2c_error
220942a5 220942a5        1     1         ./src/hardware/camera_ov5640.o:(.bss.g_i2c_done)
220942a5 220942a5        1     1                 g_i2c_done
220942a8 220942a8        4     4         ./src/hardware/camera_ov5640.o:(.bss.g_ceu_events)
220942a8 220942a8        4     1                 g_ceu_events
220942ac 220942ac        1     1         ./src/hardware/camera_ov5640.o:(.bss.g_frame_done)
220942ac 220942ac        1     1                 g_frame_done
220942b0 220942b0       10     4         ./src/hardware/camera_stream.o:(.bss.g_uart_callback_memory)
220942b0 220942b0       10     1                 g_uart_callback_memory
220942c0 220942c0       c0     4         ./src/hardware/camera_stream.o:(.bss.g_detection_results)
220942c0 220942c0       c0     1                 g_detection_results
22094380 22094380       60     1         ./src/hardware/camera_stream.o:(.bss.g_uart_line)
22094380 22094380       60     1                 g_uart_line
220943e0 220943e0        1     1         ./src/hardware/camera_stream.o:(.bss.g_uart_tx_busy)
220943e0 220943e0        1     1                 g_uart_tx_busy
220943e4 220943e4       60     4         ./ra_gen/Camera_thread.o:(.bss.Camera_thread_memory)
220943e4 220943e4       60     1                 Camera_thread_memory
22094444 22094444        4     4         ./ra_gen/Camera_thread.o:(.bss.Camera_thread)
22094444 22094444        4     1                 Camera_thread
22094448 22094448       48     8         ./ra_gen/common_data.o:(.bss.g_ethosu0)
22094448 22094448       48     1                 g_ethosu0
22094490 22094490        8     4         ./ra_gen/common_data.o:(.bss.g_ioport_ctrl)
22094490 22094490        8     1                 g_ioport_ctrl
22094498 22094498       1c     4         ./ra_gen/hal_data.o:(.bss.g_ipc0_ctrl)
22094498 22094498       1c     1                 g_ipc0_ctrl
220944b4 220944b4       34     4         ./ra_gen/hal_data.o:(.bss.g_uart9_ctrl)
220944b4 220944b4       34     1                 g_uart9_ctrl
220944e8 220944e8       20     4         ./ra_gen/hal_data.o:(.bss.g_ceu0_ctrl)
220944e8 220944e8       20     1                 g_ceu0_ctrl
22094508 22094508       40     4         ./ra_gen/hal_data.o:(.bss.g_i2c_camera_ctrl)
22094508 22094508       40     1                 g_i2c_camera_ctrl
22094548 22094548        4     4         ./ra_gen/main.o:(.bss.g_fsp_common_initialized_semaphore)
22094548 22094548        4     1                 g_fsp_common_initialized_semaphore
2209454c 2209454c        1     1         ./ra_gen/main.o:(.bss.g_fsp_common_initialized)
2209454c 2209454c        1     1                 g_fsp_common_initialized
22094550 22094550        4     4         ./ra_gen/main.o:(.bss.g_fsp_common_thread_count)
22094550 22094550        4     1                 g_fsp_common_thread_count
22094554 22094554       48     4         ./ra_gen/main.o:(.bss.g_fsp_common_initialized_semaphore_memory)
22094554 22094554       48     1                 g_fsp_common_initialized_semaphore_memory
2209459c 2209459c       60     4         ./ra_gen/main.o:(.bss.vApplicationGetIdleTaskMemory.xIdleTaskTCB)
2209459c 2209459c       60     1                 vApplicationGetIdleTaskMemory.xIdleTaskTCB
220945fc 220945fc      200     4         ./ra_gen/main.o:(.bss.vApplicationGetIdleTaskMemory.uxIdleTaskStack)
220945fc 220945fc      200     1                 vApplicationGetIdleTaskMemory.uxIdleTaskStack
220947fc 220947fc       60     4         ./ra_gen/main.o:(.bss.vApplicationGetTimerTaskMemory.xTimerTaskTCB)
220947fc 220947fc       60     1                 vApplicationGetTimerTaskMemory.xTimerTaskTCB
2209485c 2209485c      200     4         ./ra_gen/main.o:(.bss.vApplicationGetTimerTaskMemory.uxTimerTaskStack)
2209485c 2209485c      200     1                 vApplicationGetTimerTaskMemory.uxTimerTaskStack
22094a5c 22094a5c        1     1         ./ra/npu/ethos-u-core-driver/src/ethosu_driver.o:(.bss.ethosu_mutex_create.mutex_placeholder)
22094a5c 22094a5c        1     1                 ethosu_mutex_create.mutex_placeholder
22094a60 22094a60        4     4         ./ra/npu/ethos-u-core-driver/src/ethosu_driver.o:(.bss.ethosu_mutex)
22094a60 22094a60        4     1                 ethosu_mutex
22094a64 22094a64        4     4         ./ra/npu/ethos-u-core-driver/src/ethosu_driver.o:(.bss.ethosu_semaphore)
22094a64 22094a64        4     1                 ethosu_semaphore
22094a68 22094a68        4     4         ./ra/npu/ethos-u-core-driver/src/ethosu_driver.o:(.bss.registered_drivers)
22094a68 22094a68        4     1                 registered_drivers
22094a6c 22094a6c        4     4         ./ra/fsp/src/rm_freertos_port/port.o:(.bss.uxCriticalNesting)
22094a6c 22094a6c        4     1                 uxCriticalNesting
22094a70 22094a70        4     4         ./ra/fsp/src/rm_freertos_port/port.o:(.bss.g_mask_level_before_disable)
22094a70 22094a70        4     1                 g_mask_level_before_disable
22094a74 22094a74       54     4         ./ra/fsp/src/bsp/mcu/all/bsp_group_irq.o:(.bss.g_bsp_group_irq_sources)
22094a74 22094a74       54     1                 g_bsp_group_irq_sources
22094ac8 22094ac8        4     4         ./ra/fsp/src/bsp/mcu/all/bsp_io.o:(.bss.g_protect_pfswe_counter)
22094ac8 22094ac8        4     1                 g_protect_pfswe_counter
22094acc 22094acc       28     4         ./ra/fsp/src/bsp/mcu/all/bsp_irq.o:(.bss.gp_renesas_isr_context)
22094acc 22094acc       28     1                 gp_renesas_isr_context
22094af4 22094af4        a     2         ./ra/fsp/src/bsp/mcu/all/bsp_register_protection.o:(.bss.g_protect_counters)
22094af4 22094af4        a     1                 g_protect_counters
22094b00 22094b00        4     4         ./ra/fsp/src/bsp/cmsis/Device/RENESAS/Source/system.o:(.bss.SystemCoreClock)
22094b00 22094b00        4     1                 SystemCoreClock
22094b04 22094b04        4     4         ./ra/aws/FreeRTOS/FreeRTOS/Source/portable/MemMang/heap_4.o:(.bss.pxEnd)
22094b04 22094b04        4     1                 pxEnd
22094b08 22094b08        4     4         ./ra/aws/FreeRTOS/FreeRTOS/Source/portable/MemMang/heap_4.o:(.bss.xFreeBytesRemaining)
22094b08 22094b08        4     1                 xFreeBytesRemaining
22094b0c 22094b0c        8     4         ./ra/aws/FreeRTOS/FreeRTOS/Source/portable/MemMang/heap_4.o:(.bss.xStart)
22094b0c 22094b0c        8     1                 xStart
22094b14 22094b14     8000     1         ./ra/aws/FreeRTOS/FreeRTOS/Source/portable/MemMang/heap_4.o:(.bss.ucHeap)
22094b14 22094b14     8000     1                 ucHeap
2209cb14 2209cb14        4     4         ./ra/aws/FreeRTOS/FreeRTOS/Source/portable/MemMang/heap_4.o:(.bss.xNumberOfSuccessfulFrees)
2209cb14 2209cb14        4     1                 xNumberOfSuccessfulFrees
2209cb18 2209cb18       50     4         ./ra/aws/FreeRTOS/FreeRTOS/Source/queue.o:(.bss.xQueueRegistry)
2209cb18 2209cb18       50     1                 xQueueRegistry
2209cb68 2209cb68        4     4         ./ra/aws/FreeRTOS/FreeRTOS/Source/tasks.o:(.bss.pxCurrentTCB)
2209cb68 2209cb68        4     1                 pxCurrentTCB
2209cb6c 2209cb6c        4     4         ./ra/aws/FreeRTOS/FreeRTOS/Source/tasks.o:(.bss.uxTaskNumber)
2209cb6c 2209cb6c        4     1                 uxTaskNumber
2209cb70 2209cb70        4     4         ./ra/aws/FreeRTOS/FreeRTOS/Source/tasks.o:(.bss.xSchedulerRunning)
2209cb70 2209cb70        4     1                 xSchedulerRunning
2209cb74 2209cb74       14     4         ./ra/aws/FreeRTOS/FreeRTOS/Source/tasks.o:(.bss.xTasksWaitingTermination)
2209cb74 2209cb74       14     1                 xTasksWaitingTermination
2209cb88 2209cb88        4     4         ./ra/aws/FreeRTOS/FreeRTOS/Source/tasks.o:(.bss.uxDeletedTasksWaitingCleanUp)
2209cb88 2209cb88        4     1                 uxDeletedTasksWaitingCleanUp
2209cb8c 2209cb8c        4     4         ./ra/aws/FreeRTOS/FreeRTOS/Source/tasks.o:(.bss.uxCurrentNumberOfTasks)
2209cb8c 2209cb8c        4     1                 uxCurrentNumberOfTasks
2209cb90 2209cb90        4     4         ./ra/aws/FreeRTOS/FreeRTOS/Source/tasks.o:(.bss.uxSchedulerSuspended)
2209cb90 2209cb90        4     1                 uxSchedulerSuspended
2209cb94 2209cb94        4     4         ./ra/aws/FreeRTOS/FreeRTOS/Source/tasks.o:(.bss.xTickCount)
2209cb94 2209cb94        4     1                 xTickCount
2209cb98 2209cb98       64     4         ./ra/aws/FreeRTOS/FreeRTOS/Source/tasks.o:(.bss.pxReadyTasksLists)
2209cb98 2209cb98       64     1                 pxReadyTasksLists
2209cbfc 2209cbfc        4     4         ./ra/aws/FreeRTOS/FreeRTOS/Source/tasks.o:(.bss.uxTopReadyPriority)
2209cbfc 2209cbfc        4     1                 uxTopReadyPriority
2209cc00 2209cc00       14     4         ./ra/aws/FreeRTOS/FreeRTOS/Source/tasks.o:(.bss.xSuspendedTaskList)
2209cc00 2209cc00       14     1                 xSuspendedTaskList
2209cc14 2209cc14        4     4         ./ra/aws/FreeRTOS/FreeRTOS/Source/tasks.o:(.bss.xYieldPendings)
2209cc14 2209cc14        4     1                 xYieldPendings
2209cc18 2209cc18       14     4         ./ra/aws/FreeRTOS/FreeRTOS/Source/tasks.o:(.bss.xPendingReadyList)
2209cc18 2209cc18       14     1                 xPendingReadyList
2209cc2c 2209cc2c        4     4         ./ra/aws/FreeRTOS/FreeRTOS/Source/tasks.o:(.bss.xNextTaskUnblockTime)
2209cc2c 2209cc2c        4     1                 xNextTaskUnblockTime
2209cc30 2209cc30        4     4         ./ra/aws/FreeRTOS/FreeRTOS/Source/tasks.o:(.bss.xIdleTaskHandles.0)
2209cc30 2209cc30        4     1                 xIdleTaskHandles.0
2209cc34 2209cc34        4     4         ./ra/aws/FreeRTOS/FreeRTOS/Source/tasks.o:(.bss.xPendedTicks)
2209cc34 2209cc34        4     1                 xPendedTicks
2209cc38 2209cc38        4     4         ./ra/aws/FreeRTOS/FreeRTOS/Source/tasks.o:(.bss.pxDelayedTaskList)
2209cc38 2209cc38        4     1                 pxDelayedTaskList
2209cc3c 2209cc3c        4     4         ./ra/aws/FreeRTOS/FreeRTOS/Source/tasks.o:(.bss.pxOverflowDelayedTaskList)
2209cc3c 2209cc3c        4     1                 pxOverflowDelayedTaskList
2209cc40 2209cc40        4     4         ./ra/aws/FreeRTOS/FreeRTOS/Source/tasks.o:(.bss.xNumOfOverflows)
2209cc40 2209cc40        4     1                 xNumOfOverflows
2209cc44 2209cc44       14     4         ./ra/aws/FreeRTOS/FreeRTOS/Source/tasks.o:(.bss.xDelayedTaskList1)
2209cc44 2209cc44       14     1                 xDelayedTaskList1
2209cc58 2209cc58       14     4         ./ra/aws/FreeRTOS/FreeRTOS/Source/tasks.o:(.bss.xDelayedTaskList2)
2209cc58 2209cc58       14     1                 xDelayedTaskList2
2209cc6c 2209cc6c        4     4         ./ra/aws/FreeRTOS/FreeRTOS/Source/timers.o:(.bss.xTimerQueue)
2209cc6c 2209cc6c        4     1                 xTimerQueue
2209cc70 2209cc70        4     4         ./ra/aws/FreeRTOS/FreeRTOS/Source/timers.o:(.bss.xTimerTaskHandle)
2209cc70 2209cc70        4     1                 xTimerTaskHandle
2209cc74 2209cc74        4     4         ./ra/aws/FreeRTOS/FreeRTOS/Source/timers.o:(.bss.pxCurrentTimerList)
2209cc74 2209cc74        4     1                 pxCurrentTimerList
2209cc78 2209cc78        4     4         ./ra/aws/FreeRTOS/FreeRTOS/Source/timers.o:(.bss.pxOverflowTimerList)
2209cc78 2209cc78        4     1                 pxOverflowTimerList
2209cc7c 2209cc7c        4     4         ./ra/aws/FreeRTOS/FreeRTOS/Source/timers.o:(.bss.prvSampleTimeNow.xLastTime)
2209cc7c 2209cc7c        4     1                 prvSampleTimeNow.xLastTime
2209cc80 2209cc80       14     4         ./ra/aws/FreeRTOS/FreeRTOS/Source/timers.o:(.bss.xActiveTimerList1)
2209cc80 2209cc80       14     1                 xActiveTimerList1
2209cc94 2209cc94       14     4         ./ra/aws/FreeRTOS/FreeRTOS/Source/timers.o:(.bss.xActiveTimerList2)
2209cc94 2209cc94       14     1                 xActiveTimerList2
2209cca8 2209cca8       48     4         ./ra/aws/FreeRTOS/FreeRTOS/Source/timers.o:(.bss.prvCheckForValidListAndQueue.xStaticTimerQueue)
2209cca8 2209cca8       48     1                 prvCheckForValidListAndQueue.xStaticTimerQueue
2209ccf0 2209ccf0       78     1         ./ra/aws/FreeRTOS/FreeRTOS/Source/timers.o:(.bss.prvCheckForValidListAndQueue.ucStaticTimerQueueStorage)
2209ccf0 2209ccf0       78     1                 prvCheckForValidListAndQueue.ucStaticTimerQueueStorage
2209cd68 2209cd68        4     4         D:\\FSP\\toolchains\\llvm_arm\\ATfE-21.1.1-Windows-x86_64\\bin\\..\\lib\\clang-runtimes/arm-none-eabi/armv8.1m.main_hard_fpdp_nomve_exn_rtti_unaligned_size\\lib\libc.a(nano-malloc.c.o):(.bss.__malloc_free_list)
2209cd68 2209cd68        4     1                 __malloc_free_list
2209cd6c 2209cd6c        8     4         D:\\FSP\\toolchains\\llvm_arm\\ATfE-21.1.1-Windows-x86_64\\bin\\..\\lib\\clang-runtimes/arm-none-eabi/armv8.1m.main_hard_fpdp_nomve_exn_rtti_unaligned_size\\lib\libc.a(nano-malloc.c.o):(.bss..L_MergedGlobals)
2209cd6c 2209cd6c        4     1                 __malloc_sbrk_top
2209cd70 2209cd70        4     1                 __malloc_sbrk_start
2209cd74 2209cd74        1     1         D:\\FSP\\toolchains\\llvm_arm\\ATfE-21.1.1-Windows-x86_64\\bin\\..\\lib\\clang-runtimes/arm-none-eabi/armv8.1m.main_hard_fpdp_nomve_exn_rtti_unaligned_size\\lib\libc.a(libc_misc_lock.c.o):(.bss.__lock___libc_recursive_mutex)
2209cd74 2209cd74        1     1                 __lock___libc_recursive_mutex
2209cd78 2209cd78        4     4         D:\\FSP\\toolchains\\llvm_arm\\ATfE-21.1.1-Windows-x86_64\\bin\\..\\lib\\clang-runtimes/arm-none-eabi/armv8.1m.main_hard_fpdp_nomve_exn_rtti_unaligned_size\\lib\libc.a(libc_picolib_machine_arm_tls.c.o):(.bss.__tls)
2209cd78 2209cd78        4     1                 __tls
2209cd7c 2209cd7c        0     1         __ram_zero$$Limit = .
2209cd7c 2209cd7c        0     1 __ram_tdata$$
2209cd7c 2209cd7c        0     1         __ram_tdata$$Base = .
2209cd7c 2209cd7c        0     1         __ram_tdata$$Load = LOADADDR(__ram_tdata$$)
2209cd7c 2209cd7c        0     1         __ram_tdata$$Limit = .
2209cd7c 2209cd7c        4     4 __ram_tbss$$
2209cd7c 2209cd7c        0     1         __ram_tbss$$Base = .
2209cd7c 2209cd7c        4     4         D:\\FSP\\toolchains\\llvm_arm\\ATfE-21.1.1-Windows-x86_64\\bin\\..\\lib\\clang-runtimes/arm-none-eabi/armv8.1m.main_hard_fpdp_nomve_exn_rtti_unaligned_size\\lib\libc.a(libc_errno_errno.c.o):(.tbss.errno)
       0        0        4     1                 errno
2209cd80 2209cd80        0     1         __ram_tbss$$Limit = .
2209cd80 2209cd80     1000     8 __ram_thread_stack$$
2209cd80 2209cd80        0     1         __ram_thread_stack$$Base = .
2209cd80 2209cd80     1000     8         ./ra_gen/Camera_thread.o:(.stack.Camera_thread)
2209cd80 2209cd80     1000     1                 Camera_thread_stack
2209dd80 2209dd80        0     1         __ram_thread_stack$$Limit = .
2209de00 2209de00        0     1 .ram.endof
2209de00 2209de00        0     1         __ddsc_RAM_END = .
2209de00 2209de00        0     1 .ram.flat_nsc
2209de00 2209de00        0     1         __ddsc_RAM_NSC = .
 2000090  2000090    768ae    16 __flash_readonly$$
 2000090  2000090        0     1         __flash_readonly$$Base = .
 2000090  2000090       30     4         ./src/models/compute_sub_0000.o:(.text.compute_sub_0000)
 2000090  2000090        0     1                 $t
 2000091  2000091       30     1                 compute_sub_0000
 20000bc  20000bc        0     1                 $d
 20000c0  20000c0       b8     4         ./src/models/compute_sub_0002.o:(.text.compute_sub_0002)
 20000c0  20000c0        0     1                 $t
 20000c1  20000c1       b8     1                 compute_sub_0002
 2000174  2000174        0     1                 $d
 2000178  2000178       80     4         ./src/models/compute_sub_0004.o:(.text.compute_sub_0004)
 2000178  2000178        0     1                 $t
 2000179  2000179       80     1                 compute_sub_0004
 20001f4  20001f4        0     1                 $d
 20001f8  20001f8       2c     8         ./src/models/kernel_library_int.o:(.text.AffineQuantizeFloatToInt8)
 20001f8  20001f8        0     1                 $t
 20001f9  20001f9       2c     1                 AffineQuantizeFloatToInt8
 2000228  2000228       24     8         ./src/models/kernel_library_int.o:(.text.AffineDequantizeInt8ToFloat)
 2000228  2000228        0     1                 $t
 2000229  2000229       24     1                 AffineDequantizeInt8ToFloat
 2000250  2000250       6e     8         ./src/models/kernel_library_int.o:(.text.Transpose)
 2000250  2000250        0     1                 $t
 2000251  2000251       6e     1                 Transpose
 20002c0  20002c0       be     8         ./src/models/kernel_library_int.o:(.text.UpsamplingNearestNeighbor)
 20002c0  20002c0        0     1                 $t
 20002c1  20002c1       be     1                 UpsamplingNearestNeighbor
 2000380  2000380       8c     4         ./src/models/kernel_library_utils.o:(.text.GetNearestNeighbor)
 2000380  2000380        0     1                 $t
 2000381  2000381       8c     1                 GetNearestNeighbor
 2000408  2000408        0     1                 $d
 200040c  200040c        a     2         ./src/models/model.o:(.text.GetModelInputPtr_images)
 200040c  200040c        0     1                 $t
 200040d  200040d        a     1                 GetModelInputPtr_images
 2000416  2000416        a     2         ./src/models/model.o:(.text.GetModelOutputPtr_p4_12x12_70454)
 2000416  2000416        0     1                 $t
 2000417  2000417        a     1                 GetModelOutputPtr_p4_12x12_70454
 2000420  2000420        a     2         ./src/models/model.o:(.text.GetModelOutputPtr_p5_6x6_70436)
 2000420  2000420        0     1                 $t
 2000421  2000421        a     1                 GetModelOutputPtr_p5_6x6_70436
 200042a  200042a       e4     2         ./src/models/model.o:(.text.RunModel)
 200042a  200042a        0     1                 $t
 200042b  200042b       e4     1                 RunModel
 2000510  2000510       fa     8         ./src/models/sub_0001_invoke.o:(.text.sub_0001_invoke)
 2000510  2000510        0     1                 $t
 2000511  2000511       fa     1                 sub_0001_invoke
 2000610  2000610       f8     8         ./src/models/sub_0003_invoke.o:(.text.sub_0003_invoke)
 2000610  2000610        0     1                 $t
 2000611  2000611       f8     1                 sub_0003_invoke
 20006f8  20006f8        0     1                 $d
 2000708  2000708       2a     2         ./src/hardware/app_detection.o:(.text.app_detection_init)
 2000708  2000708        0     1                 $t
 2000709  2000709       2a     1                 app_detection_init
 2000738  2000738      3d0     8         ./src/hardware/app_detection.o:(.text.app_detection_run_frame)
 2000738  2000738        0     1                 $t
 2000739  2000739      3d0     1                 app_detection_run_frame
 2000af4  2000af4        0     1                 $d
 2000b08  2000b08      4b0     8         ./src/hardware/app_detection.o:(.text.det_decode_head)
 2000b08  2000b08        0     1                 $t
 2000b09  2000b09      4b0     1                 det_decode_head
 2000b64  2000b64        0     1                 $d
 2000b70  2000b70        0     1                 $t
 2000fb8  2000fb8       2a     2         ./src/hardware/camera_ov5640.o:(.text.i2c_camera_callback)
 2000fb8  2000fb8        0     1                 $t
 2000fb9  2000fb9       2a     1                 i2c_camera_callback
 2000fe2  2000fe2       2c     2         ./src/hardware/camera_ov5640.o:(.text.g_ceu0_user_callback)
 2000fe2  2000fe2        0     1                 $t
 2000fe3  2000fe3       2c     1                 g_ceu0_user_callback
 200100e  200100e       40     2         ./src/hardware/camera_ov5640.o:(.text.camera_ov5640_chip_id)
 200100e  200100e        0     1                 $t
 200100f  200100f       40     1                 camera_ov5640_chip_id
 200104e  200104e       70     2         ./src/hardware/camera_ov5640.o:(.text.ov5640_read_reg)
 200104e  200104e        0     1                 $t
 200104f  200104f       70     1                 ov5640_read_reg
 20010be  20010be        a     2         ./src/hardware/camera_ov5640.o:(.text.camera_ov5640_read_reg)
 20010be  20010be        0     1                 $t
 20010bf  20010bf        a     1                 camera_ov5640_read_reg
 20010c8  20010c8       d2     2         ./src/hardware/camera_ov5640.o:(.text.camera_ov5640_init)
 20010c8  20010c8        0     1                 $t
 20010c9  20010c9       d2     1                 camera_ov5640_init
 200119a  200119a       50     2         ./src/hardware/camera_ov5640.o:(.text.ov5640_write_reg)
 200119a  200119a        0     1                 $t
 200119b  200119b       50     1                 ov5640_write_reg
 20011f0  20011f0       3a     8         ./src/hardware/camera_ov5640.o:(.text.ov5640_write_table)
 20011f0  20011f0        0     1                 $t
 20011f1  20011f1       3a     1                 ov5640_write_table
 2001230  2001230       74     8         ./src/hardware/camera_ov5640.o:(.text.camera_ov5640_capture_frame)
 2001230  2001230        0     1                 $t
 2001231  2001231       74     1                 camera_ov5640_capture_frame
 20012a4  20012a4       30     2         ./src/hardware/camera_ov5640.o:(.text.ov5640_recover_ceu)
 20012a4  20012a4        0     1                 $t
 20012a5  20012a5       30     1                 ov5640_recover_ceu
 20012d8  20012d8       56     8         ./src/hardware/camera_ov5640.o:(.text.wait_i2c_done)
 20012d8  20012d8        0     1                 $t
 20012d9  20012d9       56     1                 wait_i2c_done
 2001330  2001330      21a     8         ./src/hardware/camera_stream.o:(.text.camera_stream_task)
 2001330  2001330        0     1                 $t
 2001331  2001331      21a     1                 camera_stream_task
 200154a  200154a       16     2         ./src/hardware/camera_stream.o:(.text.camera_uart_callback)
 200154a  200154a        0     1                 $t
 200154b  200154b       16     1                 camera_uart_callback
 2001560  2001560       8a     8         ./src/hardware/camera_stream.o:(.text.camera_uart_send_text)
 2001560  2001560        0     1                 $t
 2001561  2001561       8a     1                 camera_uart_send_text
 20015ea  20015ea       62     2         ./src/hardware/camera_stream.o:(.text.camera_uart_send_reg_line)
 20015ea  20015ea        0     1                 $t
 20015eb  20015eb       62     1                 camera_uart_send_reg_line
 2001650  2001650       76     8         ./src/hardware/ipc_detection_tx.o:(.text.ipc_detection_send_results)
 2001650  2001650        0     1                 $t
 2001651  2001651       76     1                 ipc_detection_send_results
 20016c8  20016c8       44     8         ./src/hardware/ipc_detection_tx.o:(.text.ipc_detection_send_word)
 20016c8  20016c8        0     1                 $t
 20016c9  20016c9       44     1                 ipc_detection_send_word
 200170c  200170c       3c     2         ./src/Camera_thread_entry.o:(.text.Camera_thread_entry)
 200170c  200170c        0     1                 $t
 200170d  200170d       3c     1                 Camera_thread_entry
 2001748  2001748       26     2         ./src/hal_warmstart.o:(.text.R_BSP_WarmStart)
 2001748  2001748        0     1                 $t
 2001749  2001749       26     1                 R_BSP_WarmStart
 200176e  200176e       68     2         ./ra_gen/Camera_thread.o:(.text.Camera_thread_create)
 200176e  200176e        0     1                 $t
 200176f  200176f       68     1                 Camera_thread_create
 20017d6  20017d6       12     2         ./ra_gen/Camera_thread.o:(.text.Camera_thread_func)
 20017d6  20017d6        0     1                 $t
 20017d7  20017d7       12     1                 Camera_thread_func
 20017e8  20017e8        2     2         ./ra_gen/common_data.o:(.text.g_common_init)
 20017e8  20017e8        0     1                 $t
 20017e9  20017e9        2     1                 g_common_init
 20017ea  20017ea        4     2         ./ra_gen/hal_data.o:(.text.g_hal_init)
 20017ea  20017ea        0     1                 $t
 20017eb  20017eb        4     1                 g_hal_init
 20017ee  20017ee        4     2         ./ra_gen/main.o:(.text.rtos_startup_err_callback_internal)
 20017ee  20017ee        0     1                 $t
 20017ef  20017ef        4     1                 rtos_startup_err_callback_internal
 20017ef  20017ef        4     1                 rtos_startup_err_callback
 20017f8  20017f8       62     8         ./ra_gen/main.o:(.text.rtos_startup_common_init)
 20017f8  20017f8        0     1                 $t
 20017f9  20017f9       62     1                 rtos_startup_common_init
 200185a  200185a       4a     2         ./ra_gen/main.o:(.text.main)
 200185a  200185a        0     1                 $t
 200185b  200185b       4a     1                 main
 20018a4  20018a4       1c     2         ./ra_gen/main.o:(.text.vApplicationGetIdleTaskMemory)
 20018a4  20018a4        0     1                 $t
 20018a5  20018a5       1c     1                 vApplicationGetIdleTaskMemory
 20018c0  20018c0       1c     2         ./ra_gen/main.o:(.text.vApplicationGetTimerTaskMemory)
 20018c0  20018c0        0     1                 $t
 20018c1  20018c1       1c     1                 vApplicationGetTimerTaskMemory
 20018dc  20018dc        2     2         ./ra/npu/ethos-u-core-driver/src/ethosu_device_u55_u65.o:(.text.ethosu_address_remap)
 20018dc  20018dc        0     1                 $t
 20018dd  20018dd        2     1                 ethosu_address_remap
 20018de  20018de       22     2         ./ra/npu/ethos-u-core-driver/src/ethosu_device_u55_u65.o:(.text.ethosu_dev_init)
 20018de  20018de        0     1                 $t
 20018df  20018df       22     1                 ethosu_dev_init
 2001900  2001900       88     8         ./ra/npu/ethos-u-core-driver/src/ethosu_device_u55_u65.o:(.text.ethosu_dev_soft_reset)
 2001900  2001900        0     1                 $t
 2001901  2001901       88     1                 ethosu_dev_soft_reset
 2001988  2001988       bc     8         ./ra/npu/ethos-u-core-driver/src/ethosu_device_u55_u65.o:(.text.ethosu_dev_run_command_stream)
 2001988  2001988        0     1                 $t
 2001989  2001989       bc     1                 ethosu_dev_run_command_stream
 2001a44  2001a44        2     2         ./ra/npu/ethos-u-core-driver/src/ethosu_device_u55_u65.o:(.text.ethosu_dev_print_err_status)
 2001a44  2001a44        0     1                 $t
 2001a45  2001a45        2     1                 ethosu_dev_print_err_status
 2001a46  2001a46       36     2         ./ra/npu/ethos-u-core-driver/src/ethosu_device_u55_u65.o:(.text.ethosu_dev_handle_interrupt)
 2001a46  2001a46        0     1                 $t
 2001a47  2001a47       36     1                 ethosu_dev_handle_interrupt
 2001a7c  2001a7c       32     2         ./ra/npu/ethos-u-core-driver/src/ethosu_device_u55_u65.o:(.text.ethosu_dev_set_clock_and_power)
 2001a7c  2001a7c        0     1                 $t
 2001a7d  2001a7d       32     1                 ethosu_dev_set_clock_and_power
 2001aae  2001aae       52     2         ./ra/npu/ethos-u-core-driver/src/ethosu_device_u55_u65.o:(.text.ethosu_dev_verify_optimizer_config)
 2001aae  2001aae        0     1                 $t
 2001aaf  2001aaf       52     1                 ethosu_dev_verify_optimizer_config
 2001b00  2001b00        a     2         ./ra/npu/ethos-u-core-driver/src/ethosu_driver.o:(.text.ethosu_mutex_create)
 2001b00  2001b00        0     1                 $t
 2001b01  2001b01        a     1                 ethosu_mutex_create
 2001b0a  2001b0a        4     2         ./ra/npu/ethos-u-core-driver/src/ethosu_driver.o:(.text.ethosu_mutex_lock)
 2001b0a  2001b0a        0     1                 $t
 2001b0b  2001b0b        4     1                 ethosu_mutex_lock
 2001b0e  2001b0e        4     2         ./ra/npu/ethos-u-core-driver/src/ethosu_driver.o:(.text.ethosu_mutex_unlock)
 2001b0e  2001b0e        0     1                 $t
 2001b0f  2001b0f        4     1                 ethosu_mutex_unlock
 2001b12  2001b12       10     2         ./ra/npu/ethos-u-core-driver/src/ethosu_driver.o:(.text.ethosu_semaphore_create)
 2001b12  2001b12        0     1                 $t
 2001b13  2001b13       10     1                 ethosu_semaphore_create
 2001b22  2001b22        4     2         ./ra/npu/ethos-u-core-driver/src/ethosu_driver.o:(.text.ethosu_semaphore_destroy)
 2001b22  2001b22        0     1                 $t
 2001b23  2001b23        4     1                 ethosu_semaphore_destroy
 2001b28  2001b28       18     8         ./ra/npu/ethos-u-core-driver/src/ethosu_driver.o:(.text.ethosu_semaphore_take)
 2001b28  2001b28        0     1                 $t
 2001b29  2001b29       18     1                 ethosu_semaphore_take
 2001b40  2001b40        c     2         ./ra/npu/ethos-u-core-driver/src/ethosu_driver.o:(.text.ethosu_semaphore_give)
 2001b40  2001b40        0     1                 $t
 2001b41  2001b41        c     1                 ethosu_semaphore_give
 2001b4c  2001b4c        2     2         ./ra/npu/ethos-u-core-driver/src/ethosu_driver.o:(.text.ethosu_inference_begin)
 2001b4c  2001b4c        0     1                 $t
 2001b4d  2001b4d        2     1                 ethosu_inference_begin
 2001b4e  2001b4e        2     2         ./ra/npu/ethos-u-core-driver/src/ethosu_driver.o:(.text.ethosu_inference_end)
 2001b4e  2001b4e        0     1                 $t
 2001b4f  2001b4f        2     1                 ethosu_inference_end
 2001b50  2001b50       28     2         ./ra/npu/ethos-u-core-driver/src/ethosu_driver.o:(.text.ethosu_irq_handler)
 2001b50  2001b50        0     1                 $t
 2001b51  2001b51       28     1                 ethosu_irq_handler
 2001b78  2001b78       a6     2         ./ra/npu/ethos-u-core-driver/src/ethosu_driver.o:(.text.ethosu_init)
 2001b78  2001b78        0     1                 $t
 2001b79  2001b79       a6     1                 ethosu_init
 2001c20  2001c20       68     8         ./ra/npu/ethos-u-core-driver/src/ethosu_driver.o:(.text.ethosu_deinit)
 2001c20  2001c20        0     1                 $t
 2001c21  2001c21       68     1                 ethosu_deinit
 2001c88  2001c88       24     2         ./ra/npu/ethos-u-core-driver/src/ethosu_driver.o:(.text.ethosu_soft_reset)
 2001c88  2001c88        0     1                 $t
 2001c89  2001c89       24     1                 ethosu_soft_reset
 2001cac  2001cac       2a     2         ./ra/npu/ethos-u-core-driver/src/ethosu_driver.o:(.text.ethosu_request_power)
 2001cac  2001cac        0     1                 $t
 2001cad  2001cad       2a     1                 ethosu_request_power
 2001cd8  2001cd8       c8     8         ./ra/npu/ethos-u-core-driver/src/ethosu_driver.o:(.text.ethosu_wait)
 2001cd8  2001cd8        0     1                 $t
 2001cd9  2001cd9       c8     1                 ethosu_wait
 2001da0  2001da0      1a2     8         ./ra/npu/ethos-u-core-driver/src/ethosu_driver.o:(.text.ethosu_invoke_async)
 2001da0  2001da0        0     1                 $t
 2001da1  2001da1      1a2     1                 ethosu_invoke_async
 2001f42  2001f42       2e     2         ./ra/npu/ethos-u-core-driver/src/ethosu_driver.o:(.text.ethosu_invoke_v3)
 2001f42  2001f42        0     1                 $t
 2001f43  2001f43       2e     1                 ethosu_invoke_v3
 2001f70  2001f70       18     4         ./ra/fsp/src/rm_freertos_port/port.o:(.text.SVC_Handler)
 2001f70  2001f70        0     1                 $t
 2001f71  2001f71       12     1                 SVC_Handler
 2001f84  2001f84        0     1                 $d
 2001f88  2001f88       44     4         ./ra/fsp/src/rm_freertos_port/port.o:(.text.PendSV_Handler)
 2001f88  2001f88        0     1                 $t
 2001f89  2001f89       40     1                 PendSV_Handler
 2001fc8  2001fc8        0     1                 $d
 2001fcc  2001fcc       24     4         ./ra/fsp/src/rm_freertos_port/port.o:(.text.rm_freertos_port_restore_task_stackless)
 2001fcc  2001fcc        0     1                 $t
 2001fcd  2001fcd       20     1                 rm_freertos_port_restore_task_stackless
 2001fe6  2001fe6        0     1                 _skip_restore_ns_context
 2001fec  2001fec        0     1                 $d
 2001ff0  2001ff0       26     2         ./ra/fsp/src/rm_freertos_port/port.o:(.text.SysTick_Handler)
 2001ff0  2001ff0        0     1                 $t
 2001ff1  2001ff1       26     1                 SysTick_Handler
 2002016  2002016       36     2         ./ra/fsp/src/rm_freertos_port/port.o:(.text.vPortSVCHandler_C)
 2002016  2002016        0     1                 $t
 2002017  2002017       36     1                 vPortSVCHandler_C
 200204c  200204c       28     2         ./ra/fsp/src/rm_freertos_port/port.o:(.text.pxPortInitialiseStack)
 200204c  200204c        0     1                 $t
 200204d  200204d       28     1                 pxPortInitialiseStack
 2002078  2002078        a     8         ./ra/fsp/src/rm_freertos_port/port.o:(.text.prvTaskExitError)
 2002078  2002078        0     1                 $t
 2002079  2002079        a     1                 prvTaskExitError
 2002088  2002088       3c     8         ./ra/fsp/src/rm_freertos_port/port.o:(.text.xPortStartScheduler)
 2002088  2002088        0     1                 $t
 2002089  2002089       3c     1                 xPortStartScheduler
 20020c4  20020c4       46     2         ./ra/fsp/src/rm_freertos_port/port.o:(.text.vPortSetupTimerInterrupt)
 20020c4  20020c4        0     1                 $t
 20020c5  20020c5       46     1                 vPortSetupTimerInterrupt
 200210a  200210a       5c     2         ./ra/fsp/src/rm_freertos_port/port.o:(.text.vPortEnterCritical)
 200210a  200210a        0     1                 $t
 200210b  200210b       5c     1                 vPortEnterCritical
 2002166  2002166       46     2         ./ra/fsp/src/rm_freertos_port/port.o:(.text.vPortExitCritical)
 2002166  2002166        0     1                 $t
 2002167  2002167       46     1                 vPortExitCritical
 20021ac  20021ac       6e     2         ./ra/fsp/src/rm_freertos_port/port.o:(.text.rm_freertos_port_sleep_preserving_lpm)
 20021ac  20021ac        0     1                 $t
 20021ad  20021ad       6e     1                 rm_freertos_port_sleep_preserving_lpm
 200221a  200221a       18     2         ./ra/fsp/src/rm_freertos_port/port.o:(.text.vApplicationIdleHook)
 200221a  200221a        0     1                 $t
 200221b  200221b       18     1                 vApplicationIdleHook
 2002232  2002232       d8     2         ./ra/fsp/src/rm_ethosu/rm_ethosu.o:(.text.RM_ETHOSU_Open)
 2002232  2002232        0     1                 $t
 2002233  2002233       d8     1                 RM_ETHOSU_Open
 200230a  200230a        c     2         ./ra/fsp/src/rm_ethosu/rm_ethosu.o:(.text.RM_ETHOSU_CallbackSet)
 200230a  200230a        0     1                 $t
 200230b  200230b        c     1                 RM_ETHOSU_CallbackSet
 2002316  2002316       5a     2         ./ra/fsp/src/rm_ethosu/rm_ethosu.o:(.text.RM_ETHOSU_Close)
 2002316  2002316        0     1                 $t
 2002317  2002317       5a     1                 RM_ETHOSU_Close
 2002370  2002370       62     2         ./ra/fsp/src/rm_ethosu/rm_ethosu.o:(.text.rm_ethosu_isr)
 2002370  2002370        0     1                 $t
 2002371  2002371       62     1                 rm_ethosu_isr
 20023d2  20023d2        2     2         ./ra/fsp/src/rm_ethosu/rm_ethosu.o:(.text.ethosu_flush_dcache)
 20023d2  20023d2        0     1                 $t
 20023d3  20023d3        2     1                 ethosu_flush_dcache
 20023d4  20023d4        2     2         ./ra/fsp/src/rm_ethosu/rm_ethosu.o:(.text.ethosu_invalidate_dcache)
 20023d4  20023d4        0     1                 $t
 20023d5  20023d5        2     1                 ethosu_invalidate_dcache
 20023d8  20023d8      266     8         ./ra/fsp/src/r_sci_b_uart/r_sci_b_uart.o:(.text.R_SCI_B_UART_Open)
 20023d8  20023d8        0     1                 $t
 20023d9  20023d9      266     1                 R_SCI_B_UART_Open
 200263e  200263e        a     2         ./ra/fsp/src/r_sci_b_uart/r_sci_b_uart.o:(.text.R_SCI_B_UART_Read)
 200263e  200263e        0     1                 $t
 200263f  200263f        a     1                 R_SCI_B_UART_Read
 2002648  2002648       4c     8         ./ra/fsp/src/r_sci_b_uart/r_sci_b_uart.o:(.text.R_SCI_B_UART_Write)
 2002648  2002648        0     1                 $t
 2002649  2002649       4c     1                 R_SCI_B_UART_Write
 2002694  2002694       32     2         ./ra/fsp/src/r_sci_b_uart/r_sci_b_uart.o:(.text.R_SCI_B_UART_BaudSet)
 2002694  2002694        0     1                 $t
 2002695  2002695       32     1                 R_SCI_B_UART_BaudSet
 20026c6  20026c6        c     2         ./ra/fsp/src/r_sci_b_uart/r_sci_b_uart.o:(.text.R_SCI_B_UART_InfoGet)
 20026c6  20026c6        0     1                 $t
 20026c7  20026c7        c     1                 R_SCI_B_UART_InfoGet
 20026d8  20026d8       3e     8         ./ra/fsp/src/r_sci_b_uart/r_sci_b_uart.o:(.text.R_SCI_B_UART_Abort)
 20026d8  20026d8        0     1                 $t
 20026d9  20026d9       3e     1                 R_SCI_B_UART_Abort
 2002716  2002716        c     2         ./ra/fsp/src/r_sci_b_uart/r_sci_b_uart.o:(.text.R_SCI_B_UART_CallbackSet)
 2002716  2002716        0     1                 $t
 2002717  2002717        c     1                 R_SCI_B_UART_CallbackSet
 2002728  2002728       ec     8         ./ra/fsp/src/r_sci_b_uart/r_sci_b_uart.o:(.text.R_SCI_B_UART_Close)
 2002728  2002728        0     1                 $t
 2002729  2002729       ec     1                 R_SCI_B_UART_Close
 2002814  2002814        e     2         ./ra/fsp/src/r_sci_b_uart/r_sci_b_uart.o:(.text.R_SCI_B_UART_ReadStop)
 2002814  2002814        0     1                 $t
 2002815  2002815        e     1                 R_SCI_B_UART_ReadStop
 2002822  2002822        4     2         ./ra/fsp/src/r_sci_b_uart/r_sci_b_uart.o:(.text.R_SCI_B_UART_ReceiveSuspend)
 2002822  2002822        0     1                 $t
 2002823  2002823        4     1                 R_SCI_B_UART_ReceiveSuspend
 2002826  2002826        4     2         ./ra/fsp/src/r_sci_b_uart/r_sci_b_uart.o:(.text.R_SCI_B_UART_ReceiveResume)
 2002826  2002826        0     1                 $t
 2002827  2002827        4     1                 R_SCI_B_UART_ReceiveResume
 200282a  200282a       68     2         ./ra/fsp/src/r_sci_b_uart/r_sci_b_uart.o:(.text.r_sci_b_uart_synchronization_delay_cfg)
 200282a  200282a        0     1                 $t
 200282b  200282b       68     1                 r_sci_b_uart_synchronization_delay_cfg
 2002892  2002892       9c     2         ./ra/fsp/src/r_sci_b_uart/r_sci_b_uart.o:(.text.sci_b_uart_txi_isr)
 2002892  2002892        0     1                 $t
 2002893  2002893       9c     1                 sci_b_uart_txi_isr
 200292e  200292e       4a     2         ./ra/fsp/src/r_sci_b_uart/r_sci_b_uart.o:(.text.r_sci_b_uart_call_callback)
 200292e  200292e        0     1                 $t
 200292f  200292f       4a     1                 r_sci_b_uart_call_callback
 2002978  2002978       86     2         ./ra/fsp/src/r_sci_b_uart/r_sci_b_uart.o:(.text.sci_b_uart_rxi_isr)
 2002978  2002978        0     1                 $t
 2002979  2002979       86     1                 sci_b_uart_rxi_isr
 20029fe  20029fe       52     2         ./ra/fsp/src/r_sci_b_uart/r_sci_b_uart.o:(.text.sci_b_uart_tei_isr)
 20029fe  20029fe        0     1                 $t
 20029ff  20029ff       52     1                 sci_b_uart_tei_isr
 2002a50  2002a50       86     2         ./ra/fsp/src/r_sci_b_uart/r_sci_b_uart.o:(.text.sci_b_uart_eri_isr)
 2002a50  2002a50        0     1                 $t
 2002a51  2002a51       86     1                 sci_b_uart_eri_isr
 2002ad6  2002ad6       6a     2         ./ra/fsp/src/r_sci_b_uart/r_sci_b_uart.o:(.text.r_sci_b_irq_cfg)
 2002ad6  2002ad6        0     1                 $t
 2002ad7  2002ad7       6a     1                 r_sci_b_irq_cfg
 2002b40  2002b40       98     2         ./ra/fsp/src/r_ipc/r_ipc.o:(.text.R_IPC_Open)
 2002b40  2002b40        0     1                 $t
 2002b41  2002b41       98     1                 R_IPC_Open
 2002bd8  2002bd8       12     2         ./ra/fsp/src/r_ipc/r_ipc.o:(.text.R_IPC_MessageSend)
 2002bd8  2002bd8        0     1                 $t
 2002bd9  2002bd9       12     1                 R_IPC_MessageSend
 2002bea  2002bea        8     2         ./ra/fsp/src/r_ipc/r_ipc.o:(.text.R_IPC_EventGenerate)
 2002bea  2002bea        0     1                 $t
 2002beb  2002beb        8     1                 R_IPC_EventGenerate
 2002bf2  2002bf2        c     2         ./ra/fsp/src/r_ipc/r_ipc.o:(.text.R_IPC_CallbackSet)
 2002bf2  2002bf2        0     1                 $t
 2002bf3  2002bf3        c     1                 R_IPC_CallbackSet
 2002bfe  2002bfe       34     2         ./ra/fsp/src/r_ipc/r_ipc.o:(.text.R_IPC_Close)
 2002bfe  2002bfe        0     1                 $t
 2002bff  2002bff       34     1                 R_IPC_Close
 2002c32  2002c32       16     2         ./ra/fsp/src/r_ioport/r_ioport.o:(.text.R_IOPORT_Open)
 2002c32  2002c32        0     1                 $t
 2002c33  2002c33       16     1                 R_IOPORT_Open
 2002c48  2002c48        a     2         ./ra/fsp/src/r_ioport/r_ioport.o:(.text.R_IOPORT_Close)
 2002c48  2002c48        0     1                 $t
 2002c49  2002c49        a     1                 R_IOPORT_Close
 2002c52  2002c52        c     2         ./ra/fsp/src/r_ioport/r_ioport.o:(.text.R_IOPORT_PinsCfg)
 2002c52  2002c52        0     1                 $t
 2002c53  2002c53        c     1                 R_IOPORT_PinsCfg
 2002c5e  2002c5e       b4     2         ./ra/fsp/src/r_ioport/r_ioport.o:(.text.R_IOPORT_PinCfg)
 2002c5e  2002c5e        0     1                 $t
 2002c5f  2002c5f       b4     1                 R_IOPORT_PinCfg
 2002d12  2002d12       2a     2         ./ra/fsp/src/r_ioport/r_ioport.o:(.text.R_IOPORT_PinEventInputRead)
 2002d12  2002d12        0     1                 $t
 2002d13  2002d13       2a     1                 R_IOPORT_PinEventInputRead
 2002d3c  2002d3c       46     2         ./ra/fsp/src/r_ioport/r_ioport.o:(.text.R_IOPORT_PinEventOutputWrite)
 2002d3c  2002d3c        0     1                 $t
 2002d3d  2002d3d       46     1                 R_IOPORT_PinEventOutputWrite
 2002d82  2002d82       22     2         ./ra/fsp/src/r_ioport/r_ioport.o:(.text.R_IOPORT_PinRead)
 2002d82  2002d82        0     1                 $t
 2002d83  2002d83       22     1                 R_IOPORT_PinRead
 2002da4  2002da4       32     2         ./ra/fsp/src/r_ioport/r_ioport.o:(.text.R_IOPORT_PinWrite)
 2002da4  2002da4        0     1                 $t
 2002da5  2002da5       32     1                 R_IOPORT_PinWrite
 2002dd6  2002dd6       30     2         ./ra/fsp/src/r_ioport/r_ioport.o:(.text.R_IOPORT_PortDirectionSet)
 2002dd6  2002dd6        0     1                 $t
 2002dd7  2002dd7       30     1                 R_IOPORT_PortDirectionSet
 2002e06  2002e06       1a     2         ./ra/fsp/src/r_ioport/r_ioport.o:(.text.R_IOPORT_PortEventInputRead)
 2002e06  2002e06        0     1                 $t
 2002e07  2002e07       1a     1                 R_IOPORT_PortEventInputRead
 2002e20  2002e20       22     2         ./ra/fsp/src/r_ioport/r_ioport.o:(.text.R_IOPORT_PortEventOutputWrite)
 2002e20  2002e20        0     1                 $t
 2002e21  2002e21       22     1                 R_IOPORT_PortEventOutputWrite
 2002e42  2002e42       18     2         ./ra/fsp/src/r_ioport/r_ioport.o:(.text.R_IOPORT_PortRead)
 2002e42  2002e42        0     1                 $t
 2002e43  2002e43       18     1                 R_IOPORT_PortRead
 2002e5a  2002e5a       22     2         ./ra/fsp/src/r_ioport/r_ioport.o:(.text.R_IOPORT_PortWrite)
 2002e5a  2002e5a        0     1                 $t
 2002e5b  2002e5b       22     1                 R_IOPORT_PortWrite
 2002e80  2002e80       c4     8         ./ra/fsp/src/r_ioport/r_ioport.o:(.text.r_ioport_pins_config)
 2002e80  2002e80        0     1                 $t
 2002e81  2002e81       c4     1                 r_ioport_pins_config
 2002f48  2002f48       e0     8         ./ra/fsp/src/r_ioport/r_ioport.o:(.text.bsp_vbatt_init)
 2002f48  2002f48        0     1                 $t
 2002f49  2002f49       e0     1                 bsp_vbatt_init
 2003028  2003028       8a     2         ./ra/fsp/src/r_iic_master/r_iic_master.o:(.text.R_IIC_MASTER_Open)
 2003028  2003028        0     1                 $t
 2003029  2003029       8a     1                 R_IIC_MASTER_Open
 20030b2  20030b2        c     2         ./ra/fsp/src/r_iic_master/r_iic_master.o:(.text.R_IIC_MASTER_Read)
 20030b2  20030b2        0     1                 $t
 20030b3  20030b3        c     1                 R_IIC_MASTER_Read
 20030be  20030be        c     2         ./ra/fsp/src/r_iic_master/r_iic_master.o:(.text.R_IIC_MASTER_Write)
 20030be  20030be        0     1                 $t
 20030bf  20030bf        c     1                 R_IIC_MASTER_Write
 20030ca  20030ca       32     2         ./ra/fsp/src/r_iic_master/r_iic_master.o:(.text.R_IIC_MASTER_Abort)
 20030ca  20030ca        0     1                 $t
 20030cb  20030cb       32     1                 R_IIC_MASTER_Abort
 20030fc  20030fc        a     2         ./ra/fsp/src/r_iic_master/r_iic_master.o:(.text.R_IIC_MASTER_SlaveAddressSet)
 20030fc  20030fc        0     1                 $t
 20030fd  20030fd        a     1                 R_IIC_MASTER_SlaveAddressSet
 2003106  2003106        c     2         ./ra/fsp/src/r_iic_master/r_iic_master.o:(.text.R_IIC_MASTER_CallbackSet)
 2003106  2003106        0     1                 $t
 2003107  2003107        c     1                 R_IIC_MASTER_CallbackSet
 2003112  2003112       16     2         ./ra/fsp/src/r_iic_master/r_iic_master.o:(.text.R_IIC_MASTER_StatusGet)
 2003112  2003112        0     1                 $t
 2003113  2003113       16     1                 R_IIC_MASTER_StatusGet
 2003128  2003128       e0     2         ./ra/fsp/src/r_iic_master/r_iic_master.o:(.text.R_IIC_MASTER_Close)
 2003128  2003128        0     1                 $t
 2003129  2003129       e0     1                 R_IIC_MASTER_Close
 2003208  2003208      1ee     8         ./ra/fsp/src/r_iic_master/r_iic_master.o:(.text.iic_master_open_hw_master)
 2003208  2003208        0     1                 $t
 2003209  2003209      1ee     1                 iic_master_open_hw_master
 20033f8  20033f8      152     8         ./ra/fsp/src/r_iic_master/r_iic_master.o:(.text.iic_master_read_write)
 20033f8  20033f8        0     1                 $t
 20033f9  20033f9      152     1                 iic_master_read_write
 200354a  200354a      18c     2         ./ra/fsp/src/r_iic_master/r_iic_master.o:(.text.iic_master_rxi_isr)
 200354a  200354a        0     1                 $t
 200354b  200354b      18c     1                 iic_master_rxi_isr
 20036d8  20036d8      11e     8         ./ra/fsp/src/r_iic_master/r_iic_master.o:(.text.iic_master_txi_isr)
 20036d8  20036d8        0     1                 $t
 20036d9  20036d9      11e     1                 iic_master_txi_isr
 20037f8  20037f8       e8     8         ./ra/fsp/src/r_iic_master/r_iic_master.o:(.text.iic_master_tei_isr)
 20037f8  20037f8        0     1                 $t
 20037f9  20037f9       e8     1                 iic_master_tei_isr
 20038e0  20038e0      138     2         ./ra/fsp/src/r_iic_master/r_iic_master.o:(.text.iic_master_eri_isr)
 20038e0  20038e0        0     1                 $t
 20038e1  20038e1      138     1                 iic_master_eri_isr
 2003a18  2003a18       36     2         ./ra/fsp/src/r_iic_master/r_iic_master.o:(.text.iic_master_notify)
 2003a18  2003a18        0     1                 $t
 2003a19  2003a19       36     1                 iic_master_notify
 2003a50  2003a50      20a     8         ./ra/fsp/src/r_ceu/r_ceu.o:(.text.R_CEU_Open)
 2003a50  2003a50        0     1                 $t
 2003a51  2003a51      20a     1                 R_CEU_Open
 2003c5a  2003c5a       80     2         ./ra/fsp/src/r_ceu/r_ceu.o:(.text.R_CEU_Close)
 2003c5a  2003c5a        0     1                 $t
 2003c5b  2003c5b       80     1                 R_CEU_Close
 2003cda  2003cda       5e     2         ./ra/fsp/src/r_ceu/r_ceu.o:(.text.R_CEU_CaptureStart)
 2003cda  2003cda        0     1                 $t
 2003cdb  2003cdb       5e     1                 R_CEU_CaptureStart
 2003d38  2003d38        c     2         ./ra/fsp/src/r_ceu/r_ceu.o:(.text.R_CEU_CallbackSet)
 2003d38  2003d38        0     1                 $t
 2003d39  2003d39        c     1                 R_CEU_CallbackSet
 2003d44  2003d44       32     2         ./ra/fsp/src/r_ceu/r_ceu.o:(.text.R_CEU_StatusGet)
 2003d44  2003d44        0     1                 $t
 2003d45  2003d45       32     1                 R_CEU_StatusGet
 2003d76  2003d76       8a     2         ./ra/fsp/src/r_ceu/r_ceu.o:(.text.ceu_isr)
 2003d76  2003d76        0     1                 $t
 2003d77  2003d77       8a     1                 ceu_isr
 2003e00  2003e00       aa     4         ./ra/fsp/src/bsp/mcu/all/bsp_clocks.o:(.text.SystemCoreClockUpdate)
 2003e00  2003e00        0     1                 $t
 2003e01  2003e01       aa     1                 SystemCoreClockUpdate
 2003e1c  2003e1c        0     1                 $d
 2003e20  2003e20        0     1                 $t
 2003eb0  2003eb0      5a0     8         ./ra/fsp/src/bsp/mcu/all/bsp_clocks.o:(.text.bsp_clock_init)
 2003eb0  2003eb0        0     1                 $t
 2003eb1  2003eb1      5a0     1                 bsp_clock_init
 2004430  2004430        0     1                 $d
 2004450  2004450      162     8         ./ra/fsp/src/bsp/mcu/all/bsp_clocks.o:(.text.R_BSP_OctaclkUpdate)
 2004450  2004450        0     1                 $t
 2004451  2004451      162     1                 R_BSP_OctaclkUpdate
 20045b2  20045b2        2     2         ./ra/fsp/src/bsp/mcu/all/bsp_clocks.o:(.text.R_BSP_SubClockStabilizeWaitAfterReset)
 20045b2  20045b2        0     1                 $t
 20045b3  20045b3        2     1                 R_BSP_SubClockStabilizeWaitAfterReset
 20045b4  20045b4        e     2         ./ra/fsp/src/bsp/mcu/all/bsp_clocks.o:(.text.R_BSP_SourceClockHzGet)
 20045b4  20045b4        0     1                 $t
 20045b5  20045b5        e     1                 R_BSP_SourceClockHzGet
 20045c8  20045c8       8a     8         ./ra/fsp/src/bsp/mcu/all/bsp_clocks.o:(.text.R_BSP_Init_RTC)
 20045c8  20045c8        0     1                 $t
 20045c9  20045c9       8a     1                 R_BSP_Init_RTC
 2004658  2004658        a     8         ./ra/fsp/src/bsp/mcu/all/bsp_common.o:(.text.__assert_func)
 2004658  2004658        0     1                 $t
 2004659  2004659        a     1                 __assert_func
 2004662  2004662       7a     2         ./ra/fsp/src/bsp/mcu/all/bsp_delay.o:(.text.R_BSP_SoftwareDelay)
 2004662  2004662        0     1                 $t
 2004663  2004663       7a     1                 R_BSP_SoftwareDelay
 20046e0  20046e0        8     8         ./ra/fsp/src/bsp/mcu/all/bsp_delay.o:(.text.bsp_prv_software_delay_loop)
 20046e0  20046e0        0     1                 sw_delay_loop
 20046e0  20046e0        0     1                 $t
 20046e1  20046e1        8     1                 bsp_prv_software_delay_loop
 20046e8  20046e8       4a     8         ./ra/fsp/src/bsp/mcu/all/bsp_group_irq.o:(.text.NMI_Handler)
 20046e8  20046e8        0     1                 $t
 20046e9  20046e9       4a     1                 NMI_Handler
 2004738  2004738       28     8         ./ra/fsp/src/bsp/mcu/all/bsp_irq.o:(.text.bsp_irq_cfg)
 2004738  2004738        0     1                 $t
 2004739  2004739       28     1                 bsp_irq_cfg
 2004760  2004760       4e     2         ./ra/fsp/src/bsp/mcu/all/bsp_register_protection.o:(.text.R_BSP_RegisterProtectEnable)
 2004760  2004760        0     1                 $t
 2004761  2004761       4e     1                 R_BSP_RegisterProtectEnable
 20047ae  20047ae       4c     2         ./ra/fsp/src/bsp/mcu/all/bsp_register_protection.o:(.text.R_BSP_RegisterProtectDisable)
 20047ae  20047ae        0     1                 $t
 20047af  20047af       4c     1                 R_BSP_RegisterProtectDisable
 20047fc  20047fc       1c     4         ./ra/fsp/src/bsp/mcu/all/bsp_sbrk.o:(.text.sbrk)
 20047fc  20047fc        0     1                 $t
 20047fd  20047fd       1c     1                 sbrk
 2004814  2004814        0     1                 $d
 2004818  2004818       c6     8         ./ra/fsp/src/bsp/mcu/all/bsp_sdram.o:(.text.R_BSP_SdramInit)
 2004818  2004818        0     1                 $t
 2004819  2004819       c6     1                 R_BSP_SdramInit
 20048e0  20048e0        a     8         ./ra/fsp/src/bsp/cmsis/Device/RENESAS/Source/startup.o:(.text.Reset_Handler)
 20048e0  20048e0        0     1                 $t
 20048e1  20048e1        a     1                 Reset_Handler
 20048ea  20048ea        4     2         ./ra/fsp/src/bsp/cmsis/Device/RENESAS/Source/startup.o:(.text.Default_Handler)
 20048ea  20048ea        0     1                 $t
 20048eb  20048eb        4     1                 Default_Handler
 20048eb  20048eb        4     1                 HardFault_Handler
 20048eb  20048eb        4     1                 MemManage_Handler
 20048eb  20048eb        4     1                 BusFault_Handler
 20048eb  20048eb        4     1                 UsageFault_Handler
 20048eb  20048eb        4     1                 SecureFault_Handler
 20048eb  20048eb        4     1                 DebugMon_Handler
 20048f0  20048f0      23e     8         ./ra/fsp/src/bsp/cmsis/Device/RENESAS/Source/system.o:(.text.SystemInit)
 20048f0  20048f0        0     1                 $t
 20048f1  20048f1      23e     1                 SystemInit
 20049e0  20049e0        0     1                 memset_64_loop_start_0
 20049e8  20049e8        0     1                 memset_64_loop_end_0
 20049f0  20049f0        0     1                 memset_64_loop_start_1
 20049f8  20049f8        0     1                 memset_64_loop_end_1
 2004b30  2004b30       5e     8         ./ra/fsp/src/bsp/cmsis/Device/RENESAS/Source/system.o:(.text.SystemRuntimeInit)
 2004b30  2004b30        0     1                 $t
 2004b31  2004b31       5e     1                 SystemRuntimeInit
 2004b8e  2004b8e        2     2         ./ra/board/ra8p1_ek/board_init.o:(.text.bsp_init)
 2004b8e  2004b8e        0     1                 $t
 2004b8f  2004b8f        2     1                 bsp_init
 2004b90  2004b90      142     8         ./ra/aws/FreeRTOS/FreeRTOS/Source/portable/MemMang/heap_4.o:(.text.vPortFree)
 2004b90  2004b90        0     1                 $t
 2004b91  2004b91      142     1                 vPortFree
 2004cd2  2004cd2       16     2         ./ra/aws/FreeRTOS/FreeRTOS/Source/list.o:(.text.vListInitialise)
 2004cd2  2004cd2        0     1                 $t
 2004cd3  2004cd3       16     1                 vListInitialise
 2004ce8  2004ce8        6     2         ./ra/aws/FreeRTOS/FreeRTOS/Source/list.o:(.text.vListInitialiseItem)
 2004ce8  2004ce8        0     1                 $t
 2004ce9  2004ce9        6     1                 vListInitialiseItem
[...]
                                                  ./ra/fsp/src/bsp/cmsis/Device/RENESAS/Source/system.o
__init_array_start                                fsp_gen.lld:750
                                                  ./ra/fsp/src/bsp/cmsis/Device/RENESAS/Source/system.o
__init_array_end                                  fsp_gen.lld:753
                                                  ./ra/fsp/src/bsp/cmsis/Device/RENESAS/Source/system.o
vPortFree                                         ./ra/aws/FreeRTOS/FreeRTOS/Source/portable/MemMang/heap_4.o
                                                  ./ra/aws/FreeRTOS/FreeRTOS/Source/event_groups.o
                                                  ./ra/aws/FreeRTOS/FreeRTOS/Source/queue.o
                                                  ./ra/aws/FreeRTOS/FreeRTOS/Source/stream_buffer.o
                                                  ./ra/aws/FreeRTOS/FreeRTOS/Source/tasks.o
                                                  ./ra/aws/FreeRTOS/FreeRTOS/Source/timers.o
vListInitialise                                   ./ra/aws/FreeRTOS/FreeRTOS/Source/list.o
                                                  ./ra/aws/FreeRTOS/FreeRTOS/Source/event_groups.o
                                                  ./ra/aws/FreeRTOS/FreeRTOS/Source/queue.o
                                                  ./ra/aws/FreeRTOS/FreeRTOS/Source/tasks.o
                                                  ./ra/aws/FreeRTOS/FreeRTOS/Source/timers.o
xTaskGetSchedulerState                            ./ra/aws/FreeRTOS/FreeRTOS/Source/tasks.o
                                                  ./ra/aws/FreeRTOS/FreeRTOS/Source/event_groups.o
                                                  ./ra/aws/FreeRTOS/FreeRTOS/Source/queue.o
                                                  ./ra/aws/FreeRTOS/FreeRTOS/Source/timers.o
vListInitialiseItem                               ./ra/aws/FreeRTOS/FreeRTOS/Source/list.o
                                                  ./ra/aws/FreeRTOS/FreeRTOS/Source/tasks.o
                                                  ./ra/aws/FreeRTOS/FreeRTOS/Source/timers.o
vListInsertEnd                                    ./ra/aws/FreeRTOS/FreeRTOS/Source/list.o
                                                  ./ra/aws/FreeRTOS/FreeRTOS/Source/tasks.o
vListInsert                                       ./ra/aws/FreeRTOS/FreeRTOS/Source/list.o
                                                  ./ra/aws/FreeRTOS/FreeRTOS/Source/tasks.o
                                                  ./ra/aws/FreeRTOS/FreeRTOS/Source/timers.o
uxListRemove                                      ./ra/aws/FreeRTOS/FreeRTOS/Source/list.o
                                                  ./ra/aws/FreeRTOS/FreeRTOS/Source/tasks.o
                                                  ./ra/aws/FreeRTOS/FreeRTOS/Source/timers.o
xQueueGenericReset                                ./ra/aws/FreeRTOS/FreeRTOS/Source/queue.o
xTaskRemoveFromEventList                          ./ra/aws/FreeRTOS/FreeRTOS/Source/tasks.o
                                                  ./ra/aws/FreeRTOS/FreeRTOS/Source/queue.o
xQueueGenericCreateStatic                         ./ra/aws/FreeRTOS/FreeRTOS/Source/queue.o
                                                  ./ra/aws/FreeRTOS/FreeRTOS/Source/timers.o
vTaskInternalSetTimeOutState                      ./ra/aws/FreeRTOS/FreeRTOS/Source/tasks.o
                                                  ./ra/aws/FreeRTOS/FreeRTOS/Source/queue.o
xTaskCheckForTimeOut                              ./ra/aws/FreeRTOS/FreeRTOS/Source/tasks.o
                                                  ./ra/aws/FreeRTOS/FreeRTOS/Source/queue.o
                                                  ./ra/aws/FreeRTOS/FreeRTOS/Source/stream_buffer.o
vTaskPlaceOnEventList                             ./ra/aws/FreeRTOS/FreeRTOS/Source/tasks.o
                                                  ./ra/aws/FreeRTOS/FreeRTOS/Source/queue.o
vTaskMissedYield                                  ./ra/aws/FreeRTOS/FreeRTOS/Source/tasks.o
                                                  ./ra/aws/FreeRTOS/FreeRTOS/Source/queue.o
xQueueReceive                                     ./ra/aws/FreeRTOS/FreeRTOS/Source/queue.o
                                                  ./ra/aws/FreeRTOS/FreeRTOS/Source/timers.o
xQueueRegistry                                    ./ra/aws/FreeRTOS/FreeRTOS/Source/queue.o
vQueueAddToRegistry                               ./ra/aws/FreeRTOS/FreeRTOS/Source/queue.o
                                                  ./ra/aws/FreeRTOS/FreeRTOS/Source/timers.o
vQueueWaitForMessageRestricted                    ./ra/aws/FreeRTOS/FreeRTOS/Source/queue.o
                                                  ./ra/aws/FreeRTOS/FreeRTOS/Source/timers.o
vTaskPlaceOnEventListRestricted                   ./ra/aws/FreeRTOS/FreeRTOS/Source/tasks.o
                                                  ./ra/aws/FreeRTOS/FreeRTOS/Source/queue.o
xTimerCreateTimerTask                             ./ra/aws/FreeRTOS/FreeRTOS/Source/timers.o
                                                  ./ra/aws/FreeRTOS/FreeRTOS/Source/tasks.o
__aeabi_memcpy8                                   D:\\FSP\\toolchains\\llvm_arm\\ATfE-21.1.1-Windows-x86_64\\bin\\..\\lib\\clang-runtimes/arm-none-eabi/armv8.1m.main_hard_fpdp_nomve_exn_rtti_unaligned_size\\lib\libc.a(memcpy.c.o)
                                                  ./ra/arm/CMSIS-NN/Source/FullyConnectedFunctions/arm_vector_sum_s8_s64.o
                                                  ./ra/arm/CMSIS-DSP/Source/MatrixFunctions/arm_mat_ldlt_f64.o
                                                  ./ra/arm/CMSIS-DSP/Source/MatrixFunctions/arm_mat_qr_f64.o
bzero                                             D:\\FSP\\toolchains\\llvm_arm\\ATfE-21.1.1-Windows-x86_64\\bin\\..\\lib\\clang-runtimes/arm-none-eabi/armv8.1m.main_hard_fpdp_nomve_exn_rtti_unaligned_size\\lib\libc.a(bzero.c.o)
__retarget_lock_acquire_recursive                 D:\\FSP\\toolchains\\llvm_arm\\ATfE-21.1.1-Windows-x86_64\\bin\\..\\lib\\clang-runtimes/arm-none-eabi/armv8.1m.main_hard_fpdp_nomve_exn_rtti_unaligned_size\\lib\libc.a(libc_misc_lock.c.o)
                                                  D:\\FSP\\toolchains\\llvm_arm\\ATfE-21.1.1-Windows-x86_64\\bin\\..\\lib\\clang-runtimes/arm-none-eabi/armv8.1m.main_hard_fpdp_nomve_exn_rtti_unaligned_size\\lib\libc.a(nano-free.c.o)
                                                  D:\\FSP\\toolchains\\llvm_arm\\ATfE-21.1.1-Windows-x86_64\\bin\\..\\lib\\clang-runtimes/arm-none-eabi/armv8.1m.main_hard_fpdp_nomve_exn_rtti_unaligned_size\\lib\libc.a(nano-malloc.c.o)
__retarget_lock_release_recursive                 D:\\FSP\\toolchains\\llvm_arm\\ATfE-21.1.1-Windows-x86_64\\bin\\..\\lib\\clang-runtimes/arm-none-eabi/armv8.1m.main_hard_fpdp_nomve_exn_rtti_unaligned_size\\lib\libc.a(libc_misc_lock.c.o)
                                                  D:\\FSP\\toolchains\\llvm_arm\\ATfE-21.1.1-Windows-x86_64\\bin\\..\\lib\\clang-runtimes/arm-none-eabi/armv8.1m.main_hard_fpdp_nomve_exn_rtti_unaligned_size\\lib\libc.a(nano-free.c.o)
                                                  D:\\FSP\\toolchains\\llvm_arm\\ATfE-21.1.1-Windows-x86_64\\bin\\..\\lib\\clang-runtimes/arm-none-eabi/armv8.1m.main_hard_fpdp_nomve_exn_rtti_unaligned_size\\lib\libc.a(nano-malloc.c.o)
__lock___libc_recursive_mutex                     D:\\FSP\\toolchains\\llvm_arm\\ATfE-21.1.1-Windows-x86_64\\bin\\..\\lib\\clang-runtimes/arm-none-eabi/armv8.1m.main_hard_fpdp_nomve_exn_rtti_unaligned_size\\lib\libc.a(libc_misc_lock.c.o)
                                                  D:\\FSP\\toolchains\\llvm_arm\\ATfE-21.1.1-Windows-x86_64\\bin\\..\\lib\\clang-runtimes/arm-none-eabi/armv8.1m.main_hard_fpdp_nomve_exn_rtti_unaligned_size\\lib\libc.a(nano-free.c.o)
                                                  D:\\FSP\\toolchains\\llvm_arm\\ATfE-21.1.1-Windows-x86_64\\bin\\..\\lib\\clang-runtimes/arm-none-eabi/armv8.1m.main_hard_fpdp_nomve_exn_rtti_unaligned_size\\lib\libc.a(nano-malloc.c.o)
__malloc_free_list                                D:\\FSP\\toolchains\\llvm_arm\\ATfE-21.1.1-Windows-x86_64\\bin\\..\\lib\\clang-runtimes/arm-none-eabi/armv8.1m.main_hard_fpdp_nomve_exn_rtti_unaligned_size\\lib\libc.a(nano-malloc.c.o)
                                                  D:\\FSP\\toolchains\\llvm_arm\\ATfE-21.1.1-Windows-x86_64\\bin\\..\\lib\\clang-runtimes/arm-none-eabi/armv8.1m.main_hard_fpdp_nomve_exn_rtti_unaligned_size\\lib\libc.a(nano-free.c.o)
__malloc_free                                     D:\\FSP\\toolchains\\llvm_arm\\ATfE-21.1.1-Windows-x86_64\\bin\\..\\lib\\clang-runtimes/arm-none-eabi/armv8.1m.main_hard_fpdp_nomve_exn_rtti_unaligned_size\\lib\libc.a(nano-free.c.o)
                                                  D:\\FSP\\toolchains\\llvm_arm\\ATfE-21.1.1-Windows-x86_64\\bin\\..\\lib\\clang-runtimes/arm-none-eabi/armv8.1m.main_hard_fpdp_nomve_exn_rtti_unaligned_size\\lib\libc.a(nano-malloc.c.o)
cfree                                             D:\\FSP\\toolchains\\llvm_arm\\ATfE-21.1.1-Windows-x86_64\\bin\\..\\lib\\clang-runtimes/arm-none-eabi/armv8.1m.main_hard_fpdp_nomve_exn_rtti_unaligned_size\\lib\libc.a(nano-free.c.o)
__malloc_grow_chunk                               D:\\FSP\\toolchains\\llvm_arm\\ATfE-21.1.1-Windows-x86_64\\bin\\..\\lib\\clang-runtimes/arm-none-eabi/armv8.1m.main_hard_fpdp_nomve_exn_rtti_unaligned_size\\lib\libc.a(nano-malloc.c.o)
__malloc_malloc                                   D:\\FSP\\toolchains\\llvm_arm\\ATfE-21.1.1-Windows-x86_64\\bin\\..\\lib\\clang-runtimes/arm-none-eabi/armv8.1m.main_hard_fpdp_nomve_exn_rtti_unaligned_size\\lib\libc.a(nano-malloc.c.o)
__malloc_sbrk_top                                 D:\\FSP\\toolchains\\llvm_arm\\ATfE-21.1.1-Windows-x86_64\\bin\\..\\lib\\clang-runtimes/arm-none-eabi/armv8.1m.main_hard_fpdp_nomve_exn_rtti_unaligned_size\\lib\libc.a(nano-malloc.c.o)
__malloc_sbrk_start                               D:\\FSP\\toolchains\\llvm_arm\\ATfE-21.1.1-Windows-x86_64\\bin\\..\\lib\\clang-runtimes/arm-none-eabi/armv8.1m.main_hard_fpdp_nomve_exn_rtti_unaligned_size\\lib\libc.a(nano-malloc.c.o)
__tdata_source                                    fsp_gen.lld:1286
                                                  D:\\FSP\\toolchains\\llvm_arm\\ATfE-21.1.1-Windows-x86_64\\bin\\..\\lib\\clang-runtimes/arm-none-eabi/armv8.1m.main_hard_fpdp_nomve_exn_rtti_unaligned_size\\lib\libc.a(libc_picolib_inittls.c.o)
__tdata_size                                      fsp_gen.lld:1287
                                                  D:\\FSP\\toolchains\\llvm_arm\\ATfE-21.1.1-Windows-x86_64\\bin\\..\\lib\\clang-runtimes/arm-none-eabi/armv8.1m.main_hard_fpdp_nomve_exn_rtti_unaligned_size\\lib\libc.a(libc_picolib_inittls.c.o)
__tbss_offset                                     fsp_gen.lld:1288
                                                  D:\\FSP\\toolchains\\llvm_arm\\ATfE-21.1.1-Windows-x86_64\\bin\\..\\lib\\clang-runtimes/arm-none-eabi/armv8.1m.main_hard_fpdp_nomve_exn_rtti_unaligned_size\\lib\libc.a(libc_picolib_inittls.c.o)
__tbss_size                                       fsp_gen.lld:1289
                                                  D:\\FSP\\toolchains\\llvm_arm\\ATfE-21.1.1-Windows-x86_64\\bin\\..\\lib\\clang-runtimes/arm-none-eabi/armv8.1m.main_hard_fpdp_nomve_exn_rtti_unaligned_size\\lib\libc.a(libc_picolib_inittls.c.o)
__arm32_tls_tcb_offset                            fsp_gen.lld:1290
                                                  D:\\FSP\\toolchains\\llvm_arm\\ATfE-21.1.1-Windows-x86_64\\bin\\..\\lib\\clang-runtimes/arm-none-eabi/armv8.1m.main_hard_fpdp_nomve_exn_rtti_unaligned_size\\lib\libc.a(libc_picolib_machine_arm_set_tls.c.o)
__tls                                             D:\\FSP\\toolchains\\llvm_arm\\ATfE-21.1.1-Windows-x86_64\\bin\\..\\lib\\clang-runtimes/arm-none-eabi/armv8.1m.main_hard_fpdp_nomve_exn_rtti_unaligned_size\\lib\libc.a(libc_picolib_machine_arm_tls.c.o)
                                                  D:\\FSP\\toolchains\\llvm_arm\\ATfE-21.1.1-Windows-x86_64\\bin\\..\\lib\\clang-runtimes/arm-none-eabi/armv8.1m.main_hard_fpdp_nomve_exn_rtti_unaligned_size\\lib\libc.a(libc_picolib_machine_arm_set_tls.c.o)
                                                  D:\\FSP\\toolchains\\llvm_arm\\ATfE-21.1.1-Windows-x86_64\\bin\\..\\lib\\clang-runtimes/arm-none-eabi/armv8.1m.main_hard_fpdp_nomve_exn_rtti_unaligned_size\\lib\libc.a(libc_picolib_machine_arm_read_tp.S.o)
vfprintf                                          D:\\FSP\\toolchains\\llvm_arm\\ATfE-21.1.1-Windows-x86_64\\bin\\..\\lib\\clang-runtimes/arm-none-eabi/armv8.1m.main_hard_fpdp_nomve_exn_rtti_unaligned_size\\lib\libc.a(libc_tinystdio_vfprintf.c.o)
                                                  D:\\FSP\\toolchains\\llvm_arm\\ATfE-21.1.1-Windows-x86_64\\bin\\..\\lib\\clang-runtimes/arm-none-eabi/armv8.1m.main_hard_fpdp_nomve_exn_rtti_unaligned_size\\lib\libc.a(libc_tinystdio_snprintf.c.o)
__file_str_put                                    D:\\FSP\\toolchains\\llvm_arm\\ATfE-21.1.1-Windows-x86_64\\bin\\..\\lib\\clang-runtimes/arm-none-eabi/armv8.1m.main_hard_fpdp_nomve_exn_rtti_unaligned_size\\lib\libc.a(libc_tinystdio_filestrput.c.o)
                                                  D:\\FSP\\toolchains\\llvm_arm\\ATfE-21.1.1-Windows-x86_64\\bin\\..\\lib\\clang-runtimes/arm-none-eabi/armv8.1m.main_hard_fpdp_nomve_exn_rtti_unaligned_size\\lib\libc.a(libc_tinystdio_snprintf.c.o)
__dtox_engine                                     D:\\FSP\\toolchains\\llvm_arm\\ATfE-21.1.1-Windows-x86_64\\bin\\..\\lib\\clang-runtimes/arm-none-eabi/armv8.1m.main_hard_fpdp_nomve_exn_rtti_unaligned_size\\lib\libc.a(libc_tinystdio_dtox_engine.c.o)
                                                  D:\\FSP\\toolchains\\llvm_arm\\ATfE-21.1.1-Windows-x86_64\\bin\\..\\lib\\clang-runtimes/arm-none-eabi/armv8.1m.main_hard_fpdp_nomve_exn_rtti_unaligned_size\\lib\libc.a(libc_tinystdio_vfprintf.c.o)
__dtoa_engine                                     D:\\FSP\\toolchains\\llvm_arm\\ATfE-21.1.1-Windows-x86_64\\bin\\..\\lib\\clang-runtimes/arm-none-eabi/armv8.1m.main_hard_fpdp_nomve_exn_rtti_unaligned_size\\lib\libc.a(libc_tinystdio_dtoa_ryu.c.o)
                                                  D:\\FSP\\toolchains\\llvm_arm\\ATfE-21.1.1-Windows-x86_64\\bin\\..\\lib\\clang-runtimes/arm-none-eabi/armv8.1m.main_hard_fpdp_nomve_exn_rtti_unaligned_size\\lib\libc.a(libc_tinystdio_vfprintf.c.o)
strnlen                                           D:\\FSP\\toolchains\\llvm_arm\\ATfE-21.1.1-Windows-x86_64\\bin\\..\\lib\\clang-runtimes/arm-none-eabi/armv8.1m.main_hard_fpdp_nomve_exn_rtti_unaligned_size\\lib\libc.a(libc_string_strnlen.c.o)
                                                  D:\\FSP\\toolchains\\llvm_arm\\ATfE-21.1.1-Windows-x86_64\\bin\\..\\lib\\clang-runtimes/arm-none-eabi/armv8.1m.main_hard_fpdp_nomve_exn_rtti_unaligned_size\\lib\libc.a(libc_tinystdio_vfprintf.c.o)
__d_vfprintf                                      D:\\FSP\\toolchains\\llvm_arm\\ATfE-21.1.1-Windows-x86_64\\bin\\..\\lib\\clang-runtimes/arm-none-eabi/armv8.1m.main_hard_fpdp_nomve_exn_rtti_unaligned_size\\lib\libc.a(libc_tinystdio_vfprintf.c.o)
__log10Pow2                                       D:\\FSP\\toolchains\\llvm_arm\\ATfE-21.1.1-Windows-x86_64\\bin\\..\\lib\\clang-runtimes/arm-none-eabi/armv8.1m.main_hard_fpdp_nomve_exn_rtti_unaligned_size\\lib\libc.a(libc_tinystdio_ryu_log10.c.o)
                                                  D:\\FSP\\toolchains\\llvm_arm\\ATfE-21.1.1-Windows-x86_64\\bin\\..\\lib\\clang-runtimes/arm-none-eabi/armv8.1m.main_hard_fpdp_nomve_exn_rtti_unaligned_size\\lib\libc.a(libc_tinystdio_dtoa_ryu.c.o)
__pow5bits                                        D:\\FSP\\toolchains\\llvm_arm\\ATfE-21.1.1-Windows-x86_64\\bin\\..\\lib\\clang-runtimes/arm-none-eabi/armv8.1m.main_hard_fpdp_nomve_exn_rtti_unaligned_size\\lib\libc.a(libc_tinystdio_ryu_pow5bits.c.o)
                                                  D:\\FSP\\toolchains\\llvm_arm\\ATfE-21.1.1-Windows-x86_64\\bin\\..\\lib\\clang-runtimes/arm-none-eabi/armv8.1m.main_hard_fpdp_nomve_exn_rtti_unaligned_size\\lib\libc.a(libc_tinystdio_dtoa_ryu.c.o)
                                                  D:\\FSP\\toolchains\\llvm_arm\\ATfE-21.1.1-Windows-x86_64\\bin\\..\\lib\\clang-runtimes/arm-none-eabi/armv8.1m.main_hard_fpdp_nomve_exn_rtti_unaligned_size\\lib\libc.a(libc_tinystdio_ryu_table.c.o)
__double_computeInvPow5                           D:\\FSP\\toolchains\\llvm_arm\\ATfE-21.1.1-Windows-x86_64\\bin\\..\\lib\\clang-runtimes/arm-none-eabi/armv8.1m.main_hard_fpdp_nomve_exn_rtti_unaligned_size\\lib\libc.a(libc_tinystdio_ryu_table.c.o)
                                                  D:\\FSP\\toolchains\\llvm_arm\\ATfE-21.1.1-Windows-x86_64\\bin\\..\\lib\\clang-runtimes/arm-none-eabi/armv8.1m.main_hard_fpdp_nomve_exn_rtti_unaligned_size\\lib\libc.a(libc_tinystdio_dtoa_ryu.c.o)
__pow5Factor                                      D:\\FSP\\toolchains\\llvm_arm\\ATfE-21.1.1-Windows-x86_64\\bin\\..\\lib\\clang-runtimes/arm-none-eabi/armv8.1m.main_hard_fpdp_nomve_exn_rtti_unaligned_size\\lib\libc.a(libc_tinystdio_ryu_table.c.o)
                                                  D:\\FSP\\toolchains\\llvm_arm\\ATfE-21.1.1-Windows-x86_64\\bin\\..\\lib\\clang-runtimes/arm-none-eabi/armv8.1m.main_hard_fpdp_nomve_exn_rtti_unaligned_size\\lib\libc.a(libc_tinystdio_dtoa_ryu.c.o)
__log10Pow5                                       D:\\FSP\\toolchains\\llvm_arm\\ATfE-21.1.1-Windows-x86_64\\bin\\..\\lib\\clang-runtimes/arm-none-eabi/armv8.1m.main_hard_fpdp_nomve_exn_rtti_unaligned_size\\lib\libc.a(libc_tinystdio_ryu_log10.c.o)
                                                  D:\\FSP\\toolchains\\llvm_arm\\ATfE-21.1.1-Windows-x86_64\\bin\\..\\lib\\clang-runtimes/arm-none-eabi/armv8.1m.main_hard_fpdp_nomve_exn_rtti_unaligned_size\\lib\libc.a(libc_tinystdio_dtoa_ryu.c.o)
__double_computePow5                              D:\\FSP\\toolchains\\llvm_arm\\ATfE-21.1.1-Windows-x86_64\\bin\\..\\lib\\clang-runtimes/arm-none-eabi/armv8.1m.main_hard_fpdp_nomve_exn_rtti_unaligned_size\\lib\libc.a(libc_tinystdio_ryu_table.c.o)
                                                  D:\\FSP\\toolchains\\llvm_arm\\ATfE-21.1.1-Windows-x86_64\\bin\\..\\lib\\clang-runtimes/arm-none-eabi/armv8.1m.main_hard_fpdp_nomve_exn_rtti_unaligned_size\\lib\libc.a(libc_tinystdio_dtoa_ryu.c.o)
__umul128                                         D:\\FSP\\toolchains\\llvm_arm\\ATfE-21.1.1-Windows-x86_64\\bin\\..\\lib\\clang-runtimes/arm-none-eabi/armv8.1m.main_hard_fpdp_nomve_exn_rtti_unaligned_size\\lib\libc.a(libc_tinystdio_ryu_umul128.c.o)
                                                  D:\\FSP\\toolchains\\llvm_arm\\ATfE-21.1.1-Windows-x86_64\\bin\\..\\lib\\clang-runtimes/arm-none-eabi/armv8.1m.main_hard_fpdp_nomve_exn_rtti_unaligned_size\\lib\libc.a(libc_tinystdio_dtoa_ryu.c.o)
                                                  D:\\FSP\\toolchains\\llvm_arm\\ATfE-21.1.1-Windows-x86_64\\bin\\..\\lib\\clang-runtimes/arm-none-eabi/armv8.1m.main_hard_fpdp_nomve_exn_rtti_unaligned_size\\lib\libc.a(libc_tinystdio_ryu_table.c.o)
__shiftright128                                   D:\\FSP\\toolchains\\llvm_arm\\ATfE-21.1.1-Windows-x86_64\\bin\\..\\lib\\clang-runtimes/arm-none-eabi/armv8.1m.main_hard_fpdp_nomve_exn_rtti_unaligned_size\\lib\libc.a(libc_tinystdio_ryu_umul128.c.o)
                                                  D:\\FSP\\toolchains\\llvm_arm\\ATfE-21.1.1-Windows-x86_64\\bin\\..\\lib\\clang-runtimes/arm-none-eabi/armv8.1m.main_hard_fpdp_nomve_exn_rtti_unaligned_size\\lib\libc.a(libc_tinystdio_dtoa_ryu.c.o)
                                                  D:\\FSP\\toolchains\\llvm_arm\\ATfE-21.1.1-Windows-x86_64\\bin\\..\\lib\\clang-runtimes/arm-none-eabi/armv8.1m.main_hard_fpdp_nomve_exn_rtti_unaligned_size\\lib\libc.a(libc_tinystdio_ryu_table.c.o)
