T6E4C 000:001.014   SEGGER J-Link V9.42 Log File
T6E4C 000:001.111   DLL Compiled: May  6 2026 12:25:27
T6E4C 000:001.123   Logging started @ 2026-07-22 13:43
T6E4C 000:001.134   Process: C:\Users\Cathy\.eclipse\com.renesas.platform_385153980\DebugComp\RA\e2-server-gdb.exe
T6E4C 000:001.149 - 1.145ms 
T6E4C 000:001.168 JLINK_GetDLLVersion()
T6E4C 000:001.179 - 0.012ms returns 94200
T6E4C 000:003.243 JLINK_OpenEx(...)
T6E4C 000:008.167   Firmware: J-Link OB-RA4M2 compiled Dec 10 2025 15:52:53
T6E4C 000:008.812   Firmware: J-Link OB-RA4M2 compiled Dec 10 2025 15:52:53
T6E4C 000:019.995   Hardware: V1.00
T6E4C 000:020.016   S/N: 1080563709
T6E4C 000:020.030   OEM: SEGGER
T6E4C 000:020.047   Feature(s): None
T6E4C 000:020.661   Bootloader: 2021 May 14
T6E4C 000:021.108   USB speed mode: Full speed (12 MBit/s)
T6E4C 000:021.423   TELNET listener socket opened on port 19021
T6E4C 000:021.560   WEBSRV WEBSRV_Init(): Starting webserver thread(s)
T6E4C 000:021.647   WEBSRV Webserver running on local port 19080
T6E4C 000:021.860   Looking for J-Link GUI Server exe at: C:\Users\Cathy\.eclipse\com.renesas.platform_385153980\DebugComp\RA\ARM\Segger_v9.42.0\JLinkGUIServer.exe
T6E4C 000:021.996   Looking for J-Link GUI Server exe at: C:\Program Files (x86)\SEGGER\JLink_V620h\\JLinkGUIServer.exe
T6E4C 000:322.044   Failed to connect to J-Link GUI Server.
T6E4C 000:322.091 - 318.843ms returns "O.K."
T6E4C 000:322.174 JLINK_TIF_Select(JLINKARM_TIF_SWD)
T6E4C 000:323.184 - 1.010ms returns 0x00
T6E4C 000:323.211 JLINK_ClrRESET()
T6E4C 000:324.648 - 1.436ms 
T6E4C 000:375.614 JLINK_SetSpeed(1500)
T6E4C 000:375.733 - 0.123ms 
T6E4C 000:375.750 JLINK_CORESIGHT_Configure(PerformTIFInit=0)
T6E4C 000:376.122 - 0.373ms returns 0
T6E4C 000:376.168 JLINK_CORESIGHT_ReadAPDPReg(DP reg 0x00)
T6E4C 000:376.645   Value=0x6BA02477
T6E4C 000:376.684 - 0.517ms returns 0
T6E4C 000:376.698 JLINK_CORESIGHT_WriteAPDPReg(DP reg 0x00, 0x0000001F)
T6E4C 000:376.888 - 0.190ms returns 0
T6E4C 000:376.900 JLINK_CORESIGHT_ReadAPDPReg(DP reg 0x00)
T6E4C 000:377.135   Value=0x6BA02477
T6E4C 000:377.151 - 0.250ms returns 0
T6E4C 000:377.163 JLINK_CORESIGHT_WriteAPDPReg(DP reg 0x02, 0x00000000)
T6E4C 000:377.349 - 0.186ms returns 0
T6E4C 000:377.361 JLINK_CORESIGHT_WriteAPDPReg(DP reg 0x01, 0x50000000)
T6E4C 000:377.575 - 0.214ms returns 0
T6E4C 000:377.975 JLINK_CORESIGHT_ReadAPDPReg(DP reg 0x01)
T6E4C 000:378.172   Value=0xF0000040
T6E4C 000:378.189 - 0.214ms returns 0
T6E4C 000:378.201 JLINK_CORESIGHT_WriteAPDPReg(DP reg 0x00, 0x0000001F)
T6E4C 000:378.477 - 0.275ms returns 0
T6E4C 000:378.489 JLINK_CORESIGHT_ReadAPDPReg(DP reg 0x00)
T6E4C 000:378.704   Value=0x6BA02477
T6E4C 000:378.725 - 0.236ms returns 0
T6E4C 000:378.738 JLINK_CORESIGHT_WriteAPDPReg(DP reg 0x01, 0x54000000)
T6E4C 000:378.955 - 0.218ms returns 0
T6E4C 000:378.967 JLINK_CORESIGHT_WriteAPDPReg(DP reg 0x01, 0x50000F00)
T6E4C 000:379.161 - 0.194ms returns 0
T6E4C 000:379.173 JLINK_CORESIGHT_WriteAPDPReg(DP reg 0x02, 0x01000000)
T6E4C 000:379.367 - 0.194ms returns 0
T6E4C 000:379.379 JLINK_CORESIGHT_WriteAPDPReg(AP reg 0x00, 0x80000002)
T6E4C 000:379.574 - 0.195ms returns 0
T6E4C 000:379.585 JLINK_CORESIGHT_WriteAPDPReg(AP reg 0x01, 0x80011100)
T6E4C 000:379.793 - 0.207ms returns 0
T6E4C 000:379.804 JLINK_CORESIGHT_WriteAPDPReg(AP reg 0x03, 0x000000A5)
T6E4C 000:379.992 - 0.188ms returns 0
T6E4C 000:380.003 JLINK_CORESIGHT_WriteAPDPReg(AP reg 0x00, 0x80000002)
T6E4C 000:380.188 - 0.185ms returns 0
T6E4C 000:380.199 JLINK_CORESIGHT_WriteAPDPReg(AP reg 0x01, 0x80011100)
T6E4C 000:380.388 - 0.189ms returns 0
T6E4C 000:380.399 JLINK_CORESIGHT_ReadAPDPReg(AP reg 0x03)
T6E4C 000:380.668   Value=0x000000A5
T6E4C 000:380.682 - 0.283ms returns 0
T6E4C 000:380.693 JLINK_ClrTMS()
T6E4C 000:380.752 - 0.058ms 
T6E4C 000:385.901 JLINK_SetTCK()
T6E4C 000:385.964 - 0.062ms returns 0
T6E4C 000:391.366 JLINK_SetRESET()
T6E4C 000:391.451 - 0.086ms 
T6E4C 000:591.692 JLINK_CORESIGHT_WriteAPDPReg(AP reg 0x00, 0x80000002)
T6E4C 000:592.195 - 0.502ms returns 0
T6E4C 000:592.252 JLINK_CORESIGHT_WriteAPDPReg(AP reg 0x01, 0x80011100)
T6E4C 000:592.582 - 0.330ms returns 0
T6E4C 000:592.594 JLINK_CORESIGHT_ReadAPDPReg(AP reg 0x03)
T6E4C 000:592.914   Value=0x00000000
T6E4C 000:592.928 - 0.334ms returns 0
T6E4C 000:592.940 JLINK_CORESIGHT_WriteAPDPReg(AP reg 0x00, 0x80000002)
T6E4C 000:593.258 - 0.318ms returns 0
T6E4C 000:593.269 JLINK_CORESIGHT_WriteAPDPReg(AP reg 0x01, 0x80011140)
T6E4C 000:593.714 - 0.444ms returns 0
T6E4C 000:593.736 JLINK_CORESIGHT_ReadAPDPReg(AP reg 0x03)
T6E4C 000:593.958   Value=0x00000002
T6E4C 000:593.974 - 0.238ms returns 0
T6E4C 000:593.986 JLINK_CORESIGHT_WriteAPDPReg(AP reg 0x00, 0x80000002)
T6E4C 000:594.220 - 0.233ms returns 0
T6E4C 000:594.231 JLINK_CORESIGHT_WriteAPDPReg(AP reg 0x01, 0x80011120)
T6E4C 000:594.486 - 0.255ms returns 0
T6E4C 000:594.498 JLINK_CORESIGHT_WriteAPDPReg(AP reg 0x03, 0x00000055)
T6E4C 000:594.705 - 0.207ms returns 0
T6E4C 000:594.717 JLINK_CORESIGHT_WriteAPDPReg(AP reg 0x00, 0x80000002)
T6E4C 000:594.948 - 0.231ms returns 0
T6E4C 000:594.959 JLINK_CORESIGHT_WriteAPDPReg(AP reg 0x01, 0x80011140)
T6E4C 000:595.186 - 0.226ms returns 0
T6E4C 000:595.197 JLINK_CORESIGHT_ReadAPDPReg(AP reg 0x03)
T6E4C 000:595.508   Value=0x00000002
T6E4C 000:595.523 - 0.326ms returns 0
T6E4C 000:595.534 JLINK_CORESIGHT_ReadAPDPReg(AP reg 0x03)
T6E4C 000:595.805   Value=0x00000002
T6E4C 000:595.820 - 0.286ms returns 0
T6E4C 000:595.830 JLINK_CORESIGHT_ReadAPDPReg(AP reg 0x03)
T6E4C 000:596.061   Value=0x00000002
T6E4C 000:596.077 - 0.246ms returns 0
T6E4C 000:596.089 JLINK_CORESIGHT_ReadAPDPReg(AP reg 0x03)
T6E4C 000:596.331   Value=0x00000002
T6E4C 000:596.346 - 0.257ms returns 0
T6E4C 000:596.357 JLINK_CORESIGHT_ReadAPDPReg(AP reg 0x03)
T6E4C 000:596.582   Value=0x00000002
T6E4C 000:596.596 - 0.239ms returns 0
T6E4C 000:596.607 JLINK_CORESIGHT_ReadAPDPReg(AP reg 0x03)
T6E4C 000:596.866   Value=0x00000002
T6E4C 000:596.880 - 0.273ms returns 0
T6E4C 000:596.891 JLINK_CORESIGHT_ReadAPDPReg(AP reg 0x03)
T6E4C 000:597.107   Value=0x00000002
T6E4C 000:597.123 - 0.232ms returns 0
T6E4C 000:597.135 JLINK_CORESIGHT_ReadAPDPReg(AP reg 0x03)
T6E4C 000:597.366   Value=0x00000002
T6E4C 000:597.381 - 0.246ms returns 0
T6E4C 000:597.392 JLINK_CORESIGHT_ReadAPDPReg(AP reg 0x03)
T6E4C 000:597.662   Value=0x00000002
T6E4C 000:597.677 - 0.285ms returns 0
T6E4C 000:597.688 JLINK_CORESIGHT_ReadAPDPReg(AP reg 0x03)
T6E4C 000:597.917   Value=0x00000002
T6E4C 000:597.932 - 0.244ms returns 0
T6E4C 000:597.942 JLINK_CORESIGHT_ReadAPDPReg(AP reg 0x03)
T6E4C 000:598.176   Value=0x00000002
T6E4C 000:598.191 - 0.248ms returns 0
T6E4C 000:598.202 JLINK_CORESIGHT_ReadAPDPReg(AP reg 0x03)
T6E4C 000:598.436   Value=0x00000002
T6E4C 000:598.450 - 0.248ms returns 0
T6E4C 000:598.461 JLINK_CORESIGHT_ReadAPDPReg(AP reg 0x03)
T6E4C 000:598.688   Value=0x00000002
T6E4C 000:598.702 - 0.241ms returns 0
T6E4C 000:598.713 JLINK_CORESIGHT_ReadAPDPReg(AP reg 0x03)
T6E4C 000:598.939   Value=0x00000002
T6E4C 000:598.954 - 0.240ms returns 0
T6E4C 000:598.964 JLINK_CORESIGHT_ReadAPDPReg(AP reg 0x03)
T6E4C 000:599.198   Value=0x00000002
T6E4C 000:599.212 - 0.248ms returns 0
T6E4C 000:599.223 JLINK_CORESIGHT_ReadAPDPReg(AP reg 0x03)
T6E4C 000:599.452   Value=0x00000002
T6E4C 000:599.466 - 0.243ms returns 0
T6E4C 000:599.477 JLINK_CORESIGHT_ReadAPDPReg(AP reg 0x03)
T6E4C 000:599.704   Value=0x00000002
T6E4C 000:599.719 - 0.241ms returns 0
T6E4C 000:599.729 JLINK_CORESIGHT_ReadAPDPReg(AP reg 0x03)
T6E4C 000:599.959   Value=0x00000002
T6E4C 000:599.974 - 0.244ms returns 0
T6E4C 000:599.984 JLINK_CORESIGHT_ReadAPDPReg(AP reg 0x03)
T6E4C 000:600.221   Value=0x00000002
T6E4C 000:600.236 - 0.251ms returns 0
T6E4C 000:600.256 JLINK_CORESIGHT_ReadAPDPReg(AP reg 0x03)
T6E4C 000:600.535   Value=0x00000002
T6E4C 000:600.549 - 0.293ms returns 0
T6E4C 000:600.560 JLINK_CORESIGHT_ReadAPDPReg(AP reg 0x03)
T6E4C 000:600.828   Value=0x00000002
T6E4C 000:600.843 - 0.283ms returns 0
T6E4C 000:600.854 JLINK_CORESIGHT_ReadAPDPReg(AP reg 0x03)
T6E4C 000:601.082   Value=0x00000002
T6E4C 000:601.098 - 0.243ms returns 0
T6E4C 000:601.109 JLINK_CORESIGHT_ReadAPDPReg(AP reg 0x03)
T6E4C 000:601.335   Value=0x00000002
T6E4C 000:601.351 - 0.242ms returns 0
T6E4C 000:601.362 JLINK_CORESIGHT_ReadAPDPReg(AP reg 0x03)
T6E4C 000:601.594   Value=0x00000002
T6E4C 000:601.609 - 0.246ms returns 0
T6E4C 000:601.619 JLINK_CORESIGHT_ReadAPDPReg(AP reg 0x03)
T6E4C 000:601.847   Value=0x00000002
T6E4C 000:601.862 - 0.242ms returns 0
T6E4C 000:601.872 JLINK_CORESIGHT_ReadAPDPReg(AP reg 0x03)
T6E4C 000:602.099   Value=0x00000002
T6E4C 000:602.114 - 0.241ms returns 0
T6E4C 000:602.124 JLINK_CORESIGHT_ReadAPDPReg(AP reg 0x03)
T6E4C 000:602.350   Value=0x00000002
T6E4C 000:602.365 - 0.240ms returns 0
T6E4C 000:602.375 JLINK_CORESIGHT_ReadAPDPReg(AP reg 0x03)
T6E4C 000:602.671   Value=0x00000002
T6E4C 000:602.686 - 0.310ms returns 0
T6E4C 000:602.696 JLINK_CORESIGHT_ReadAPDPReg(AP reg 0x03)
T6E4C 000:603.141   Value=0x00000002
T6E4C 000:603.159 - 0.462ms returns 0
T6E4C 000:603.173 JLINK_CORESIGHT_ReadAPDPReg(AP reg 0x03)
T6E4C 000:603.409   Value=0x00000002
T6E4C 000:603.424 - 0.251ms returns 0
T6E4C 000:603.435 JLINK_CORESIGHT_ReadAPDPReg(AP reg 0x03)
T6E4C 000:603.684   Value=0x00000002
T6E4C 000:603.699 - 0.264ms returns 0
T6E4C 000:603.710 JLINK_CORESIGHT_ReadAPDPReg(AP reg 0x03)
T6E4C 000:603.939   Value=0x00000002
T6E4C 000:603.953 - 0.243ms returns 0
T6E4C 000:603.964 JLINK_CORESIGHT_ReadAPDPReg(AP reg 0x03)
T6E4C 000:604.198   Value=0x00000002
T6E4C 000:604.213 - 0.248ms returns 0
T6E4C 000:604.223 JLINK_CORESIGHT_ReadAPDPReg(AP reg 0x03)
T6E4C 000:604.439   Value=0x00000002
T6E4C 000:604.454 - 0.230ms returns 0
T6E4C 000:604.464 JLINK_CORESIGHT_ReadAPDPReg(AP reg 0x03)
T6E4C 000:604.698   Value=0x00000002
T6E4C 000:604.713 - 0.248ms returns 0
T6E4C 000:604.723 JLINK_CORESIGHT_ReadAPDPReg(AP reg 0x03)
T6E4C 000:604.940   Value=0x00000002
T6E4C 000:604.954 - 0.231ms returns 0
T6E4C 000:604.965 JLINK_CORESIGHT_ReadAPDPReg(AP reg 0x03)
T6E4C 000:605.198   Value=0x00000002
T6E4C 000:605.213 - 0.248ms returns 0
T6E4C 000:605.224 JLINK_CORESIGHT_ReadAPDPReg(AP reg 0x03)
T6E4C 000:605.480   Value=0x00000002
T6E4C 000:605.495 - 0.271ms returns 0
T6E4C 000:605.506 JLINK_CORESIGHT_ReadAPDPReg(AP reg 0x03)
T6E4C 000:605.743   Value=0x00000002
T6E4C 000:605.759 - 0.253ms returns 0
T6E4C 000:605.771 JLINK_CORESIGHT_ReadAPDPReg(AP reg 0x03)
T6E4C 000:605.999   Value=0x00000002
T6E4C 000:606.014 - 0.243ms returns 0
T6E4C 000:606.025 JLINK_CORESIGHT_ReadAPDPReg(AP reg 0x03)
T6E4C 000:606.258   Value=0x00000000
T6E4C 000:606.272 - 0.247ms returns 0
T6E4C 000:606.283 JLINK_CORESIGHT_WriteAPDPReg(AP reg 0x00, 0x80000002)
T6E4C 000:606.468 - 0.185ms returns 0
T6E4C 000:606.480 JLINK_CORESIGHT_WriteAPDPReg(AP reg 0x01, 0x80011130)
T6E4C 000:606.687 - 0.206ms returns 0
T6E4C 000:606.700 JLINK_CORESIGHT_ReadAPDPReg(AP reg 0x03)
T6E4C 000:606.978   Value=0x000000C6
T6E4C 000:606.993 - 0.293ms returns 0
T6E4C 000:607.014 JLINK_CORESIGHT_WriteAPDPReg(AP reg 0x00, 0x80000002)
T6E4C 000:607.326 - 0.312ms returns 0
T6E4C 000:607.338 JLINK_CORESIGHT_WriteAPDPReg(AP reg 0x01, 0x80011140)
T6E4C 000:607.657 - 0.318ms returns 0
T6E4C 000:607.670 JLINK_CORESIGHT_ReadAPDPReg(AP reg 0x03)
T6E4C 000:607.992   Value=0x00000002
T6E4C 000:608.007 - 0.337ms returns 0
T6E4C 000:608.030 JLINK_CORESIGHT_WriteAPDPReg(AP reg 0x00, 0x80000002)
T6E4C 000:608.220 - 0.190ms returns 0
T6E4C 000:608.232 JLINK_CORESIGHT_WriteAPDPReg(AP reg 0x01, 0x80011120)
T6E4C 000:608.458 - 0.226ms returns 0
T6E4C 000:608.470 JLINK_CORESIGHT_WriteAPDPReg(AP reg 0x03, 0x3A010001)
T6E4C 000:608.702 - 0.232ms returns 0
T6E4C 000:608.714 JLINK_CORESIGHT_WriteAPDPReg(AP reg 0x00, 0x80000002)
T6E4C 000:608.948 - 0.233ms returns 0
T6E4C 000:608.960 JLINK_CORESIGHT_WriteAPDPReg(AP reg 0x01, 0x80011140)
T6E4C 000:609.185 - 0.225ms returns 0
T6E4C 000:609.197 JLINK_CORESIGHT_ReadAPDPReg(AP reg 0x03)
T6E4C 000:609.516   Value=0x00000002
T6E4C 000:609.531 - 0.334ms returns 0
T6E4C 000:609.545 JLINK_CORESIGHT_WriteAPDPReg(AP reg 0x00, 0x80000002)
T6E4C 000:609.835 - 0.290ms returns 0
T6E4C 000:609.847 JLINK_CORESIGHT_WriteAPDPReg(AP reg 0x01, 0x80011120)
T6E4C 000:610.078 - 0.231ms returns 0
T6E4C 000:610.090 JLINK_CORESIGHT_WriteAPDPReg(AP reg 0x03, 0x000003C5)
T6E4C 000:610.366 - 0.276ms returns 0
T6E4C 000:610.378 JLINK_CORESIGHT_WriteAPDPReg(AP reg 0x00, 0x80000002)
T6E4C 000:610.655 - 0.277ms returns 0
T6E4C 000:610.667 JLINK_CORESIGHT_WriteAPDPReg(AP reg 0x01, 0x80011140)
T6E4C 000:610.938 - 0.271ms returns 0
T6E4C 000:610.950 JLINK_CORESIGHT_ReadAPDPReg(AP reg 0x03)
T6E4C 000:611.267   Value=0x00000002
T6E4C 000:611.284 - 0.334ms returns 0
T6E4C 000:611.296 JLINK_CORESIGHT_ReadAPDPReg(AP reg 0x03)
T6E4C 000:611.535   Value=0x00000002
T6E4C 000:611.550 - 0.253ms returns 0
T6E4C 000:611.562 JLINK_CORESIGHT_ReadAPDPReg(AP reg 0x03)
T6E4C 000:611.833   Value=0x00000002
T6E4C 000:611.849 - 0.286ms returns 0
T6E4C 000:611.861 JLINK_CORESIGHT_ReadAPDPReg(AP reg 0x03)
T6E4C 000:612.160   Value=0x00000002
T6E4C 000:612.176 - 0.314ms returns 0
T6E4C 000:612.188 JLINK_CORESIGHT_ReadAPDPReg(AP reg 0x03)
T6E4C 000:612.417   Value=0x00000000
T6E4C 000:612.433 - 0.245ms returns 0
T6E4C 000:612.446 JLINK_CORESIGHT_WriteAPDPReg(AP reg 0x00, 0x80000002)
T6E4C 000:612.658 - 0.213ms returns 0
T6E4C 000:612.671 JLINK_CORESIGHT_WriteAPDPReg(AP reg 0x01, 0x80011130)
T6E4C 000:612.855 - 0.183ms returns 0
T6E4C 000:612.867 JLINK_CORESIGHT_ReadAPDPReg(AP reg 0x03)
T6E4C 000:613.137   Value=0x3A2A0081
T6E4C 000:613.152 - 0.285ms returns 0
T6E4C 000:613.164 JLINK_CORESIGHT_WriteAPDPReg(AP reg 0x00, 0x80000002)
T6E4C 000:613.352 - 0.187ms returns 0
T6E4C 000:613.365 JLINK_CORESIGHT_WriteAPDPReg(AP reg 0x01, 0x80011140)
T6E4C 000:613.552 - 0.186ms returns 0
T6E4C 000:613.566 JLINK_CORESIGHT_ReadAPDPReg(AP reg 0x03)
T6E4C 000:613.871   Value=0x00000000
T6E4C 000:613.887 - 0.320ms returns 0
T6E4C 000:613.899 JLINK_CORESIGHT_WriteAPDPReg(AP reg 0x00, 0x80000002)
T6E4C 000:614.133 - 0.234ms returns 0
T6E4C 000:614.146 JLINK_CORESIGHT_WriteAPDPReg(AP reg 0x01, 0x80011130)
T6E4C 000:614.333 - 0.186ms returns 0
T6E4C 000:614.345 JLINK_CORESIGHT_ReadAPDPReg(AP reg 0x03)
T6E4C 000:614.664   Value=0x808D5B00
T6E4C 000:614.680 - 0.334ms returns 0
T6E4C 000:614.692 JLINK_CORESIGHT_WriteAPDPReg(AP reg 0x00, 0x80000002)
T6E4C 000:614.909 - 0.216ms returns 0
T6E4C 000:614.921 JLINK_CORESIGHT_WriteAPDPReg(AP reg 0x01, 0x80011140)
T6E4C 000:615.107 - 0.185ms returns 0
T6E4C 000:615.119 JLINK_CORESIGHT_ReadAPDPReg(AP reg 0x03)
T6E4C 000:615.349   Value=0x00000000
T6E4C 000:615.364 - 0.245ms returns 0
T6E4C 000:615.377 JLINK_CORESIGHT_WriteAPDPReg(AP reg 0x00, 0x80000002)
T6E4C 000:615.562 - 0.185ms returns 0
T6E4C 000:615.574 JLINK_CORESIGHT_WriteAPDPReg(AP reg 0x01, 0x80011130)
T6E4C 000:615.785 - 0.210ms returns 0
T6E4C 000:615.797 JLINK_CORESIGHT_ReadAPDPReg(AP reg 0x03)
T6E4C 000:616.034   Value=0x0406070A
T6E4C 000:616.049 - 0.252ms returns 0
T6E4C 000:616.062 JLINK_CORESIGHT_WriteAPDPReg(AP reg 0x00, 0x80000002)
T6E4C 000:616.247 - 0.185ms returns 0
T6E4C 000:616.259 JLINK_CORESIGHT_WriteAPDPReg(AP reg 0x01, 0x80011140)
T6E4C 000:616.450 - 0.190ms returns 0
T6E4C 000:616.462 JLINK_CORESIGHT_ReadAPDPReg(AP reg 0x03)
T6E4C 000:616.698   Value=0x00000000
T6E4C 000:616.715 - 0.252ms returns 0
T6E4C 000:616.727 JLINK_CORESIGHT_WriteAPDPReg(AP reg 0x00, 0x80000002)
T6E4C 000:616.913 - 0.185ms returns 0
T6E4C 000:616.925 JLINK_CORESIGHT_WriteAPDPReg(AP reg 0x01, 0x80011130)
T6E4C 000:617.116 - 0.190ms returns 0
T6E4C 000:617.128 JLINK_CORESIGHT_ReadAPDPReg(AP reg 0x03)
T6E4C 000:617.357   Value=0x3254540B
T6E4C 000:617.372 - 0.244ms returns 0
T6E4C 000:617.385 JLINK_CORESIGHT_WriteAPDPReg(AP reg 0x00, 0x80000002)
T6E4C 000:617.578 - 0.193ms returns 0
T6E4C 000:617.592 JLINK_CORESIGHT_WriteAPDPReg(AP reg 0x01, 0x80011140)
T6E4C 000:617.785 - 0.192ms returns 0
T6E4C 000:617.797 JLINK_CORESIGHT_ReadAPDPReg(AP reg 0x03)
T6E4C 000:618.034   Value=0x00000000
T6E4C 000:618.074 - 0.276ms returns 0
T6E4C 000:618.086 JLINK_CORESIGHT_WriteAPDPReg(AP reg 0x00, 0x80000002)
T6E4C 000:618.268 - 0.182ms returns 0
T6E4C 000:618.282 JLINK_CORESIGHT_WriteAPDPReg(AP reg 0x01, 0x80011130)
T6E4C 000:618.466 - 0.184ms returns 0
T6E4C 000:618.479 JLINK_CORESIGHT_ReadAPDPReg(AP reg 0x03)
T6E4C 000:618.776   Value=0x54D78759
T6E4C 000:618.822 - 0.342ms returns 0
T6E4C 000:619.312 JLINK_CORESIGHT_WriteAPDPReg(AP reg 0x00, 0x80000002)
T6E4C 000:619.515 - 0.203ms returns 0
T6E4C 000:619.528 JLINK_CORESIGHT_WriteAPDPReg(AP reg 0x01, 0x80011140)
T6E4C 000:619.752 - 0.224ms returns 0
T6E4C 000:619.766 JLINK_CORESIGHT_ReadAPDPReg(AP reg 0x03)
T6E4C 000:620.040   Value=0x00000000
T6E4C 000:620.056 - 0.290ms returns 0
T6E4C 000:620.068 JLINK_CORESIGHT_WriteAPDPReg(AP reg 0x00, 0x80000002)
T6E4C 000:620.258 - 0.190ms returns 0
T6E4C 000:620.270 JLINK_CORESIGHT_WriteAPDPReg(AP reg 0x01, 0x80011130)
T6E4C 000:620.456 - 0.185ms returns 0
T6E4C 000:620.468 JLINK_CORESIGHT_ReadAPDPReg(AP reg 0x03)
T6E4C 000:620.744   Value=0x34325736
T6E4C 000:620.760 - 0.291ms returns 0
T6E4C 000:620.771 JLINK_CORESIGHT_WriteAPDPReg(AP reg 0x00, 0x80000002)
T6E4C 000:621.030 - 0.258ms returns 0
T6E4C 000:621.042 JLINK_CORESIGHT_WriteAPDPReg(AP reg 0x01, 0x80011140)
T6E4C 000:621.227 - 0.184ms returns 0
T6E4C 000:621.239 JLINK_CORESIGHT_ReadAPDPReg(AP reg 0x03)
T6E4C 000:621.469   Value=0x00000000
T6E4C 000:621.485 - 0.246ms returns 0
T6E4C 000:621.496 JLINK_CORESIGHT_WriteAPDPReg(AP reg 0x00, 0x80000002)
T6E4C 000:621.703 - 0.207ms returns 0
T6E4C 000:621.715 JLINK_CORESIGHT_WriteAPDPReg(AP reg 0x01, 0x80011130)
T6E4C 000:621.926 - 0.211ms returns 0
T6E4C 000:621.938 JLINK_CORESIGHT_ReadAPDPReg(AP reg 0x03)
T6E4C 000:622.210   Value=0x7F082D30
T6E4C 000:622.237 - 0.299ms returns 0
T6E4C 000:622.250 JLINK_CORESIGHT_WriteAPDPReg(AP reg 0x00, 0x80000002)
T6E4C 000:622.451 - 0.201ms returns 0
T6E4C 000:622.463 JLINK_CORESIGHT_WriteAPDPReg(AP reg 0x01, 0x80011140)
T6E4C 000:622.655 - 0.191ms returns 0
T6E4C 000:622.667 JLINK_CORESIGHT_ReadAPDPReg(AP reg 0x03)
T6E4C 000:622.939   Value=0x00000000
T6E4C 000:622.955 - 0.288ms returns 0
T6E4C 000:622.966 JLINK_CORESIGHT_WriteAPDPReg(AP reg 0x00, 0x80000002)
T6E4C 000:623.179 - 0.213ms returns 0
T6E4C 000:623.192 JLINK_CORESIGHT_WriteAPDPReg(AP reg 0x01, 0x80011130)
T6E4C 000:623.384 - 0.191ms returns 0
T6E4C 000:623.395 JLINK_CORESIGHT_ReadAPDPReg(AP reg 0x03)
T6E4C 000:623.674   Value=0x4B375268
T6E4C 000:623.690 - 0.294ms returns 0
T6E4C 000:623.701 JLINK_CORESIGHT_WriteAPDPReg(AP reg 0x00, 0x80000002)
T6E4C 000:623.931 - 0.229ms returns 0
T6E4C 000:623.943 JLINK_CORESIGHT_WriteAPDPReg(AP reg 0x01, 0x80011140)
T6E4C 000:624.133 - 0.191ms returns 0
T6E4C 000:624.145 JLINK_CORESIGHT_ReadAPDPReg(AP reg 0x03)
T6E4C 000:624.417   Value=0x00000000
T6E4C 000:624.432 - 0.286ms returns 0
T6E4C 000:624.444 JLINK_CORESIGHT_WriteAPDPReg(AP reg 0x00, 0x80000002)
T6E4C 000:624.658 - 0.214ms returns 0
T6E4C 000:624.670 JLINK_CORESIGHT_WriteAPDPReg(AP reg 0x01, 0x80011130)
T6E4C 000:624.855 - 0.185ms returns 0
T6E4C 000:624.866 JLINK_CORESIGHT_ReadAPDPReg(AP reg 0x03)
T6E4C 000:625.138   Value=0x31503841
T6E4C 000:625.154 - 0.287ms returns 0
T6E4C 000:625.165 JLINK_CORESIGHT_WriteAPDPReg(AP reg 0x00, 0x80000002)
T6E4C 000:625.351 - 0.186ms returns 0
T6E4C 000:625.363 JLINK_CORESIGHT_WriteAPDPReg(AP reg 0x01, 0x80011140)
T6E4C 000:625.551 - 0.188ms returns 0
T6E4C 000:625.563 JLINK_CORESIGHT_ReadAPDPReg(AP reg 0x03)
T6E4C 000:625.836   Value=0x00000000
T6E4C 000:625.851 - 0.288ms returns 0
T6E4C 000:625.863 JLINK_CORESIGHT_WriteAPDPReg(AP reg 0x00, 0x80000002)
T6E4C 000:626.120 - 0.256ms returns 0
T6E4C 000:626.132 JLINK_CORESIGHT_WriteAPDPReg(AP reg 0x01, 0x80011130)
T6E4C 000:626.323 - 0.191ms returns 0
T6E4C 000:626.334 JLINK_CORESIGHT_ReadAPDPReg(AP reg 0x03)
T6E4C 000:626.562   Value=0x434C464B
T6E4C 000:626.578 - 0.243ms returns 0
T6E4C 000:626.593 JLINK_CORESIGHT_WriteAPDPReg(AP reg 0x00, 0x80000002)
T6E4C 000:626.806 - 0.213ms returns 0
T6E4C 000:626.819 JLINK_CORESIGHT_WriteAPDPReg(AP reg 0x01, 0x80011140)
T6E4C 000:627.008 - 0.189ms returns 0
T6E4C 000:627.020 JLINK_CORESIGHT_ReadAPDPReg(AP reg 0x03)
T6E4C 000:627.293   Value=0x00000000
T6E4C 000:627.308 - 0.288ms returns 0
T6E4C 000:627.320 JLINK_CORESIGHT_WriteAPDPReg(AP reg 0x00, 0x80000002)
T6E4C 000:627.533 - 0.213ms returns 0
T6E4C 000:627.545 JLINK_CORESIGHT_WriteAPDPReg(AP reg 0x01, 0x80011130)
T6E4C 000:627.827 - 0.282ms returns 0
T6E4C 000:627.847 JLINK_CORESIGHT_ReadAPDPReg(AP reg 0x03)
T6E4C 000:628.125   Value=0x20204341
T6E4C 000:628.143 - 0.295ms returns 0
T6E4C 000:628.155 JLINK_CORESIGHT_WriteAPDPReg(AP reg 0x00, 0x80000002)
T6E4C 000:628.411 - 0.256ms returns 0
T6E4C 000:628.423 JLINK_CORESIGHT_WriteAPDPReg(AP reg 0x01, 0x80011140)
T6E4C 000:628.659 - 0.236ms returns 0
T6E4C 000:628.671 JLINK_CORESIGHT_ReadAPDPReg(AP reg 0x03)
T6E4C 000:628.905   Value=0x00000000
T6E4C 000:628.921 - 0.249ms returns 0
T6E4C 000:628.932 JLINK_CORESIGHT_WriteAPDPReg(AP reg 0x00, 0x80000002)
T6E4C 000:629.117 - 0.185ms returns 0
T6E4C 000:629.129 JLINK_CORESIGHT_WriteAPDPReg(AP reg 0x01, 0x80011130)
T6E4C 000:629.323 - 0.194ms returns 0
T6E4C 000:629.334 JLINK_CORESIGHT_ReadAPDPReg(AP reg 0x03)
T6E4C 000:629.578   Value=0x00031820
T6E4C 000:629.595 - 0.260ms returns 0
T6E4C 000:629.663 JLINK_CORESIGHT_WriteAPDPReg(AP reg 0x00, 0x80000002)
T6E4C 000:629.854 - 0.191ms returns 0
T6E4C 000:629.866 JLINK_CORESIGHT_WriteAPDPReg(AP reg 0x01, 0x80011140)
T6E4C 000:630.055 - 0.188ms returns 0
T6E4C 000:630.070 JLINK_CORESIGHT_ReadAPDPReg(AP reg 0x03)
T6E4C 000:630.307   Value=0x00000002
T6E4C 000:630.323 - 0.252ms returns 0
T6E4C 000:630.335 JLINK_CORESIGHT_WriteAPDPReg(AP reg 0x00, 0x80000002)
T6E4C 000:630.522 - 0.187ms returns 0
T6E4C 000:630.533 JLINK_CORESIGHT_WriteAPDPReg(AP reg 0x01, 0x80011120)
T6E4C 000:630.763 - 0.230ms returns 0
T6E4C 000:630.775 JLINK_CORESIGHT_WriteAPDPReg(AP reg 0x03, 0x39020001)
T6E4C 000:630.969 - 0.194ms returns 0
T6E4C 000:630.981 JLINK_CORESIGHT_WriteAPDPReg(AP reg 0x00, 0x80000002)
T6E4C 000:631.169 - 0.187ms returns 0
T6E4C 000:631.181 JLINK_CORESIGHT_WriteAPDPReg(AP reg 0x01, 0x80011140)
T6E4C 000:631.367 - 0.187ms returns 0
T6E4C 000:631.379 JLINK_CORESIGHT_ReadAPDPReg(AP reg 0x03)
T6E4C 000:631.659   Value=0x00000002
T6E4C 000:631.675 - 0.295ms returns 0
T6E4C 000:631.686 JLINK_CORESIGHT_WriteAPDPReg(AP reg 0x00, 0x80000002)
T6E4C 000:631.948 - 0.262ms returns 0
T6E4C 000:631.960 JLINK_CORESIGHT_WriteAPDPReg(AP reg 0x01, 0x80011120)
T6E4C 000:632.146 - 0.186ms returns 0
T6E4C 000:632.158 JLINK_CORESIGHT_WriteAPDPReg(AP reg 0x03, 0x0003B312)
T6E4C 000:632.344 - 0.186ms returns 0
T6E4C 000:632.356 JLINK_CORESIGHT_WriteAPDPReg(AP reg 0x00, 0x80000002)
T6E4C 000:632.541 - 0.185ms returns 0
T6E4C 000:632.553 JLINK_CORESIGHT_WriteAPDPReg(AP reg 0x01, 0x80011140)
T6E4C 000:632.785 - 0.232ms returns 0
T6E4C 000:632.797 JLINK_CORESIGHT_ReadAPDPReg(AP reg 0x03)
T6E4C 000:633.034   Value=0x00000000
T6E4C 000:633.049 - 0.252ms returns 0
T6E4C 000:633.061 JLINK_CORESIGHT_WriteAPDPReg(AP reg 0x00, 0x80000002)
T6E4C 000:633.246 - 0.185ms returns 0
T6E4C 000:633.257 JLINK_CORESIGHT_WriteAPDPReg(AP reg 0x01, 0x80011130)
T6E4C 000:633.454 - 0.196ms returns 0
T6E4C 000:633.467 JLINK_CORESIGHT_ReadAPDPReg(AP reg 0x03)
T6E4C 000:633.744   Value=0xB90A0081
T6E4C 000:633.759 - 0.292ms returns 0
T6E4C 000:633.770 JLINK_CORESIGHT_WriteAPDPReg(AP reg 0x00, 0x80000002)
T6E4C 000:634.029 - 0.259ms returns 0
T6E4C 000:634.040 JLINK_CORESIGHT_WriteAPDPReg(AP reg 0x01, 0x80011140)
T6E4C 000:634.266 - 0.225ms returns 0
T6E4C 000:634.281 JLINK_CORESIGHT_ReadAPDPReg(AP reg 0x03)
T6E4C 000:634.522   Value=0x00000000
T6E4C 000:634.543 - 0.261ms returns 0
T6E4C 000:634.556 JLINK_CORESIGHT_WriteAPDPReg(AP reg 0x00, 0x80000002)
T6E4C 000:634.814 - 0.258ms returns 0
T6E4C 000:634.829 JLINK_CORESIGHT_WriteAPDPReg(AP reg 0x01, 0x80011130)
T6E4C 000:635.058 - 0.228ms returns 0
T6E4C 000:635.069 JLINK_CORESIGHT_ReadAPDPReg(AP reg 0x03)
T6E4C 000:635.302   Value=0xFFFFFFC0
T6E4C 000:635.318 - 0.248ms returns 0
T6E4C 000:635.329 JLINK_CORESIGHT_WriteAPDPReg(AP reg 0x00, 0x80000002)
T6E4C 000:635.521 - 0.193ms returns 0
T6E4C 000:635.533 JLINK_CORESIGHT_WriteAPDPReg(AP reg 0x01, 0x80011140)
T6E4C 000:635.699 - 0.166ms returns 0
T6E4C 000:635.711 JLINK_CORESIGHT_ReadAPDPReg(AP reg 0x03)
T6E4C 000:635.948   Value=0x00000000
T6E4C 000:635.972 - 0.260ms returns 0
T6E4C 000:635.983 JLINK_CORESIGHT_WriteAPDPReg(AP reg 0x00, 0x80000002)
T6E4C 000:636.164 - 0.181ms returns 0
T6E4C 000:636.175 JLINK_CORESIGHT_WriteAPDPReg(AP reg 0x01, 0x80011130)
T6E4C 000:636.429 - 0.254ms returns 0
T6E4C 000:636.440 JLINK_CORESIGHT_ReadAPDPReg(AP reg 0x03)
T6E4C 000:636.688   Value=0xFFFFFFFF
T6E4C 000:636.703 - 0.262ms returns 0
T6E4C 000:636.714 JLINK_CORESIGHT_WriteAPDPReg(AP reg 0x00, 0x80000002)
T6E4C 000:636.905 - 0.191ms returns 0
T6E4C 000:636.916 JLINK_CORESIGHT_WriteAPDPReg(AP reg 0x01, 0x80011140)
T6E4C 000:637.179 - 0.263ms returns 0
T6E4C 000:637.193 JLINK_CORESIGHT_ReadAPDPReg(AP reg 0x03)
T6E4C 000:637.431   Value=0x00000000
T6E4C 000:637.446 - 0.253ms returns 0
T6E4C 000:637.457 JLINK_CORESIGHT_WriteAPDPReg(AP reg 0x00, 0x80000002)
T6E4C 000:637.663 - 0.205ms returns 0
T6E4C 000:637.675 JLINK_CORESIGHT_WriteAPDPReg(AP reg 0x01, 0x80011130)
T6E4C 000:637.865 - 0.191ms returns 0
T6E4C 000:637.877 JLINK_CORESIGHT_ReadAPDPReg(AP reg 0x03)
T6E4C 000:638.106   Value=0x000385FF
T6E4C 000:638.120 - 0.244ms returns 0
T6E4C 000:638.176 JLINK_CORESIGHT_WriteAPDPReg(AP reg 0x00, 0x80000002)
T6E4C 000:638.409 - 0.232ms returns 0
T6E4C 000:638.420 JLINK_CORESIGHT_WriteAPDPReg(AP reg 0x01, 0x80011140)
T6E4C 000:638.668 - 0.247ms returns 0
T6E4C 000:638.679 JLINK_CORESIGHT_ReadAPDPReg(AP reg 0x03)
T6E4C 000:638.910   Value=0x00000002
T6E4C 000:638.925 - 0.246ms returns 0
T6E4C 000:638.936 JLINK_CORESIGHT_WriteAPDPReg(AP reg 0x00, 0x80000002)
T6E4C 000:639.123 - 0.187ms returns 0
T6E4C 000:639.136 JLINK_CORESIGHT_WriteAPDPReg(AP reg 0x01, 0x80011120)
T6E4C 000:639.330 - 0.194ms returns 0
T6E4C 000:639.341 JLINK_CORESIGHT_WriteAPDPReg(AP reg 0x03, 0x2C010001)
T6E4C 000:639.530 - 0.189ms returns 0
T6E4C 000:639.541 JLINK_CORESIGHT_WriteAPDPReg(AP reg 0x00, 0x80000002)
T6E4C 000:639.789 - 0.247ms returns 0
T6E4C 000:639.800 JLINK_CORESIGHT_WriteAPDPReg(AP reg 0x01, 0x80011140)
T6E4C 000:639.991 - 0.191ms returns 0
T6E4C 000:640.002 JLINK_CORESIGHT_ReadAPDPReg(AP reg 0x03)
T6E4C 000:640.280   Value=0x00000002
T6E4C 000:640.294 - 0.292ms returns 0
T6E4C 000:640.305 JLINK_CORESIGHT_WriteAPDPReg(AP reg 0x00, 0x80000002)
T6E4C 000:640.561 - 0.255ms returns 0
T6E4C 000:640.572 JLINK_CORESIGHT_WriteAPDPReg(AP reg 0x01, 0x80011120)
T6E4C 000:640.785 - 0.213ms returns 0
T6E4C 000:640.796 JLINK_CORESIGHT_WriteAPDPReg(AP reg 0x03, 0x000003D3)
T6E4C 000:640.981 - 0.185ms returns 0
T6E4C 000:640.992 JLINK_CORESIGHT_WriteAPDPReg(AP reg 0x00, 0x80000002)
T6E4C 000:641.177 - 0.184ms returns 0
T6E4C 000:641.188 JLINK_CORESIGHT_WriteAPDPReg(AP reg 0x01, 0x80011140)
T6E4C 000:641.372 - 0.184ms returns 0
T6E4C 000:641.383 JLINK_CORESIGHT_ReadAPDPReg(AP reg 0x03)
T6E4C 000:641.659   Value=0x00000002
T6E4C 000:641.673 - 0.290ms returns 0
T6E4C 000:641.684 JLINK_CORESIGHT_ReadAPDPReg(AP reg 0x03)
T6E4C 000:641.939   Value=0x00000000
T6E4C 000:641.954 - 0.269ms returns 0
T6E4C 000:641.964 JLINK_CORESIGHT_WriteAPDPReg(AP reg 0x00, 0x80000002)
T6E4C 000:642.155 - 0.190ms returns 0
T6E4C 000:642.166 JLINK_CORESIGHT_WriteAPDPReg(AP reg 0x01, 0x80011130)
T6E4C 000:642.349 - 0.183ms returns 0
T6E4C 000:642.360 JLINK_CORESIGHT_ReadAPDPReg(AP reg 0x03)
T6E4C 000:642.594   Value=0x2C020081
T6E4C 000:642.608 - 0.248ms returns 0
T6E4C 000:642.619 JLINK_CORESIGHT_WriteAPDPReg(AP reg 0x00, 0x80000002)
T6E4C 000:642.831 - 0.212ms returns 0
T6E4C 000:642.843 JLINK_CORESIGHT_WriteAPDPReg(AP reg 0x01, 0x80011140)
T6E4C 000:643.029 - 0.187ms returns 0
T6E4C 000:643.041 JLINK_CORESIGHT_ReadAPDPReg(AP reg 0x03)
T6E4C 000:643.310   Value=0x00000000
T6E4C 000:643.326 - 0.285ms returns 0
T6E4C 000:643.337 JLINK_CORESIGHT_WriteAPDPReg(AP reg 0x00, 0x80000002)
T6E4C 000:643.551 - 0.214ms returns 0
T6E4C 000:643.563 JLINK_CORESIGHT_WriteAPDPReg(AP reg 0x01, 0x80011130)
T6E4C 000:643.790 - 0.227ms returns 0
T6E4C 000:643.802 JLINK_CORESIGHT_ReadAPDPReg(AP reg 0x03)
T6E4C 000:644.164   Value=0x0003CE04
T6E4C 000:644.178 - 0.375ms returns 0
T6E4C 000:644.193 JLINK_CORESIGHT_WriteAPDPReg(AP reg 0x00, 0x80000002)
T6E4C 000:644.512 - 0.319ms returns 0
T6E4C 000:644.525 JLINK_CORESIGHT_WriteAPDPReg(AP reg 0x01, 0x80011140)
T6E4C 000:644.822 - 0.297ms returns 0
T6E4C 000:644.834 JLINK_CORESIGHT_ReadAPDPReg(AP reg 0x03)
T6E4C 000:645.154   Value=0x00000002
T6E4C 000:645.169 - 0.334ms returns 0
T6E4C 000:645.182 JLINK_CORESIGHT_WriteAPDPReg(AP reg 0x00, 0x80000002)
T6E4C 000:645.543 - 0.361ms returns 0
T6E4C 000:645.556 JLINK_CORESIGHT_WriteAPDPReg(AP reg 0x01, 0x80011120)
T6E4C 000:645.836 - 0.280ms returns 0
T6E4C 000:645.848 JLINK_CORESIGHT_WriteAPDPReg(AP reg 0x03, 0x73010001)
T6E4C 000:646.119 - 0.271ms returns 0
T6E4C 000:646.131 JLINK_CORESIGHT_WriteAPDPReg(AP reg 0x00, 0x80000002)
T6E4C 000:646.404 - 0.273ms returns 0
T6E4C 000:646.416 JLINK_CORESIGHT_WriteAPDPReg(AP reg 0x01, 0x80011140)
T6E4C 000:646.665 - 0.248ms returns 0
T6E4C 000:646.678 JLINK_CORESIGHT_ReadAPDPReg(AP reg 0x03)
T6E4C 000:647.040   Value=0x00000002
T6E4C 000:647.061 - 0.382ms returns 0
T6E4C 000:647.075 JLINK_CORESIGHT_WriteAPDPReg(AP reg 0x00, 0x80000002)
T6E4C 000:647.406 - 0.330ms returns 0
T6E4C 000:647.424 JLINK_CORESIGHT_WriteAPDPReg(AP reg 0x01, 0x80011120)
T6E4C 000:647.702 - 0.277ms returns 0
T6E4C 000:647.714 JLINK_CORESIGHT_WriteAPDPReg(AP reg 0x03, 0x0000038C)
T6E4C 000:647.947 - 0.233ms returns 0
T6E4C 000:647.959 JLINK_CORESIGHT_WriteAPDPReg(AP reg 0x00, 0x80000002)
T6E4C 000:648.191 - 0.231ms returns 0
T6E4C 000:648.202 JLINK_CORESIGHT_WriteAPDPReg(AP reg 0x01, 0x80011140)
T6E4C 000:648.475 - 0.273ms returns 0
T6E4C 000:648.487 JLINK_CORESIGHT_ReadAPDPReg(AP reg 0x03)
T6E4C 000:648.847   Value=0x00000000
T6E4C 000:648.862 - 0.375ms returns 0
T6E4C 000:648.875 JLINK_CORESIGHT_WriteAPDPReg(AP reg 0x00, 0x80000002)
T6E4C 000:649.164 - 0.288ms returns 0
T6E4C 000:649.176 JLINK_CORESIGHT_WriteAPDPReg(AP reg 0x01, 0x80011130)
T6E4C 000:649.366 - 0.189ms returns 0
T6E4C 000:649.378 JLINK_CORESIGHT_ReadAPDPReg(AP reg 0x03)
T6E4C 000:649.661   Value=0x73020081
T6E4C 000:649.678 - 0.299ms returns 0
T6E4C 000:649.690 JLINK_CORESIGHT_WriteAPDPReg(AP reg 0x00, 0x80000002)
T6E4C 000:649.884 - 0.193ms returns 0
T6E4C 000:649.897 JLINK_CORESIGHT_WriteAPDPReg(AP reg 0x01, 0x80011140)
T6E4C 000:650.085 - 0.188ms returns 0
T6E4C 000:650.098 JLINK_CORESIGHT_ReadAPDPReg(AP reg 0x03)
T6E4C 000:650.380   Value=0x00000000
T6E4C 000:650.396 - 0.297ms returns 0
T6E4C 000:650.409 JLINK_CORESIGHT_WriteAPDPReg(AP reg 0x00, 0x80000002)
T6E4C 000:650.667 - 0.258ms returns 0
T6E4C 000:650.680 JLINK_CORESIGHT_WriteAPDPReg(AP reg 0x01, 0x80011130)
T6E4C 000:650.865 - 0.185ms returns 0
T6E4C 000:650.877 JLINK_CORESIGHT_ReadAPDPReg(AP reg 0x03)
T6E4C 000:651.108   Value=0x00038902
T6E4C 000:651.123 - 0.245ms returns 0
T6E4C 000:651.136 JLINK_CORESIGHT_WriteAPDPReg(AP reg 0x00, 0x80000002)
T6E4C 000:651.324 - 0.187ms returns 0
T6E4C 000:651.337 JLINK_CORESIGHT_WriteAPDPReg(AP reg 0x01, 0x80011140)
T6E4C 000:651.530 - 0.193ms returns 0
T6E4C 000:651.543 JLINK_CORESIGHT_ReadAPDPReg(AP reg 0x03)
T6E4C 000:651.834   Value=0x00000002
T6E4C 000:651.850 - 0.307ms returns 0
T6E4C 000:651.864 JLINK_CORESIGHT_WriteAPDPReg(AP reg 0x00, 0x80000002)
T6E4C 000:652.119 - 0.255ms returns 0
T6E4C 000:652.131 JLINK_CORESIGHT_WriteAPDPReg(AP reg 0x01, 0x80011120)
T6E4C 000:652.324 - 0.192ms returns 0
T6E4C 000:652.336 JLINK_CORESIGHT_WriteAPDPReg(AP reg 0x03, 0x75010001)
T6E4C 000:652.520 - 0.184ms returns 0
T6E4C 000:652.533 JLINK_CORESIGHT_WriteAPDPReg(AP reg 0x00, 0x80000002)
T6E4C 000:652.806 - 0.273ms returns 0
T6E4C 000:652.819 JLINK_CORESIGHT_WriteAPDPReg(AP reg 0x01, 0x80011140)
T6E4C 000:653.038 - 0.218ms returns 0
T6E4C 000:653.050 JLINK_CORESIGHT_ReadAPDPReg(AP reg 0x03)
T6E4C 000:653.349   Value=0x00000002
T6E4C 000:653.364 - 0.314ms returns 0
T6E4C 000:653.378 JLINK_CORESIGHT_WriteAPDPReg(AP reg 0x00, 0x80000002)
T6E4C 000:653.659 - 0.280ms returns 0
T6E4C 000:653.671 JLINK_CORESIGHT_WriteAPDPReg(AP reg 0x01, 0x80011120)
T6E4C 000:653.866 - 0.195ms returns 0
T6E4C 000:653.879 JLINK_CORESIGHT_WriteAPDPReg(AP reg 0x03, 0x0000038A)
T6E4C 000:654.073 - 0.194ms returns 0
T6E4C 000:654.086 JLINK_CORESIGHT_WriteAPDPReg(AP reg 0x00, 0x80000002)
T6E4C 000:654.271 - 0.185ms returns 0
T6E4C 000:654.284 JLINK_CORESIGHT_WriteAPDPReg(AP reg 0x01, 0x80011140)
T6E4C 000:654.469 - 0.185ms returns 0
T6E4C 000:654.481 JLINK_CORESIGHT_ReadAPDPReg(AP reg 0x03)
T6E4C 000:654.731   Value=0x00000002
T6E4C 000:654.746 - 0.264ms returns 0
T6E4C 000:654.758 JLINK_CORESIGHT_ReadAPDPReg(AP reg 0x03)
T6E4C 000:654.991   Value=0x00000002
T6E4C 000:655.006 - 0.248ms returns 0
T6E4C 000:655.018 JLINK_CORESIGHT_ReadAPDPReg(AP reg 0x03)
T6E4C 000:655.247   Value=0x00000002
T6E4C 000:655.262 - 0.243ms returns 0
T6E4C 000:655.274 JLINK_CORESIGHT_ReadAPDPReg(AP reg 0x03)
T6E4C 000:655.515   Value=0x00000000
T6E4C 000:655.531 - 0.257ms returns 0
T6E4C 000:655.543 JLINK_CORESIGHT_WriteAPDPReg(AP reg 0x00, 0x80000002)
T6E4C 000:655.870 - 0.326ms returns 0
T6E4C 000:655.884 JLINK_CORESIGHT_WriteAPDPReg(AP reg 0x01, 0x80011130)
T6E4C 000:656.099 - 0.214ms returns 0
T6E4C 000:656.111 JLINK_CORESIGHT_ReadAPDPReg(AP reg 0x03)
T6E4C 000:656.344   Value=0x75020081
T6E4C 000:656.360 - 0.248ms returns 0
T6E4C 000:656.372 JLINK_CORESIGHT_WriteAPDPReg(AP reg 0x00, 0x80000002)
T6E4C 000:656.558 - 0.185ms returns 0
T6E4C 000:656.570 JLINK_CORESIGHT_WriteAPDPReg(AP reg 0x01, 0x80011140)
T6E4C 000:656.785 - 0.214ms returns 0
T6E4C 000:656.797 JLINK_CORESIGHT_ReadAPDPReg(AP reg 0x03)
T6E4C 000:657.036   Value=0x00000000
T6E4C 000:657.053 - 0.256ms returns 0
T6E4C 000:657.067 JLINK_CORESIGHT_WriteAPDPReg(AP reg 0x00, 0x80000002)
T6E4C 000:657.260 - 0.193ms returns 0
T6E4C 000:657.273 JLINK_CORESIGHT_WriteAPDPReg(AP reg 0x01, 0x80011130)
T6E4C 000:657.470 - 0.197ms returns 0
T6E4C 000:657.483 JLINK_CORESIGHT_ReadAPDPReg(AP reg 0x03)
T6E4C 000:657.742   Value=0x00038702
T6E4C 000:657.757 - 0.274ms returns 0
T6E4C 000:658.138 JLINK_CORESIGHT_WriteAPDPReg(AP reg 0x00, 0x80000002)
T6E4C 000:658.334 - 0.200ms returns 0
T6E4C 000:658.346 JLINK_CORESIGHT_WriteAPDPReg(AP reg 0x01, 0x80011140)
T6E4C 000:658.535 - 0.188ms returns 0
T6E4C 000:658.547 JLINK_CORESIGHT_ReadAPDPReg(AP reg 0x03)
T6E4C 000:658.866   Value=0x00000002
T6E4C 000:658.882 - 0.335ms returns 0
T6E4C 000:658.893 JLINK_CORESIGHT_WriteAPDPReg(AP reg 0x00, 0x80000002)
T6E4C 000:659.104 - 0.210ms returns 0
T6E4C 000:659.116 JLINK_CORESIGHT_WriteAPDPReg(AP reg 0x01, 0x80011120)
T6E4C 000:659.301 - 0.185ms returns 0
T6E4C 000:659.312 JLINK_CORESIGHT_WriteAPDPReg(AP reg 0x03, 0x4F010001)
T6E4C 000:659.496 - 0.183ms returns 0
T6E4C 000:659.508 JLINK_CORESIGHT_WriteAPDPReg(AP reg 0x00, 0x80000002)
T6E4C 000:659.698 - 0.190ms returns 0
T6E4C 000:659.710 JLINK_CORESIGHT_WriteAPDPReg(AP reg 0x01, 0x80011140)
T6E4C 000:659.894 - 0.185ms returns 0
T6E4C 000:659.906 JLINK_CORESIGHT_ReadAPDPReg(AP reg 0x03)
T6E4C 000:660.137   Value=0x00000002
T6E4C 000:660.153 - 0.246ms returns 0
T6E4C 000:660.164 JLINK_CORESIGHT_WriteAPDPReg(AP reg 0x00, 0x80000002)
T6E4C 000:660.356 - 0.191ms returns 0
T6E4C 000:660.368 JLINK_CORESIGHT_WriteAPDPReg(AP reg 0x01, 0x80011120)
T6E4C 000:660.552 - 0.183ms returns 0
T6E4C 000:660.564 JLINK_CORESIGHT_WriteAPDPReg(AP reg 0x03, 0x000003B0)
T6E4C 000:660.791 - 0.227ms returns 0
T6E4C 000:660.803 JLINK_CORESIGHT_WriteAPDPReg(AP reg 0x00, 0x80000002)
T6E4C 000:660.992 - 0.189ms returns 0
T6E4C 000:661.004 JLINK_CORESIGHT_WriteAPDPReg(AP reg 0x01, 0x80011140)
T6E4C 000:661.190 - 0.185ms returns 0
T6E4C 000:661.202 JLINK_CORESIGHT_ReadAPDPReg(AP reg 0x03)
T6E4C 000:661.433   Value=0x00000002
T6E4C 000:661.450 - 0.247ms returns 0
T6E4C 000:661.462 JLINK_CORESIGHT_ReadAPDPReg(AP reg 0x03)
T6E4C 000:661.698   Value=0x00000002
T6E4C 000:661.714 - 0.252ms returns 0
T6E4C 000:661.725 JLINK_CORESIGHT_ReadAPDPReg(AP reg 0x03)
T6E4C 000:661.939   Value=0x00000002
T6E4C 000:661.955 - 0.229ms returns 0
T6E4C 000:661.966 JLINK_CORESIGHT_ReadAPDPReg(AP reg 0x03)
T6E4C 000:662.209   Value=0x00000002
T6E4C 000:662.225 - 0.258ms returns 0
T6E4C 000:662.237 JLINK_CORESIGHT_ReadAPDPReg(AP reg 0x03)
T6E4C 000:662.470   Value=0x00000002
T6E4C 000:662.485 - 0.248ms returns 0
T6E4C 000:662.497 JLINK_CORESIGHT_ReadAPDPReg(AP reg 0x03)
T6E4C 000:662.746   Value=0x00000002
T6E4C 000:662.762 - 0.265ms returns 0
T6E4C 000:662.773 JLINK_CORESIGHT_ReadAPDPReg(AP reg 0x03)
T6E4C 000:663.009   Value=0x00000002
T6E4C 000:663.024 - 0.251ms returns 0
T6E4C 000:663.036 JLINK_CORESIGHT_ReadAPDPReg(AP reg 0x03)
T6E4C 000:663.264   Value=0x00000002
T6E4C 000:663.280 - 0.244ms returns 0
T6E4C 000:663.291 JLINK_CORESIGHT_ReadAPDPReg(AP reg 0x03)
T6E4C 000:663.519   Value=0x00000000
T6E4C 000:663.535 - 0.243ms returns 0
T6E4C 000:663.546 JLINK_CORESIGHT_WriteAPDPReg(AP reg 0x00, 0x80000002)
T6E4C 000:663.824 - 0.277ms returns 0
T6E4C 000:663.837 JLINK_CORESIGHT_WriteAPDPReg(AP reg 0x01, 0x80011130)
T6E4C 000:664.027 - 0.190ms returns 0
T6E4C 000:664.039 JLINK_CORESIGHT_ReadAPDPReg(AP reg 0x03)
T6E4C 000:664.401   Value=0x4F0B0081
T6E4C 000:664.421 - 0.381ms returns 0
T6E4C 000:664.433 JLINK_CORESIGHT_WriteAPDPReg(AP reg 0x00, 0x80000002)
T6E4C 000:664.669 - 0.235ms returns 0
T6E4C 000:664.685 JLINK_CORESIGHT_WriteAPDPReg(AP reg 0x01, 0x80011140)
T6E4C 000:664.927 - 0.242ms returns 0
T6E4C 000:664.941 JLINK_CORESIGHT_ReadAPDPReg(AP reg 0x03)
T6E4C 000:665.262   Value=0x00000000
T6E4C 000:665.276 - 0.335ms returns 0
T6E4C 000:665.287 JLINK_CORESIGHT_WriteAPDPReg(AP reg 0x00, 0x80000002)
T6E4C 000:665.472 - 0.184ms returns 0
T6E4C 000:665.483 JLINK_CORESIGHT_WriteAPDPReg(AP reg 0x01, 0x80011130)
T6E4C 000:665.687 - 0.204ms returns 0
T6E4C 000:665.698 JLINK_CORESIGHT_ReadAPDPReg(AP reg 0x03)
T6E4C 000:665.930   Value=0x00040000
T6E4C 000:665.945 - 0.247ms returns 0
T6E4C 000:665.956 JLINK_CORESIGHT_WriteAPDPReg(AP reg 0x00, 0x80000002)
T6E4C 000:666.138 - 0.182ms returns 0
T6E4C 000:666.150 JLINK_CORESIGHT_WriteAPDPReg(AP reg 0x01, 0x80011140)
T6E4C 000:666.334 - 0.185ms returns 0
T6E4C 000:666.345 JLINK_CORESIGHT_ReadAPDPReg(AP reg 0x03)
T6E4C 000:666.577   Value=0x00000000
T6E4C 000:666.602 - 0.256ms returns 0
T6E4C 000:666.613 JLINK_CORESIGHT_WriteAPDPReg(AP reg 0x00, 0x80000002)
T6E4C 000:666.826 - 0.212ms returns 0
T6E4C 000:666.841 JLINK_CORESIGHT_WriteAPDPReg(AP reg 0x01, 0x80011130)
T6E4C 000:667.038 - 0.196ms returns 0
T6E4C 000:667.051 JLINK_CORESIGHT_ReadAPDPReg(AP reg 0x03)
T6E4C 000:667.284   Value=0x00000000
T6E4C 000:667.299 - 0.248ms returns 0
T6E4C 000:667.310 JLINK_CORESIGHT_WriteAPDPReg(AP reg 0x00, 0x80000002)
T6E4C 000:667.493 - 0.183ms returns 0
T6E4C 000:667.504 JLINK_CORESIGHT_WriteAPDPReg(AP reg 0x01, 0x80011140)
T6E4C 000:667.689 - 0.184ms returns 0
T6E4C 000:667.700 JLINK_CORESIGHT_ReadAPDPReg(AP reg 0x03)
T6E4C 000:667.931   Value=0x00000000
T6E4C 000:667.945 - 0.245ms returns 0
T6E4C 000:667.956 JLINK_CORESIGHT_WriteAPDPReg(AP reg 0x00, 0x80000002)
T6E4C 000:668.141 - 0.184ms returns 0
T6E4C 000:668.152 JLINK_CORESIGHT_WriteAPDPReg(AP reg 0x01, 0x80011130)
T6E4C 000:668.344 - 0.192ms returns 0
T6E4C 000:668.355 JLINK_CORESIGHT_ReadAPDPReg(AP reg 0x03)
T6E4C 000:668.655   Value=0x03A20000
T6E4C 000:668.669 - 0.314ms returns 0
T6E4C 000:668.732 JLINK_CORESIGHT_ReadAPDPReg(DP reg 0x01)
T6E4C 000:668.991   Value=0xF0000F40
T6E4C 000:669.007 - 0.274ms returns 0
T6E4C 000:669.018 JLINK_CORESIGHT_WriteAPDPReg(DP reg 0x01, 0xA0000F40)
T6E4C 000:669.203 - 0.185ms returns 0
T6E4C 000:669.214 JLINK_CORESIGHT_ReadAPDPReg(DP reg 0x01)
T6E4C 000:669.404   Value=0x00000F40
T6E4C 000:669.419 - 0.205ms returns 0
T6E4C 000:669.431 JLINK_ClrRESET()
T6E4C 000:669.584 - 0.153ms 
T6E4C 000:776.093 JLINK_Close()
T6E4C 000:785.557 - 9.463ms
T6E4C 000:785.578   
T6E4C 000:785.588   Closed
