Extracting support files...
20:01:09 **** 项目vision_CPU1配置Debug的增量构建 ****
make -r --output-sync -j20 all 
Building file: ../src/Uart9_thread_entry.c
Building target: vision_CPU1.elf
llvm-size --format=berkeley "vision_CPU1.elf"
   text	   data	    bss	    dec	    hex	filename
  33370	    112	  44940	  78422	  13256	vision_CPU1.elf
llvm-objcopy "vision_CPU1.elf" -O srec  "vision_CPU1.srec"
Extracting support files...
20:01:15 **** 项目vision_CPU0配置Debug的增量构建 ****
make -r --output-sync -j20 all 
llvm-size --format=berkeley "vision_CPU0.elf"
   text	   data	    bss	    dec	    hex	filename
  16942	      0	  19604	  36546	   8ec2	vision_CPU0.elf
Extracting support files...
20:01:16 **** 项目vision_CPU1配置Debug的增量构建 ****
make -r --output-sync -j20 all 
llvm-size --format=berkeley "vision_CPU1.elf"
   text	   data	    bss	    dec	    hex	filename
  33370	    112	  44940	  78422	  13256	vision_CPU1.elf
